23:58:19 **** Incremental Build of configuration Debug for project usbd_rom_hid_generic ****
make -r -j8 all 
Building file: ../example/src/hid_main.c
Invoking: MCU C Compiler
arm-none-eabi-gcc -DDEBUG -D__CODE_RED -D__USE_LPCOPEN -D__REDLIB__ -DCORE_M3 -I"D:\NXP\BP\LPC1549_USB_HID\lpc_chip_15xx\inc" -I"D:\NXP\BP\LPC1549_USB_HID\lpc_board_nxp_lpcxpresso_1549\inc" -I"D:\NXP\BP\LPC1549_USB_HID\usbd_rom_hid_generic\example\inc" -I"D:\NXP\BP\LPC1549_USB_HID\lpc_chip_15xx\inc\usbd" -O0 -g3 -gdwarf-4 -Wall -c -fmessage-length=0 -fno-builtin -ffunction-sections -fdata-sections -fmerge-constants -fmacro-prefix-map="../example/src/"= -mcpu=cortex-m3 -mthumb -fstack-usage -specs=redlib.specs -MMD -MP -MF"example/src/hid_main.d" -MT"example/src/hid_main.o" -MT"example/src/hid_main.d" -o "example/src/hid_main.o" "../example/src/hid_main.c"
../example/src/hid_main.c: In function 'main':
../example/src/hid_main.c:189:13: warning: unused variable 'sekvencer' [-Wunused-variable]
  189 |     uint8_t sekvencer = 0;
      |             ^~~~~~~~~
Finished building: ../example/src/hid_main.c
 
Building target: usbd_rom_hid_generic.axf
Invoking: MCU Linker
arm-none-eabi-gcc -nostdlib -L"D:\NXP\BP\LPC1549_USB_HID\lpc_chip_15xx\Debug" -L"D:\NXP\BP\LPC1549_USB_HID\lpc_board_nxp_lpcxpresso_1549\Debug" -Xlinker -Map="usbd_rom_hid_generic.map" -Xlinker --gc-sections -mcpu=cortex-m3 -mthumb -T usbd_rom_hid_generic_Debug.ld -o "usbd_rom_hid_generic.axf" ./example/src/cr_startup_lpc15xx.o ./example/src/hid_desc.o ./example/src/hid_generic.o ./example/src/hid_main.o ./example/src/sysinit.o    -llpc_board_nxp_lpcxpresso_1549 -llpc_chip_15xx
Finished building target: usbd_rom_hid_generic.axf
 
Performing post-build steps
arm-none-eabi-size "usbd_rom_hid_generic.axf"; # arm-none-eabi-objcopy -v -O binary "usbd_rom_hid_generic.axf" "usbd_rom_hid_generic.bin" ; # checksum -p LPC1549 -d "usbd_rom_hid_generic.bin";
   text	   data	    bss	    dec	    hex	filename
   7968	     44	    624	   8636	   21bc	usbd_rom_hid_generic.axf
 

23:58:20 Build Finished. 0 errors, 1 warnings. (took 1s.97ms)

