D:\NXP\BP\Data-logger_v01-02\LPC1549_USB_HID_ANALOG_final\lpc_chip_15xx\inc/core_cm3.h:1323:22:NVIC_EnableIRQ	16	static
D:\NXP\BP\Data-logger_v01-02\LPC1549_USB_HID_ANALOG_final\lpc_chip_15xx\inc/core_cm3.h:1405:22:NVIC_SetPriority	16	static
D:\NXP\BP\Data-logger_v01-02\LPC1549_USB_HID_ANALOG_final\lpc_chip_15xx\inc/adc_15xx.h:464:24:Chip_ADC_GetDataReg	16	static
../example/src/hid_main.c:32:6:USB_IRQHandler	8	static
../example/src/hid_main.c:38:27:find_IntfDesc	32	static
../example/src/hid_main.c:66:5:main	112	static
../example/src/hid_main.c:173:6:RIT_IRQHandler	4	static
