Archive member included to satisfy reference by file (symbol)

D:\NXP\BP\lpc_board_nxp_lpcxpresso_1549\Debug\liblpc_board_nxp_lpcxpresso_1549.a(board.o)
                              ./example/src/rtc.o (Board_LED_Toggle)
D:\NXP\BP\lpc_board_nxp_lpcxpresso_1549\Debug\liblpc_board_nxp_lpcxpresso_1549.a(board_sysinit.o)
                              ./example/src/sysinit.o (Board_SystemInit)
D:\NXP\BP\lpc_chip_15xx\Debug\liblpc_chip_15xx.a(chip_15xx.o)
                              ./example/src/rtc.o (SystemCoreClockUpdate)
D:\NXP\BP\lpc_chip_15xx\Debug\liblpc_chip_15xx.a(clock_15xx.o)
                              D:\NXP\BP\lpc_board_nxp_lpcxpresso_1549\Debug\liblpc_board_nxp_lpcxpresso_1549.a(board.o) (Chip_Clock_GetMainClockRate)
D:\NXP\BP\lpc_chip_15xx\Debug\liblpc_chip_15xx.a(gpio_15xx.o)
                              D:\NXP\BP\lpc_board_nxp_lpcxpresso_1549\Debug\liblpc_board_nxp_lpcxpresso_1549.a(board.o) (Chip_GPIO_Init)
D:\NXP\BP\lpc_chip_15xx\Debug\liblpc_chip_15xx.a(iocon_15xx.o)
                              D:\NXP\BP\lpc_board_nxp_lpcxpresso_1549\Debug\liblpc_board_nxp_lpcxpresso_1549.a(board_sysinit.o) (Chip_IOCON_SetPinMuxing)
D:\NXP\BP\lpc_chip_15xx\Debug\liblpc_chip_15xx.a(pmu_15xx.o)
                              ./example/src/rtc.o (Chip_PMU_DeepSleepState)
D:\NXP\BP\lpc_chip_15xx\Debug\liblpc_chip_15xx.a(swm_15xx.o)
                              D:\NXP\BP\lpc_board_nxp_lpcxpresso_1549\Debug\liblpc_board_nxp_lpcxpresso_1549.a(board.o) (Chip_SWM_MovablePinAssign)
D:\NXP\BP\lpc_chip_15xx\Debug\liblpc_chip_15xx.a(sysctl_15xx.o)
                              D:\NXP\BP\lpc_board_nxp_lpcxpresso_1549\Debug\liblpc_board_nxp_lpcxpresso_1549.a(board_sysinit.o) (Chip_SYSCTL_AssertPeriphReset)
D:\NXP\BP\lpc_chip_15xx\Debug\liblpc_chip_15xx.a(sysinit_15xx.o)
                              D:\NXP\BP\lpc_board_nxp_lpcxpresso_1549\Debug\liblpc_board_nxp_lpcxpresso_1549.a(board_sysinit.o) (Chip_SetupXtalClocking)
D:\NXP\BP\lpc_chip_15xx\Debug\liblpc_chip_15xx.a(uart_15xx.o)
                              D:\NXP\BP\lpc_board_nxp_lpcxpresso_1549\Debug\liblpc_board_nxp_lpcxpresso_1549.a(board.o) (Chip_UART_Init)
D:\NXP\BP\lpc_chip_15xx\Debug\liblpc_chip_15xx.a(ring_buffer.o)
                              D:\NXP\BP\lpc_chip_15xx\Debug\liblpc_chip_15xx.a(uart_15xx.o) (RingBuffer_Insert)
D:/NXP/MCUXpressoIDE_25.6.136/ide/plugins/com.nxp.mcuxpresso.tools.win32_25.6.0.202501151204/tools/bin/../lib/gcc/arm-none-eabi/14.2.1/../../../../arm-none-eabi/lib/thumb/v7-m/nofp\libcr_nohost.a(_cr__main.o)
                              ./example/src/cr_startup_lpc15xx.o (__main)
D:/NXP/MCUXpressoIDE_25.6.136/ide/plugins/com.nxp.mcuxpresso.tools.win32_25.6.0.202501151204/tools/bin/../lib/gcc/arm-none-eabi/14.2.1/../../../../arm-none-eabi/lib/thumb/v7-m/nofp\libcr_c.a(memcpy.o)
                              D:\NXP\BP\lpc_chip_15xx\Debug\liblpc_chip_15xx.a(ring_buffer.o) (memcpy)
D:/NXP/MCUXpressoIDE_25.6.136/ide/plugins/com.nxp.mcuxpresso.tools.win32_25.6.0.202501151204/tools/bin/../lib/gcc/arm-none-eabi/14.2.1/../../../../arm-none-eabi/lib/thumb/v7-m/nofp\libcr_c.a(fpprintf.o)
                              ./example/src/rtc.o (printf)
D:/NXP/MCUXpressoIDE_25.6.136/ide/plugins/com.nxp.mcuxpresso.tools.win32_25.6.0.202501151204/tools/bin/../lib/gcc/arm-none-eabi/14.2.1/../../../../arm-none-eabi/lib/thumb/v7-m/nofp\libcr_c.a(initio.o)
                              D:/NXP/MCUXpressoIDE_25.6.136/ide/plugins/com.nxp.mcuxpresso.tools.win32_25.6.0.202501151204/tools/bin/../lib/gcc/arm-none-eabi/14.2.1/../../../../arm-none-eabi/lib/thumb/v7-m/nofp\libcr_nohost.a(_cr__main.o) (_initio)
D:/NXP/MCUXpressoIDE_25.6.136/ide/plugins/com.nxp.mcuxpresso.tools.win32_25.6.0.202501151204/tools/bin/../lib/gcc/arm-none-eabi/14.2.1/../../../../arm-none-eabi/lib/thumb/v7-m/nofp\libcr_c.a(printf.o)
                              D:/NXP/MCUXpressoIDE_25.6.136/ide/plugins/com.nxp.mcuxpresso.tools.win32_25.6.0.202501151204/tools/bin/../lib/gcc/arm-none-eabi/14.2.1/../../../../arm-none-eabi/lib/thumb/v7-m/nofp\libcr_c.a(fpprintf.o) (__vfprintf)
D:/NXP/MCUXpressoIDE_25.6.136/ide/plugins/com.nxp.mcuxpresso.tools.win32_25.6.0.202501151204/tools/bin/../lib/gcc/arm-none-eabi/14.2.1/../../../../arm-none-eabi/lib/thumb/v7-m/nofp\libcr_c.a(setvbuf.o)
                              D:/NXP/MCUXpressoIDE_25.6.136/ide/plugins/com.nxp.mcuxpresso.tools.win32_25.6.0.202501151204/tools/bin/../lib/gcc/arm-none-eabi/14.2.1/../../../../arm-none-eabi/lib/thumb/v7-m/nofp\libcr_c.a(initio.o) (setvbuf)
D:/NXP/MCUXpressoIDE_25.6.136/ide/plugins/com.nxp.mcuxpresso.tools.win32_25.6.0.202501151204/tools/bin/../lib/gcc/arm-none-eabi/14.2.1/../../../../arm-none-eabi/lib/thumb/v7-m/nofp\libcr_c.a(strlen.o)
                              D:/NXP/MCUXpressoIDE_25.6.136/ide/plugins/com.nxp.mcuxpresso.tools.win32_25.6.0.202501151204/tools/bin/../lib/gcc/arm-none-eabi/14.2.1/../../../../arm-none-eabi/lib/thumb/v7-m/nofp\libcr_c.a(printf.o) (strlen)
[...]
Memory Configuration

Name             Origin             Length             Attributes
MFlash256        0x00000000         0x00040000         xr
Ram0_16          0x02000000         0x00004000         xrw
Ram1_16          0x02004000         0x00004000         xrw
Ram2_4           0x02008000         0x00001000         xrw
*default*        0x00000000         0xffffffff

Linker script and memory map

LOAD ./example/src/cr_startup_lpc15xx.o
LOAD ./example/src/rtc.o
LOAD ./example/src/sysinit.o
LOAD D:\NXP\BP\lpc_board_nxp_lpcxpresso_1549\Debug\liblpc_board_nxp_lpcxpresso_1549.a
LOAD D:\NXP\BP\lpc_chip_15xx\Debug\liblpc_chip_15xx.a
START GROUP
LOAD D:/NXP/MCUXpressoIDE_25.6.136/ide/plugins/com.nxp.mcuxpresso.tools.win32_25.6.0.202501151204/tools/bin/../lib/gcc/arm-none-eabi/14.2.1/../../../../arm-none-eabi/lib/thumb/v7-m/nofp\libcr_nohost.a
LOAD D:/NXP/MCUXpressoIDE_25.6.136/ide/plugins/com.nxp.mcuxpresso.tools.win32_25.6.0.202501151204/tools/bin/../lib/gcc/arm-none-eabi/14.2.1/../../../../arm-none-eabi/lib/thumb/v7-m/nofp\libcr_c.a
LOAD D:/NXP/MCUXpressoIDE_25.6.136/ide/plugins/com.nxp.mcuxpresso.tools.win32_25.6.0.202501151204/tools/bin/../lib/gcc/arm-none-eabi/14.2.1/thumb/v7-m/nofp\libcr_eabihelpers.a
LOAD D:/NXP/MCUXpressoIDE_25.6.136/ide/plugins/com.nxp.mcuxpresso.tools.win32_25.6.0.202501151204/tools/bin/../lib/gcc/arm-none-eabi/14.2.1/thumb/v7-m/nofp\libgcc.a
END GROUP
                0x00000000                        __base_MFlash256 = 0x0
                0x00000000                        __base_Flash = 0x0
                0x00040000                        __top_MFlash256 = 0x40000
                0x00040000                        __top_Flash = 0x40000
                0x02000000                        __base_Ram0_16 = 0x2000000
                0x02000000                        __base_RAM = 0x2000000
                0x02004000                        __top_Ram0_16 = 0x2004000
                0x02004000                        __top_RAM = 0x2004000
                0x02004000                        __base_Ram1_16 = 0x2004000
                0x02004000                        __base_RAM2 = 0x2004000
                0x02008000                        __top_Ram1_16 = 0x2008000
                0x02008000                        __top_RAM2 = 0x2008000
                0x02008000                        __base_Ram2_4 = 0x2008000
                0x02008000                        __base_RAM3 = 0x2008000
                0x02009000                        __top_Ram2_4 = 0x2009000
                0x02009000                        __top_RAM3 = 0x2009000

.text           0x00000000     0x3d40
 FILL mask 0xff
                0x00000000                        __vectors_start__ = ABSOLUTE (.)
 *(.isr_vector)
 .isr_vector    0x00000000       0xfc ./example/src/cr_startup_lpc15xx.o
                0x00000000                g_pfnVectors
                0x000000fc                        . = ALIGN (0x4)
                0x000000fc                        __section_table_start = .
                0x000000fc                        __data_section_table = .
                0x000000fc        0x4 LONG 0x3d40 LOADADDR (.data)
                0x00000100        0x4 LONG 0x2000000 ADDR (.data)
                0x00000104        0x4 LONG 0x0 SIZEOF (.data)
                0x00000108        0x4 LONG 0x3d40 LOADADDR (.data_RAM2)
                0x0000010c        0x4 LONG 0x2004000 ADDR (.data_RAM2)
                0x00000110        0x4 LONG 0x0 SIZEOF (.data_RAM2)
                0x00000114        0x4 LONG 0x3d40 LOADADDR (.data_RAM3)
                0x00000118        0x4 LONG 0x2008000 ADDR (.data_RAM3)
                0x0000011c        0x4 LONG 0x0 SIZEOF (.data_RAM3)
                0x00000120                        __data_section_table_end = .
                0x00000120                        __bss_section_table = .
                0x00000120        0x4 LONG 0x2000000 ADDR (.bss)
                0x00000124        0x4 LONG 0x1f4 SIZEOF (.bss)
                0x00000128        0x4 LONG 0x2004000 ADDR (.bss_RAM2)
                0x0000012c        0x4 LONG 0x0 SIZEOF (.bss_RAM2)
                0x00000130        0x4 LONG 0x2008000 ADDR (.bss_RAM3)
                0x00000134        0x4 LONG 0x0 SIZEOF (.bss_RAM3)
                0x00000138                        __bss_section_table_end = .
                0x00000138                        __section_table_end = .
 *(.after_vectors*)
 .after_vectors
                0x00000138      0x154 ./example/src/cr_startup_lpc15xx.o
                0x00000138                data_init
                0x0000017c                bss_init
                0x000001b4                ResetISR
                0x0000023c                NMI_Handler
                0x00000244                HardFault_Handler
                0x0000024c                MemManage_Handler
                0x00000254                BusFault_Handler
                0x0000025c                UsageFault_Handler
                0x00000264                SVC_Handler
                0x0000026c                DebugMon_Handler
                0x00000274                PendSV_Handler
                0x0000027c                SysTick_Handler
                0x00000284                UART0_IRQHandler
                0x00000284                RIT_IRQHandler
                0x00000284                UART1_IRQHandler
                0x00000284                MRT_IRQHandler
                0x00000284                SPI1_IRQHandler
                0x00000284                PIN_INT6_IRQHandler
                0x00000284                IntDefaultHandler
                0x00000284                PIN_INT4_IRQHandler
                0x00000284                CAN_IRQHandler
                0x00000284                ADC1_THCMP_IRQHandler
                0x00000284                ADC1_OVR_IRQHandler
                0x00000284                USBWakeup_IRQHandler
                0x00000284                SCT2_IRQHandler
                0x00000284                UART2_IRQHandler
                0x00000284                PIN_INT5_IRQHandler
                0x00000284                SCT1_IRQHandler
                0x00000284                PIN_INT2_IRQHandler
                0x00000284                USB_FIQHandler
                0x00000284                SCT3_IRQHandler
                0x00000284                PIN_INT7_IRQHandler
                0x00000284                PIN_INT1_IRQHandler
                0x00000284                USB_IRQHandler
                0x00000284                BOD_IRQHandler
                0x00000284                ADC0B_IRQHandler
                0x00000284                ACMP0_IRQHandler
                0x00000284                ADC0_OVR_IRQHandler
                0x00000284                WDT_IRQHandler
                0x00000284                ADC1B_IRQHandler
                0x00000284                PIN_INT0_IRQHandler
                0x00000284                QEI_IRQHandler
                0x00000284                ACMP3_IRQHandler
                0x00000284                GINT0_IRQHandler
                0x00000284                DAC_IRQHandler
                0x00000284                SPI0_IRQHandler
                0x00000284                EEPROM_IRQHandler
                0x00000284                ACMP2_IRQHandler
                0x00000284                I2C0_IRQHandler
                0x00000284                ADC1A_IRQHandler
                0x00000284                DMA_IRQHandler
                0x00000284                PIN_INT3_IRQHandler
                0x00000284                ACMP1_IRQHandler
                0x00000284                SCT0_IRQHandler
                0x00000284                ADC0A_IRQHandler
                0x00000284                FMC_IRQHandler
                0x00000284                GINT1_IRQHandler
                0x00000284                ADC0_THCMP_IRQHandler
 *(.text*)
 .text.NVIC_EnableIRQ
                0x0000028c       0x30 ./example/src/rtc.o
 .text.Chip_SYSCTL_EnableERP1PeriphWakeup
                0x000002bc       0x28 ./example/src/rtc.o
 .text.Chip_Clock_EnableRTCOsc
                0x000002e4       0x18 ./example/src/rtc.o
 .text.Chip_RTC_Init
                0x000002fc       0x16 ./example/src/rtc.o
 .text.Chip_RTC_EnableOptions
                0x00000312       0x20 ./example/src/rtc.o
 .text.Chip_RTC_DisableOptions
                0x00000332       0x22 ./example/src/rtc.o
 .text.Chip_RTC_Reset
                0x00000354       0x20 ./example/src/rtc.o
 .text.Chip_RTC_Enable
                0x00000374       0x18 ./example/src/rtc.o
 .text.Chip_RTC_Disable
                0x0000038c       0x18 ./example/src/rtc.o
 .text.Chip_RTC_Enable1KHZ
                0x000003a4       0x18 ./example/src/rtc.o
 .text.Chip_RTC_EnableWakeup
                0x000003bc       0x1a ./example/src/rtc.o
 .text.Chip_RTC_ClearStatus
                0x000003d6       0x18 ./example/src/rtc.o
 .text.Chip_RTC_GetStatus
                0x000003ee       0x16 ./example/src/rtc.o
 .text.Chip_RTC_SetAlarm
                0x00000404       0x1a ./example/src/rtc.o
 .text.Chip_RTC_SetCount
                0x0000041e       0x1a ./example/src/rtc.o
 .text.Chip_RTC_GetCount
                0x00000438       0x16 ./example/src/rtc.o
 .text.Chip_RTC_SetWake
                0x0000044e       0x1c ./example/src/rtc.o
 *fill*         0x0000046a        0x2 ff
 .text.RTC_ALARM_IRQHandler
                0x0000046c       0x44 ./example/src/rtc.o
                0x0000046c                RTC_ALARM_IRQHandler
 .text.RTC_WAKE_IRQHandler
                0x000004b0       0x44 ./example/src/rtc.o
                0x000004b0                RTC_WAKE_IRQHandler
 .text.main     0x000004f4      0x128 ./example/src/rtc.o
                0x000004f4                main
 .text.SystemInit
                0x0000061c        0xc ./example/src/sysinit.o
                0x0000061c                SystemInit
 .text.Chip_IOCON_PinMuxSet
                0x00000628       0x2c D:\NXP\BP\lpc_board_nxp_lpcxpresso_1549\Debug\liblpc_board_nxp_lpcxpresso_1549.a(board.o)
 .text.Chip_SWM_MovablePortPinAssign
                0x00000654       0x30 D:\NXP\BP\lpc_board_nxp_lpcxpresso_1549\Debug\liblpc_board_nxp_lpcxpresso_1549.a(board.o)
 .text.Chip_GPIO_SetPinState
                0x00000684       0x36 D:\NXP\BP\lpc_board_nxp_lpcxpresso_1549\Debug\liblpc_board_nxp_lpcxpresso_1549.a(board.o)
 .text.Chip_GPIO_SetPinDIROutput
                0x000006ba       0x3c D:\NXP\BP\lpc_board_nxp_lpcxpresso_1549\Debug\liblpc_board_nxp_lpcxpresso_1549.a(board.o)
 .text.Chip_GPIO_SetPinToggle
                0x000006f6       0x30 D:\NXP\BP\lpc_board_nxp_lpcxpresso_1549\Debug\liblpc_board_nxp_lpcxpresso_1549.a(board.o)
 .text.Chip_UART_Enable
                0x00000726       0x1e D:\NXP\BP\lpc_board_nxp_lpcxpresso_1549\Debug\liblpc_board_nxp_lpcxpresso_1549.a(board.o)
 .text.Chip_UART_TXEnable
                0x00000744       0x1e D:\NXP\BP\lpc_board_nxp_lpcxpresso_1549\Debug\liblpc_board_nxp_lpcxpresso_1549.a(board.o)
 .text.Chip_UART_ConfigData
                0x00000762       0x28 D:\NXP\BP\lpc_board_nxp_lpcxpresso_1549\Debug\liblpc_board_nxp_lpcxpresso_1549.a(board.o)
 .text.__sys_write
                0x0000078a       0x38 D:\NXP\BP\lpc_board_nxp_lpcxpresso_1549\Debug\liblpc_board_nxp_lpcxpresso_1549.a(board.o)
                0x0000078a                __sys_write
 *fill*         0x000007c2        0x2 ff
 .text.Board_UARTPutChar
                0x000007c4       0x24 D:\NXP\BP\lpc_board_nxp_lpcxpresso_1549\Debug\liblpc_board_nxp_lpcxpresso_1549.a(board.o)
                0x000007c4                Board_UARTPutChar
 .text.Board_Debug_Init
                0x000007e8       0x70 D:\NXP\BP\lpc_board_nxp_lpcxpresso_1549\Debug\liblpc_board_nxp_lpcxpresso_1549.a(board.o)
                0x000007e8                Board_Debug_Init
 .text.Board_LED_Init
                0x00000858       0x60 D:\NXP\BP\lpc_board_nxp_lpcxpresso_1549\Debug\liblpc_board_nxp_lpcxpresso_1549.a(board.o)
 .text.Board_LED_Toggle
                0x000008b8       0x30 D:\NXP\BP\lpc_board_nxp_lpcxpresso_1549\Debug\liblpc_board_nxp_lpcxpresso_1549.a(board.o)
                0x000008b8                Board_LED_Toggle
 .text.Board_Init
                0x000008e8       0x18 D:\NXP\BP\lpc_board_nxp_lpcxpresso_1549\Debug\liblpc_board_nxp_lpcxpresso_1549.a(board.o)
                0x000008e8                Board_Init
 .text.Chip_SYSCTL_PeriphReset
                0x00000900       0x22 D:\NXP\BP\lpc_board_nxp_lpcxpresso_1549\Debug\liblpc_board_nxp_lpcxpresso_1549.a(board_sysinit.o)
 *fill*         0x00000922        0x2 ff
 .text.Chip_Clock_SetUSBPLLSource
                0x00000924       0x20 D:\NXP\BP\lpc_board_nxp_lpcxpresso_1549\Debug\liblpc_board_nxp_lpcxpresso_1549.a(board_sysinit.o)
 .text.Chip_Clock_SetupUSBPLL
                0x00000944       0x34 D:\NXP\BP\lpc_board_nxp_lpcxpresso_1549\Debug\liblpc_board_nxp_lpcxpresso_1549.a(board_sysinit.o)
 .text.Chip_Clock_IsUSBPLLLocked
                0x00000978       0x24 D:\NXP\BP\lpc_board_nxp_lpcxpresso_1549\Debug\liblpc_board_nxp_lpcxpresso_1549.a(board_sysinit.o)
 .text.Chip_Clock_SetSysTickClockDiv
                0x0000099c       0x20 D:\NXP\BP\lpc_board_nxp_lpcxpresso_1549\Debug\liblpc_board_nxp_lpcxpresso_1549.a(board_sysinit.o)
 .text.Chip_SWM_MovablePortPinAssign
                0x000009bc       0x30 D:\NXP\BP\lpc_board_nxp_lpcxpresso_1549\Debug\liblpc_board_nxp_lpcxpresso_1549.a(board_sysinit.o)
 .text.Board_SetupMuxing
                0x000009ec       0x84 D:\NXP\BP\lpc_board_nxp_lpcxpresso_1549\Debug\liblpc_board_nxp_lpcxpresso_1549.a(board_sysinit.o)
                0x000009ec                Board_SetupMuxing
 .text.Board_SetupClocking
                0x00000a70       0x3a D:\NXP\BP\lpc_board_nxp_lpcxpresso_1549\Debug\liblpc_board_nxp_lpcxpresso_1549.a(board_sysinit.o)
                0x00000a70                Board_SetupClocking
 *fill*         0x00000aaa        0x2 ff
 .text.Board_SystemInit
                0x00000aac       0x1c D:\NXP\BP\lpc_board_nxp_lpcxpresso_1549\Debug\liblpc_board_nxp_lpcxpresso_1549.a(board_sysinit.o)
                0x00000aac                Board_SystemInit
 .text.SystemCoreClockUpdate
                0x00000ac8       0x18 D:\NXP\BP\lpc_chip_15xx\Debug\liblpc_chip_15xx.a(chip_15xx.o)
                0x00000ac8                SystemCoreClockUpdate
 .text.Chip_Clock_SetMain_A_ClockSource
                0x00000ae0       0x20 D:\NXP\BP\lpc_chip_15xx\Debug\liblpc_chip_15xx.a(clock_15xx.o)
 .text.Chip_Clock_GetMain_A_ClockSource
                0x00000b00       0x18 D:\NXP\BP\lpc_chip_15xx\Debug\liblpc_chip_15xx.a(clock_15xx.o)
 .text.Chip_Clock_SetMain_B_ClockSource
                0x00000b18       0x20 D:\NXP\BP\lpc_chip_15xx\Debug\liblpc_chip_15xx.a(clock_15xx.o)
 .text.Chip_Clock_GetMain_B_ClockSource
                0x00000b38       0x18 D:\NXP\BP\lpc_chip_15xx\Debug\liblpc_chip_15xx.a(clock_15xx.o)
 .text.Chip_Clock_SetUARTFRGDivider
                0x00000b50       0x20 D:\NXP\BP\lpc_chip_15xx\Debug\liblpc_chip_15xx.a(clock_15xx.o)
 .text.Chip_Clock_GetUARTFRGDivider
                0x00000b70       0x18 D:\NXP\BP\lpc_chip_15xx\Debug\liblpc_chip_15xx.a(clock_15xx.o)
 .text.Chip_Clock_GetMainOscRate
                0x00000b88       0x14 D:\NXP\BP\lpc_chip_15xx\Debug\liblpc_chip_15xx.a(clock_15xx.o)
 .text.Chip_Clock_GetIntOscRate
                0x00000b9c       0x14 D:\NXP\BP\lpc_chip_15xx\Debug\liblpc_chip_15xx.a(clock_15xx.o)
 .text.Chip_Clock_GetRTCOscRate
                0x00000bb0       0x14 D:\NXP\BP\lpc_chip_15xx\Debug\liblpc_chip_15xx.a(clock_15xx.o)
 .text.Chip_Clock_GetWDTOSCRate
                0x00000bc4       0x14 D:\NXP\BP\lpc_chip_15xx\Debug\liblpc_chip_15xx.a(clock_15xx.o)
 .text.Chip_Clock_GetPLLFreq
                0x00000bd8       0x26 D:\NXP\BP\lpc_chip_15xx\Debug\liblpc_chip_15xx.a(clock_15xx.o)
 .text.Chip_Clock_GetPLLInClockRate
                0x00000bfe       0x38 D:\NXP\BP\lpc_chip_15xx\Debug\liblpc_chip_15xx.a(clock_15xx.o)
 *fill*         0x00000c36        0x2 ff
 .text.Chip_Clock_GetSystemPLLInClockRate
                0x00000c38       0x1c D:\NXP\BP\lpc_chip_15xx\Debug\liblpc_chip_15xx.a(clock_15xx.o)
                0x00000c38                Chip_Clock_GetSystemPLLInClockRate
 .text.Chip_Clock_GetSystemPLLOutClockRate
                0x00000c54       0x24 D:\NXP\BP\lpc_chip_15xx\Debug\liblpc_chip_15xx.a(clock_15xx.o)
                0x00000c54                Chip_Clock_GetSystemPLLOutClockRate
 .text.Chip_Clock_GetMain_A_ClockRate
                0x00000c78       0x4a D:\NXP\BP\lpc_chip_15xx\Debug\liblpc_chip_15xx.a(clock_15xx.o)
                0x00000c78                Chip_Clock_GetMain_A_ClockRate
 *fill*         0x00000cc2        0x2 ff
 .text.Chip_Clock_GetMain_B_ClockRate
                0x00000cc4       0x58 D:\NXP\BP\lpc_chip_15xx\Debug\liblpc_chip_15xx.a(clock_15xx.o)
                0x00000cc4                Chip_Clock_GetMain_B_ClockRate
 .text.Chip_Clock_SetMainClockSource
                0x00000d1c       0x3c D:\NXP\BP\lpc_chip_15xx\Debug\liblpc_chip_15xx.a(clock_15xx.o)
                0x00000d1c                Chip_Clock_SetMainClockSource
 .text.Chip_Clock_GetMainClockRate
                0x00000d58       0x28 D:\NXP\BP\lpc_chip_15xx\Debug\liblpc_chip_15xx.a(clock_15xx.o)
                0x00000d58                Chip_Clock_GetMainClockRate
 .text.Chip_Clock_EnablePeriphClock
                0x00000d80       0x58 D:\NXP\BP\lpc_chip_15xx\Debug\liblpc_chip_15xx.a(clock_15xx.o)
                0x00000d80                Chip_Clock_EnablePeriphClock
 .text.Chip_Clock_GetUARTBaseClockRate
                0x00000dd8       0x94 D:\NXP\BP\lpc_chip_15xx\Debug\liblpc_chip_15xx.a(clock_15xx.o)
                0x00000dd8                Chip_Clock_GetUARTBaseClockRate
 .text.Chip_Clock_SetUARTBaseClockRate
                0x00000e6c       0xac D:\NXP\BP\lpc_chip_15xx\Debug\liblpc_chip_15xx.a(clock_15xx.o)
                0x00000e6c                Chip_Clock_SetUARTBaseClockRate
 .text.Chip_Clock_GetSystemClockRate
                0x00000f18       0x1c D:\NXP\BP\lpc_chip_15xx\Debug\liblpc_chip_15xx.a(clock_15xx.o)
                0x00000f18                Chip_Clock_GetSystemClockRate
 .text.Chip_SYSCTL_PeriphReset
                0x00000f34       0x22 D:\NXP\BP\lpc_chip_15xx\Debug\liblpc_chip_15xx.a(gpio_15xx.o)
 .text.Chip_GPIO_Init
                0x00000f56       0x2e D:\NXP\BP\lpc_chip_15xx\Debug\liblpc_chip_15xx.a(gpio_15xx.o)
                0x00000f56                Chip_GPIO_Init
 .text.Chip_IOCON_PinMuxSet
                0x00000f84       0x2c D:\NXP\BP\lpc_chip_15xx\Debug\liblpc_chip_15xx.a(iocon_15xx.o)
 .text.Chip_IOCON_SetPinMuxing
                0x00000fb0       0x50 D:\NXP\BP\lpc_chip_15xx\Debug\liblpc_chip_15xx.a(iocon_15xx.o)
                0x00000fb0                Chip_IOCON_SetPinMuxing
 .text.Chip_PMU_ClearSleepFlags
                0x00001000       0x24 D:\NXP\BP\lpc_chip_15xx\Debug\liblpc_chip_15xx.a(pmu_15xx.o)
 .text.Chip_PMU_DeepSleepState
                0x00001024       0x34 D:\NXP\BP\lpc_chip_15xx\Debug\liblpc_chip_15xx.a(pmu_15xx.o)
                0x00001024                Chip_PMU_DeepSleepState
 .text.Chip_SWM_MovablePinAssign
                0x00001058       0x5c D:\NXP\BP\lpc_chip_15xx\Debug\liblpc_chip_15xx.a(swm_15xx.o)
                0x00001058                Chip_SWM_MovablePinAssign
 .text.Chip_SYSCTL_AssertPeriphReset
                0x000010b4       0x4c D:\NXP\BP\lpc_chip_15xx\Debug\liblpc_chip_15xx.a(sysctl_15xx.o)
                0x000010b4                Chip_SYSCTL_AssertPeriphReset
 .text.Chip_SYSCTL_DeassertPeriphReset
                0x00001100       0x50 D:\NXP\BP\lpc_chip_15xx\Debug\liblpc_chip_15xx.a(sysctl_15xx.o)
                0x00001100                Chip_SYSCTL_DeassertPeriphReset
 .text.Chip_SYSCTL_SetWakeup
                0x00001150       0x28 D:\NXP\BP\lpc_chip_15xx\Debug\liblpc_chip_15xx.a(sysctl_15xx.o)
                0x00001150                Chip_SYSCTL_SetWakeup
 .text.Chip_SYSCTL_PowerDown
                0x00001178       0x40 D:\NXP\BP\lpc_chip_15xx\Debug\liblpc_chip_15xx.a(sysctl_15xx.o)
                0x00001178                Chip_SYSCTL_PowerDown
 .text.Chip_SYSCTL_PowerUp
                0x000011b8       0x40 D:\NXP\BP\lpc_chip_15xx\Debug\liblpc_chip_15xx.a(sysctl_15xx.o)
                0x000011b8                Chip_SYSCTL_PowerUp
 .text.Chip_FMC_SetFLASHAccess
                0x000011f8       0x38 D:\NXP\BP\lpc_chip_15xx\Debug\liblpc_chip_15xx.a(sysinit_15xx.o)
 .text.Chip_Clock_SetSystemPLLSource
                0x00001230       0x20 D:\NXP\BP\lpc_chip_15xx\Debug\liblpc_chip_15xx.a(sysinit_15xx.o)
 .text.Chip_Clock_SetupSystemPLL
                0x00001250       0x34 D:\NXP\BP\lpc_chip_15xx\Debug\liblpc_chip_15xx.a(sysinit_15xx.o)
 .text.Chip_Clock_IsSystemPLLLocked
                0x00001284       0x24 D:\NXP\BP\lpc_chip_15xx\Debug\liblpc_chip_15xx.a(sysinit_15xx.o)
 .text.Chip_Clock_SetSysClockDiv
                0x000012a8       0x20 D:\NXP\BP\lpc_chip_15xx\Debug\liblpc_chip_15xx.a(sysinit_15xx.o)
 .text.Chip_SetupXtalClocking
                0x000012c8       0x6c D:\NXP\BP\lpc_chip_15xx\Debug\liblpc_chip_15xx.a(sysinit_15xx.o)
                0x000012c8                Chip_SetupXtalClocking
 .text.Chip_SYSCTL_PeriphReset
                0x00001334       0x22 D:\NXP\BP\lpc_chip_15xx\Debug\liblpc_chip_15xx.a(uart_15xx.o)
 .text.Chip_UART_SendByte
                0x00001356       0x1c D:\NXP\BP\lpc_chip_15xx\Debug\liblpc_chip_15xx.a(uart_15xx.o)
 .text.Chip_UART_GetStatus
                0x00001372       0x16 D:\NXP\BP\lpc_chip_15xx\Debug\liblpc_chip_15xx.a(uart_15xx.o)
 .text.getUARTClockID
                0x00001388       0x34 D:\NXP\BP\lpc_chip_15xx\Debug\liblpc_chip_15xx.a(uart_15xx.o)
 .text.Chip_UART_Init
                0x000013bc       0x4c D:\NXP\BP\lpc_chip_15xx\Debug\liblpc_chip_15xx.a(uart_15xx.o)
                0x000013bc                Chip_UART_Init
 .text.Chip_UART_Send
                0x00001408       0x50 D:\NXP\BP\lpc_chip_15xx\Debug\liblpc_chip_15xx.a(uart_15xx.o)
                0x00001408                Chip_UART_Send
 .text.Chip_UART_SendBlocking
                0x00001458       0x4a D:\NXP\BP\lpc_chip_15xx\Debug\liblpc_chip_15xx.a(uart_15xx.o)
                0x00001458                Chip_UART_SendBlocking
 .text.Chip_UART_SetBaud
                0x000014a2       0x2a D:\NXP\BP\lpc_chip_15xx\Debug\liblpc_chip_15xx.a(uart_15xx.o)
                0x000014a2                Chip_UART_SetBaud
 .text.__main   0x000014cc        0xe D:/NXP/MCUXpressoIDE_25.6.136/ide/plugins/com.nxp.mcuxpresso.tools.win32_25.6.0.202501151204/tools/bin/../lib/gcc/arm-none-eabi/14.2.1/../../../../arm-none-eabi/lib/thumb/v7-m/nofp\libcr_nohost.a(_cr__main.o)
                0x000014cc                __main
 .text.fp_round
                0x000014da       0x4c D:/NXP/MCUXpressoIDE_25.6.136/ide/plugins/com.nxp.mcuxpresso.tools.win32_25.6.0.202501151204/tools/bin/../lib/gcc/arm-none-eabi/14.2.1/../../../../arm-none-eabi/lib/thumb/v7-m/nofp\libcr_c.a(fpprintf.o)
 .text.pr_dec.constprop.0
                0x00001526       0x24 D:/NXP/MCUXpressoIDE_25.6.136/ide/plugins/com.nxp.mcuxpresso.tools.win32_25.6.0.202501151204/tools/bin/../lib/gcc/arm-none-eabi/14.2.1/../../../../arm-none-eabi/lib/thumb/v7-m/nofp\libcr_c.a(fpprintf.o)
 *fill*         0x0000154a        0x2 ff
 .text.sprintf  0x0000154c       0x6c D:/NXP/MCUXpressoIDE_25.6.136/ide/plugins/com.nxp.mcuxpresso.tools.win32_25.6.0.202501151204/tools/bin/../lib/gcc/arm-none-eabi/14.2.1/../../../../arm-none-eabi/lib/thumb/v7-m/nofp\libcr_c.a(fpprintf.o)
                0x0000154c                sprintf
 .text.fp_display
                0x000015b8      0x98c D:/NXP/MCUXpressoIDE_25.6.136/ide/plugins/com.nxp.mcuxpresso.tools.win32_25.6.0.202501151204/tools/bin/../lib/gcc/arm-none-eabi/14.2.1/../../../../arm-none-eabi/lib/thumb/v7-m/nofp\libcr_c.a(fpprintf.o)
 .text.vsnprintf
                0x00001f44       0x68 D:/NXP/MCUXpressoIDE_25.6.136/ide/plugins/com.nxp.mcuxpresso.tools.win32_25.6.0.202501151204/tools/bin/../lib/gcc/arm-none-eabi/14.2.1/../../../../arm-none-eabi/lib/thumb/v7-m/nofp\libcr_c.a(fpprintf.o)
                0x00001f44                vsnprintf
 .text.printf   0x00001fac       0x54 D:/NXP/MCUXpressoIDE_25.6.136/ide/plugins/com.nxp.mcuxpresso.tools.win32_25.6.0.202501151204/tools/bin/../lib/gcc/arm-none-eabi/14.2.1/../../../../arm-none-eabi/lib/thumb/v7-m/nofp\libcr_c.a(fpprintf.o)
                0x00001fac                printf
 .text._initio  0x00002000       0x78 D:/NXP/MCUXpressoIDE_25.6.136/ide/plugins/com.nxp.mcuxpresso.tools.win32_25.6.0.202501151204/tools/bin/../lib/gcc/arm-none-eabi/14.2.1/../../../../arm-none-eabi/lib/thumb/v7-m/nofp\libcr_c.a(initio.o)
                0x00002000                _initio
 .text.__vfprintf
                0x00002078      0xb64 D:/NXP/MCUXpressoIDE_25.6.136/ide/plugins/com.nxp.mcuxpresso.tools.win32_25.6.0.202501151204/tools/bin/../lib/gcc/arm-none-eabi/14.2.1/../../../../arm-none-eabi/lib/thumb/v7-m/nofp\libcr_c.a(printf.o)
                0x00002078                __vfprintf
 .text.setvbuf  0x00002bdc       0x3e D:/NXP/MCUXpressoIDE_25.6.136/ide/plugins/com.nxp.mcuxpresso.tools.win32_25.6.0.202501151204/tools/bin/../lib/gcc/arm-none-eabi/14.2.1/../../../../arm-none-eabi/lib/thumb/v7-m/nofp\libcr_c.a(setvbuf.o)
                0x00002bdc                setvbuf
 .text.strlen   0x00002c1a       0x4e D:/NXP/MCUXpressoIDE_25.6.136/ide/plugins/com.nxp.mcuxpresso.tools.win32_25.6.0.202501151204/tools/bin/../lib/gcc/arm-none-eabi/14.2.1/../../../../arm-none-eabi/lib/thumb/v7-m/nofp\libcr_c.a(strlen.o)
                0x00002c1a                strlen
 .text.memset   0x00002c68        0x4 D:/NXP/MCUXpressoIDE_25.6.136/ide/plugins/com.nxp.mcuxpresso.tools.win32_25.6.0.202501151204/tools/bin/../lib/gcc/arm-none-eabi/14.2.1/../../../../arm-none-eabi/lib/thumb/v7-m/nofp\libcr_c.a(memset.o)
                0x00002c68                memset
 .text._deferredlazyseek
                0x00002c6c       0x40 D:/NXP/MCUXpressoIDE_25.6.136/ide/plugins/com.nxp.mcuxpresso.tools.win32_25.6.0.202501151204/tools/bin/../lib/gcc/arm-none-eabi/14.2.1/../../../../arm-none-eabi/lib/thumb/v7-m/nofp\libcr_c.a(_deferredlazyseek.o)
                0x00002c6c                _deferredlazyseek
 .text.__flsbuf
                0x00002cac      0x12a D:/NXP/MCUXpressoIDE_25.6.136/ide/plugins/com.nxp.mcuxpresso.tools.win32_25.6.0.202501151204/tools/bin/../lib/gcc/arm-none-eabi/14.2.1/../../../../arm-none-eabi/lib/thumb/v7-m/nofp\libcr_c.a(_deferredlazyseek.o)
                0x00002cac                __flsbuf
 .text._fdopen  0x00002dd6       0x68 D:/NXP/MCUXpressoIDE_25.6.136/ide/plugins/com.nxp.mcuxpresso.tools.win32_25.6.0.202501151204/tools/bin/../lib/gcc/arm-none-eabi/14.2.1/../../../../arm-none-eabi/lib/thumb/v7-m/nofp\libcr_c.a(_fdopen.o)
                0x00002dd6                _fdopen
 .text._fflush  0x00002e3e       0x52 D:/NXP/MCUXpressoIDE_25.6.136/ide/plugins/com.nxp.mcuxpresso.tools.win32_25.6.0.202501151204/tools/bin/../lib/gcc/arm-none-eabi/14.2.1/../../../../arm-none-eabi/lib/thumb/v7-m/nofp\libcr_c.a(_fflush.o)
                0x00002e3e                _fflush
 .text._frexpl  0x00002e90       0x5a D:/NXP/MCUXpressoIDE_25.6.136/ide/plugins/com.nxp.mcuxpresso.tools.win32_25.6.0.202501151204/tools/bin/../lib/gcc/arm-none-eabi/14.2.1/../../../../arm-none-eabi/lib/thumb/v7-m/nofp\libcr_c.a(_frexpl.o)
                0x00002e90                _frexpl
 *fill*         0x00002eea        0x2 ff
 .text._ldexpl  0x00002eec       0x48 D:/NXP/MCUXpressoIDE_25.6.136/ide/plugins/com.nxp.mcuxpresso.tools.win32_25.6.0.202501151204/tools/bin/../lib/gcc/arm-none-eabi/14.2.1/../../../../arm-none-eabi/lib/thumb/v7-m/nofp\libcr_c.a(_ldexpl.o)
                0x00002eec                _ldexpl
 .text._Cwritebuf
                0x00002f34       0x70 D:/NXP/MCUXpressoIDE_25.6.136/ide/plugins/com.nxp.mcuxpresso.tools.win32_25.6.0.202501151204/tools/bin/../lib/gcc/arm-none-eabi/14.2.1/../../../../arm-none-eabi/lib/thumb/v7-m/nofp\libcr_c.a(_writebuf.o)
                0x00002f34                _Cwritebuf
 .text.malloc   0x00002fa4       0xc8 D:/NXP/MCUXpressoIDE_25.6.136/ide/plugins/com.nxp.mcuxpresso.tools.win32_25.6.0.202501151204/tools/bin/../lib/gcc/arm-none-eabi/14.2.1/../../../../arm-none-eabi/lib/thumb/v7-m/nofp\libcr_c.a(alloc.o)
                0x00002fa4                malloc
 .text.free     0x0000306c       0x30 D:/NXP/MCUXpressoIDE_25.6.136/ide/plugins/com.nxp.mcuxpresso.tools.win32_25.6.0.202501151204/tools/bin/../lib/gcc/arm-none-eabi/14.2.1/../../../../arm-none-eabi/lib/thumb/v7-m/nofp\libcr_c.a(alloc.o)
                0x0000306c                free
 .text._Csys_alloc
                0x0000309c       0x20 D:/NXP/MCUXpressoIDE_25.6.136/ide/plugins/com.nxp.mcuxpresso.tools.win32_25.6.0.202501151204/tools/bin/../lib/gcc/arm-none-eabi/14.2.1/../../../../arm-none-eabi/lib/thumb/v7-m/nofp\libcr_c.a(alloc.o)
                0x0000309c                _Csys_alloc
 .text.fclose   0x000030bc       0x58 D:/NXP/MCUXpressoIDE_25.6.136/ide/plugins/com.nxp.mcuxpresso.tools.win32_25.6.0.202501151204/tools/bin/../lib/gcc/arm-none-eabi/14.2.1/../../../../arm-none-eabi/lib/thumb/v7-m/nofp\libcr_c.a(fclose.o)
                0x000030bc                fclose
 .text.fflush   0x00003114       0x3c D:/NXP/MCUXpressoIDE_25.6.136/ide/plugins/com.nxp.mcuxpresso.tools.win32_25.6.0.202501151204/tools/bin/../lib/gcc/arm-none-eabi/14.2.1/../../../../arm-none-eabi/lib/thumb/v7-m/nofp\libcr_c.a(fflush.o)
                0x00003114                fflush
 .text.fseek    0x00003150       0xf8 D:/NXP/MCUXpressoIDE_25.6.136/ide/plugins/com.nxp.mcuxpresso.tools.win32_25.6.0.202501151204/tools/bin/../lib/gcc/arm-none-eabi/14.2.1/../../../../arm-none-eabi/lib/thumb/v7-m/nofp\libcr_c.a(fseek.o)
                0x00003150                fseek
 .text.ftell    0x00003248       0x44 D:/NXP/MCUXpressoIDE_25.6.136/ide/plugins/com.nxp.mcuxpresso.tools.win32_25.6.0.202501151204/tools/bin/../lib/gcc/arm-none-eabi/14.2.1/../../../../arm-none-eabi/lib/thumb/v7-m/nofp\libcr_c.a(ftell.o)
                0x00003248                ftell
 .text.remove   0x0000328c       0x14 D:/NXP/MCUXpressoIDE_25.6.136/ide/plugins/com.nxp.mcuxpresso.tools.win32_25.6.0.202501151204/tools/bin/../lib/gcc/arm-none-eabi/14.2.1/../../../../arm-none-eabi/lib/thumb/v7-m/nofp\libcr_c.a(remove.o)
                0x0000328c                remove
 .text._sbrk    0x000032a0       0x3c D:/NXP/MCUXpressoIDE_25.6.136/ide/plugins/com.nxp.mcuxpresso.tools.win32_25.6.0.202501151204/tools/bin/../lib/gcc/arm-none-eabi/14.2.1/../../../../arm-none-eabi/lib/thumb/v7-m/nofp\libcr_c.a(_cr_sbrk.o)
                0x000032a0                _sbrk
 .text._do_fflush
                0x000032dc       0x40 D:/NXP/MCUXpressoIDE_25.6.136/ide/plugins/com.nxp.mcuxpresso.tools.win32_25.6.0.202501151204/tools/bin/../lib/gcc/arm-none-eabi/14.2.1/../../../../arm-none-eabi/lib/thumb/v7-m/nofp\libcr_c.a(_do_fflush.o)
                0x000032dc                _do_fflush
 .text.__check_heap_overflow
                0x0000331c       0x18 D:/NXP/MCUXpressoIDE_25.6.136/ide/plugins/com.nxp.mcuxpresso.tools.win32_25.6.0.202501151204/tools/bin/../lib/gcc/arm-none-eabi/14.2.1/../../../../arm-none-eabi/lib/thumb/v7-m/nofp\libcr_c.a(_cr_check_heap.o)
                0x0000331c                __check_heap_overflow
 .text.__aeabi_division_uldivmod
                0x00003334      0x174 D:/NXP/MCUXpressoIDE_25.6.136/ide/plugins/com.nxp.mcuxpresso.tools.win32_25.6.0.202501151204/tools/bin/../lib/gcc/arm-none-eabi/14.2.1/thumb/v7-m/nofp\libcr_eabihelpers.a(division_64.o)
                0x00003334                __aeabi_uldivmod
                0x00003338                __bhs_ldivmod1
 .text.__aeabi_division_idiv0
                0x000034a8        0x2 D:/NXP/MCUXpressoIDE_25.6.136/ide/plugins/com.nxp.mcuxpresso.tools.win32_25.6.0.202501151204/tools/bin/../lib/gcc/arm-none-eabi/14.2.1/thumb/v7-m/nofp\libcr_eabihelpers.a(division_idiv0.o)
                0x000034a8                __aeabi_idiv0
 *fill*         0x000034aa        0x2 ff
 .text.__aeabi_dmul
                0x000034ac       0xfc D:/NXP/MCUXpressoIDE_25.6.136/ide/plugins/com.nxp.mcuxpresso.tools.win32_25.6.0.202501151204/tools/bin/../lib/gcc/arm-none-eabi/14.2.1/thumb/v7-m/nofp\libcr_eabihelpers.a(double.o)
                0x000034ac                __aeabi_dmul
 .text.__aeabi_ddiv
                0x000035a8      0x134 D:/NXP/MCUXpressoIDE_25.6.136/ide/plugins/com.nxp.mcuxpresso.tools.win32_25.6.0.202501151204/tools/bin/../lib/gcc/arm-none-eabi/14.2.1/thumb/v7-m/nofp\libcr_eabihelpers.a(double.o)
                0x000035a8                __aeabi_ddiv
 .text.__aeabi_dsub
                0x000036dc      0x1b4 D:/NXP/MCUXpressoIDE_25.6.136/ide/plugins/com.nxp.mcuxpresso.tools.win32_25.6.0.202501151204/tools/bin/../lib/gcc/arm-none-eabi/14.2.1/thumb/v7-m/nofp\libcr_eabihelpers.a(double.o)
                0x000036dc                __aeabi_dsub
 .text.__aeabi_dadd
                0x00003890      0x128 D:/NXP/MCUXpressoIDE_25.6.136/ide/plugins/com.nxp.mcuxpresso.tools.win32_25.6.0.202501151204/tools/bin/../lib/gcc/arm-none-eabi/14.2.1/thumb/v7-m/nofp\libcr_eabihelpers.a(double.o)
                0x00003890                __aeabi_dadd
 .text.__aeabi_d2iz
                0x000039b8       0x42 D:/NXP/MCUXpressoIDE_25.6.136/ide/plugins/com.nxp.mcuxpresso.tools.win32_25.6.0.202501151204/tools/bin/../lib/gcc/arm-none-eabi/14.2.1/thumb/v7-m/nofp\libcr_eabihelpers.a(double.o)
                0x000039b8                __aeabi_d2iz
 .text.__bhs_ui2d
                0x000039fa       0x46 D:/NXP/MCUXpressoIDE_25.6.136/ide/plugins/com.nxp.mcuxpresso.tools.win32_25.6.0.202501151204/tools/bin/../lib/gcc/arm-none-eabi/14.2.1/thumb/v7-m/nofp\libcr_eabihelpers.a(double.o)
                0x000039fa                __bhs_ui2d
 .text.__aeabi_i2d
                0x00003a40       0x10 D:/NXP/MCUXpressoIDE_25.6.136/ide/plugins/com.nxp.mcuxpresso.tools.win32_25.6.0.202501151204/tools/bin/../lib/gcc/arm-none-eabi/14.2.1/thumb/v7-m/nofp\libcr_eabihelpers.a(double.o)
                0x00003a40                __aeabi_i2d
 .text.__aeabi_dcmpeq
                0x00003a50       0x30 D:/NXP/MCUXpressoIDE_25.6.136/ide/plugins/com.nxp.mcuxpresso.tools.win32_25.6.0.202501151204/tools/bin/../lib/gcc/arm-none-eabi/14.2.1/thumb/v7-m/nofp\libcr_eabihelpers.a(double.o)
                0x00003a50                __aeabi_dcmpeq
 .text.__aeabi_dcmplt
                0x00003a80       0x56 D:/NXP/MCUXpressoIDE_25.6.136/ide/plugins/com.nxp.mcuxpresso.tools.win32_25.6.0.202501151204/tools/bin/../lib/gcc/arm-none-eabi/14.2.1/thumb/v7-m/nofp\libcr_eabihelpers.a(double.o)
                0x00003a80                __aeabi_dcmplt
 .text.__aeabi_dcmple
                0x00003ad6       0x54 D:/NXP/MCUXpressoIDE_25.6.136/ide/plugins/com.nxp.mcuxpresso.tools.win32_25.6.0.202501151204/tools/bin/../lib/gcc/arm-none-eabi/14.2.1/thumb/v7-m/nofp\libcr_eabihelpers.a(double.o)
                0x00003ad6                __aeabi_dcmple
 .text.__aeabi_dcmpge
                0x00003b2a       0x5a D:/NXP/MCUXpressoIDE_25.6.136/ide/plugins/com.nxp.mcuxpresso.tools.win32_25.6.0.202501151204/tools/bin/../lib/gcc/arm-none-eabi/14.2.1/thumb/v7-m/nofp\libcr_eabihelpers.a(double.o)
                0x00003b2a                __aeabi_dcmpge
 .text.__aeabi_memset_lowlevel
                0x00003b84       0x32 D:/NXP/MCUXpressoIDE_25.6.136/ide/plugins/com.nxp.mcuxpresso.tools.win32_25.6.0.202501151204/tools/bin/../lib/gcc/arm-none-eabi/14.2.1/thumb/v7-m/nofp\libcr_eabihelpers.a(memcpy.o)
                0x00003b84                __aeabi_lowlevel_memset
 .text.__sys_appexit
                0x00003bb6        0x2 D:/NXP/MCUXpressoIDE_25.6.136/ide/plugins/com.nxp.mcuxpresso.tools.win32_25.6.0.202501151204/tools/bin/../lib/gcc/arm-none-eabi/14.2.1/../../../../arm-none-eabi/lib/thumb/v7-m/nofp\libcr_nohost.a(__sys_appexit.o)
                0x00003bb6                __sys_appexit
                0x00003bb6                __exit
 .text.__sys_close
                0x00003bb8        0x6 D:/NXP/MCUXpressoIDE_25.6.136/ide/plugins/com.nxp.mcuxpresso.tools.win32_25.6.0.202501151204/tools/bin/../lib/gcc/arm-none-eabi/14.2.1/../../../../arm-none-eabi/lib/thumb/v7-m/nofp\libcr_nohost.a(__sys_close.o)
                0x00003bb8                __sys_close
 .text.__sys_flen
                0x00003bbe        0x6 D:/NXP/MCUXpressoIDE_25.6.136/ide/plugins/com.nxp.mcuxpresso.tools.win32_25.6.0.202501151204/tools/bin/../lib/gcc/arm-none-eabi/14.2.1/../../../../arm-none-eabi/lib/thumb/v7-m/nofp\libcr_nohost.a(__sys_flen.o)
                0x00003bbe                __sys_flen
 .text.__sys_istty
                0x00003bc4        0x6 D:/NXP/MCUXpressoIDE_25.6.136/ide/plugins/com.nxp.mcuxpresso.tools.win32_25.6.0.202501151204/tools/bin/../lib/gcc/arm-none-eabi/14.2.1/../../../../arm-none-eabi/lib/thumb/v7-m/nofp\libcr_nohost.a(__sys_istty.o)
                0x00003bc4                __sys_istty
 .text.__sys_remove
                0x00003bca        0x6 D:/NXP/MCUXpressoIDE_25.6.136/ide/plugins/com.nxp.mcuxpresso.tools.win32_25.6.0.202501151204/tools/bin/../lib/gcc/arm-none-eabi/14.2.1/../../../../arm-none-eabi/lib/thumb/v7-m/nofp\libcr_nohost.a(__sys_remove.o)
                0x00003bca                __sys_remove
 .text.__sys_seek
                0x00003bd0        0x6 D:/NXP/MCUXpressoIDE_25.6.136/ide/plugins/com.nxp.mcuxpresso.tools.win32_25.6.0.202501151204/tools/bin/../lib/gcc/arm-none-eabi/14.2.1/../../../../arm-none-eabi/lib/thumb/v7-m/nofp\libcr_nohost.a(__sys_seek.o)
                0x00003bd0                __sys_seek
 .text.__sys_tmpnam
                0x00003bd6        0x6 D:/NXP/MCUXpressoIDE_25.6.136/ide/plugins/com.nxp.mcuxpresso.tools.win32_25.6.0.202501151204/tools/bin/../lib/gcc/arm-none-eabi/14.2.1/../../../../arm-none-eabi/lib/thumb/v7-m/nofp\libcr_nohost.a(__sys_tmpnam.o)
                0x00003bd6                __sys_tmpnam
 *(.rodata .rodata.* .constdata .constdata.*)
 .rodata.main.str1.4
                0x00003bdc       0x51 ./example/src/rtc.o
 *fill*         0x00003c2d        0x3 ff
 .rodata.OscRateIn
                0x00003c30        0x4 D:\NXP\BP\lpc_board_nxp_lpcxpresso_1549\Debug\liblpc_board_nxp_lpcxpresso_1549.a(board.o)
                0x00003c30                OscRateIn
 .rodata.RTCOscRateIn
                0x00003c34        0x4 D:\NXP\BP\lpc_board_nxp_lpcxpresso_1549\Debug\liblpc_board_nxp_lpcxpresso_1549.a(board.o)
                0x00003c34                RTCOscRateIn
 .rodata.ledpins
                0x00003c38        0x3 D:\NXP\BP\lpc_board_nxp_lpcxpresso_1549\Debug\liblpc_board_nxp_lpcxpresso_1549.a(board.o)
 *fill*         0x00003c3b        0x1 ff
 .rodata.ledports
                0x00003c3c        0x3 D:\NXP\BP\lpc_board_nxp_lpcxpresso_1549\Debug\liblpc_board_nxp_lpcxpresso_1549.a(board.o)
 *fill*         0x00003c3f        0x1 ff
 .rodata.ioconSetup
                0x00003c40       0x74 D:\NXP\BP\lpc_board_nxp_lpcxpresso_1549\Debug\liblpc_board_nxp_lpcxpresso_1549.a(board_sysinit.o)
 .rodata.swmSetup
                0x00003cb4        0x6 D:\NXP\BP\lpc_board_nxp_lpcxpresso_1549\Debug\liblpc_board_nxp_lpcxpresso_1549.a(board_sysinit.o)
 .rodata.fp_display.str1.1
                0x00003cba       0x81 D:/NXP/MCUXpressoIDE_25.6.136/ide/plugins/com.nxp.mcuxpresso.tools.win32_25.6.0.202501151204/tools/bin/../lib/gcc/arm-none-eabi/14.2.1/../../../../arm-none-eabi/lib/thumb/v7-m/nofp\libcr_c.a(fpprintf.o)
                                 0x35 (size before relaxing)
 .rodata._initio.str1.1
                0x00003d3b        0x4 D:/NXP/MCUXpressoIDE_25.6.136/ide/plugins/com.nxp.mcuxpresso.tools.win32_25.6.0.202501151204/tools/bin/../lib/gcc/arm-none-eabi/14.2.1/../../../../arm-none-eabi/lib/thumb/v7-m/nofp\libcr_c.a(initio.o)
 .rodata.__vfprintf.str1.1
                0x00003d3b       0x38 D:/NXP/MCUXpressoIDE_25.6.136/ide/plugins/com.nxp.mcuxpresso.tools.win32_25.6.0.202501151204/tools/bin/../lib/gcc/arm-none-eabi/14.2.1/../../../../arm-none-eabi/lib/thumb/v7-m/nofp\libcr_c.a(printf.o)
 .rodata._Csys_alloc.str1.1
                0x00003d3b       0x18 D:/NXP/MCUXpressoIDE_25.6.136/ide/plugins/com.nxp.mcuxpresso.tools.win32_25.6.0.202501151204/tools/bin/../lib/gcc/arm-none-eabi/14.2.1/../../../../arm-none-eabi/lib/thumb/v7-m/nofp\libcr_c.a(alloc.o)
 *fill*         0x00003d3b        0x1 ff
 .rodata.__num_Ciob_streams
                0x00003d3c        0x4 D:/NXP/MCUXpressoIDE_25.6.136/ide/plugins/com.nxp.mcuxpresso.tools.win32_25.6.0.202501151204/tools/bin/../lib/gcc/arm-none-eabi/14.2.1/../../../../arm-none-eabi/lib/thumb/v7-m/nofp\libcr_nohost.a(__ciob.o)
                0x00003d3c                __num_Ciob_streams
                0x00003d40                        . = ALIGN (0x4)

.glue_7         0x00003d40        0x0
 .glue_7        0x00003d40        0x0 linker stubs

.glue_7t        0x00003d40        0x0
 .glue_7t       0x00003d40        0x0 linker stubs

.vfp11_veneer   0x00003d40        0x0
 .vfp11_veneer  0x00003d40        0x0 linker stubs

.v4_bx          0x00003d40        0x0
 .v4_bx         0x00003d40        0x0 linker stubs

.iplt           0x00003d40        0x0
 .iplt          0x00003d40        0x0 ./example/src/cr_startup_lpc15xx.o

.rel.dyn        0x00003d40        0x0
 .rel.iplt      0x00003d40        0x0 ./example/src/cr_startup_lpc15xx.o

.ARM.extab
 *(.ARM.extab* .gnu.linkonce.armextab.*)

.ARM.exidx      0x00003d40        0x0
                0x00003d40                        __exidx_start = .
 *(.ARM.exidx* .gnu.linkonce.armexidx.*)
                0x00003d40                        __exidx_end = .
                0x00003d40                        _etext = .

.data_RAM2      0x02004000        0x0 load address 0x00003d40
 FILL mask 0xff
                [!provide]                        PROVIDE (__start_data_RAM2 = .)
                [!provide]                        PROVIDE (__start_data_Ram1_16 = .)
 *(.ramfunc.$RAM2)
 *(.ramfunc.$Ram1_16)
 *(.data.$RAM2)
 *(.data.$Ram1_16)
 *(.data.$RAM2.*)
 *(.data.$Ram1_16.*)
                0x02004000                        . = ALIGN (0x4)
                [!provide]                        PROVIDE (__end_data_RAM2 = .)
                [!provide]                        PROVIDE (__end_data_Ram1_16 = .)

.data_RAM3      0x02008000        0x0 load address 0x00003d40
 FILL mask 0xff
                [!provide]                        PROVIDE (__start_data_RAM3 = .)
                [!provide]                        PROVIDE (__start_data_Ram2_4 = .)
 *(.ramfunc.$RAM3)
 *(.ramfunc.$Ram2_4)
 *(.data.$RAM3)
 *(.data.$Ram2_4)
 *(.data.$RAM3.*)
 *(.data.$Ram2_4.*)
                0x02008000                        . = ALIGN (0x4)
                [!provide]                        PROVIDE (__end_data_RAM3 = .)
                [!provide]                        PROVIDE (__end_data_Ram2_4 = .)

.uninit_RESERVED
                0x02000000        0x0
                0x02000000                        _start_uninit_RESERVED = .
 *(.bss.$RESERVED*)
                0x02000000                        . = ALIGN (0x4)
                0x02000000                        _end_uninit_RESERVED = .

.data           0x02000000        0x0 load address 0x00003d40
 FILL mask 0xff
                0x02000000                        _data = .
                [!provide]                        PROVIDE (__start_data_RAM = .)
                [!provide]                        PROVIDE (__start_data_Ram0_16 = .)
 *(vtable)
 *(.ramfunc*)
 *(CodeQuickAccess)
 *(DataQuickAccess)
 *(RamFunction)
 *(.data*)
                0x02000000                        . = ALIGN (0x4)
                0x02000000                        _edata = .
                [!provide]                        PROVIDE (__end_data_RAM = .)
                [!provide]                        PROVIDE (__end_data_Ram0_16 = .)

.igot.plt       0x02000000        0x0 load address 0x00003d40
 .igot.plt      0x02000000        0x0 ./example/src/cr_startup_lpc15xx.o

.bss_RAM2       0x02004000        0x0
                [!provide]                        PROVIDE (__start_bss_RAM2 = .)
                [!provide]                        PROVIDE (__start_bss_Ram1_16 = .)
 *(.bss.$RAM2)
 *(.bss.$Ram1_16)
 *(.bss.$RAM2.*)
 *(.bss.$Ram1_16.*)
                0x02004000                        . = ALIGN ((. != 0x0)?0x4:0x1)
                [!provide]                        PROVIDE (__end_bss_RAM2 = .)
                [!provide]                        PROVIDE (__end_bss_Ram1_16 = .)

.bss_RAM3       0x02008000        0x0
                [!provide]                        PROVIDE (__start_bss_RAM3 = .)
                [!provide]                        PROVIDE (__start_bss_Ram2_4 = .)
 *(.bss.$RAM3)
 *(.bss.$Ram2_4)
 *(.bss.$RAM3.*)
 *(.bss.$Ram2_4.*)
                0x02008000                        . = ALIGN ((. != 0x0)?0x4:0x1)
                [!provide]                        PROVIDE (__end_bss_RAM3 = .)
                [!provide]                        PROVIDE (__end_bss_Ram2_4 = .)

.bss            0x02000000      0x1f4
                0x02000000                        _bss = .
                [!provide]                        PROVIDE (__start_bss_RAM = .)
                [!provide]                        PROVIDE (__start_bss_Ram0_16 = .)
 *(.bss*)
 .bss.rtcWake   0x02000000        0x1 ./example/src/rtc.o
 .bss.rtcAlarm  0x02000001        0x1 ./example/src/rtc.o
 *fill*         0x02000002        0x2 
 .bss.SystemCoreClock
                0x02000004        0x4 D:\NXP\BP\lpc_chip_15xx\Debug\liblpc_chip_15xx.a(chip_15xx.o)
                0x02000004                SystemCoreClock
 .bss.errno     0x02000008        0x4 D:/NXP/MCUXpressoIDE_25.6.136/ide/plugins/com.nxp.mcuxpresso.tools.win32_25.6.0.202501151204/tools/bin/../lib/gcc/arm-none-eabi/14.2.1/../../../../arm-none-eabi/lib/thumb/v7-m/nofp\libcr_c.a(errno.o)
                0x02000008                errno
 .bss.__end_of_heap
                0x0200000c        0x4 D:/NXP/MCUXpressoIDE_25.6.136/ide/plugins/com.nxp.mcuxpresso.tools.win32_25.6.0.202501151204/tools/bin/../lib/gcc/arm-none-eabi/14.2.1/../../../../arm-none-eabi/lib/thumb/v7-m/nofp\libcr_c.a(__init_alloc.o)
                0x0200000c                __end_of_heap
 .bss.__heaps   0x02000010        0x4 D:/NXP/MCUXpressoIDE_25.6.136/ide/plugins/com.nxp.mcuxpresso.tools.win32_25.6.0.202501151204/tools/bin/../lib/gcc/arm-none-eabi/14.2.1/../../../../arm-none-eabi/lib/thumb/v7-m/nofp\libcr_c.a(__init_alloc.o)
                0x02000010                __heaps
 .bss.__Ciob    0x02000014      0x1e0 D:/NXP/MCUXpressoIDE_25.6.136/ide/plugins/com.nxp.mcuxpresso.tools.win32_25.6.0.202501151204/tools/bin/../lib/gcc/arm-none-eabi/14.2.1/../../../../arm-none-eabi/lib/thumb/v7-m/nofp\libcr_nohost.a(__ciob.o)
                0x02000014                __Ciob
 *(COMMON)
                0x020001f4                        . = ALIGN (0x4)
                0x020001f4                        _ebss = .
                [!provide]                        PROVIDE (__end_bss_RAM = .)
                [!provide]                        PROVIDE (__end_bss_Ram0_16 = .)
                [!provide]                        PROVIDE (end = .)

.noinit_RAM2    0x02004000        0x0
                [!provide]                        PROVIDE (__start_noinit_RAM2 = .)
                [!provide]                        PROVIDE (__start_noinit_Ram1_16 = .)
 *(.noinit.$RAM2)
 *(.noinit.$Ram1_16)
 *(.noinit.$RAM2.*)
 *(.noinit.$Ram1_16.*)
                0x02004000                        . = ALIGN (0x4)
                [!provide]                        PROVIDE (__end_noinit_RAM2 = .)
                [!provide]                        PROVIDE (__end_noinit_Ram1_16 = .)

.noinit_RAM3    0x02008000        0x0
                [!provide]                        PROVIDE (__start_noinit_RAM3 = .)
                [!provide]                        PROVIDE (__start_noinit_Ram2_4 = .)
 *(.noinit.$RAM3)
 *(.noinit.$Ram2_4)
 *(.noinit.$RAM3.*)
 *(.noinit.$Ram2_4.*)
                0x02008000                        . = ALIGN (0x4)
                [!provide]                        PROVIDE (__end_noinit_RAM3 = .)
                [!provide]                        PROVIDE (__end_noinit_Ram2_4 = .)

.noinit         0x020001f4        0x0
                0x020001f4                        _noinit = .
                [!provide]                        PROVIDE (__start_noinit_RAM = .)
                [!provide]                        PROVIDE (__start_noinit_Ram0_16 = .)
 *(.noinit*)
                0x020001f4                        . = ALIGN (0x4)
                0x020001f4                        _end_noinit = .
                [!provide]                        PROVIDE (__end_noinit_RAM = .)
                [!provide]                        PROVIDE (__end_noinit_Ram0_16 = .)
                0x020001f4                        PROVIDE (_pvHeapStart = DEFINED (__user_heap_base)?__user_heap_base:.)
                0x02004000                        PROVIDE (_vStackTop = DEFINED (__user_stack_top)?__user_stack_top:(__top_Ram0_16 - 0x0))
                [!provide]                        PROVIDE (__valid_user_code_checksum = (0x0 - ((((((_vStackTop + (ResetISR + 0x1)) + (NMI_Handler + 0x1)) + (HardFault_Handler + 0x1)) + (DEFINED (MemManage_Handler)?MemManage_Handler:0x0 + 0x1)) + (DEFINED (BusFault_Handler)?BusFault_Handler:0x0 + 0x1)) + (DEFINED (UsageFault_Handler)?UsageFault_Handler:0x0 + 0x1))))
                0x00000000                        _image_start = LOADADDR (.text)
                0x00003d40                        _image_end = (LOADADDR (.data) + SIZEOF (.data))
                0x00003d40                        _image_size = (_image_end - _image_start)
OUTPUT(periph_rtc.axf elf32-littlearm)
LOAD linker stubs

.debug_info     0x00000000     0xe490
 .debug_info    0x00000000      0x2c1 ./example/src/cr_startup_lpc15xx.o
 .debug_info    0x000002c1      0xf08 ./example/src/rtc.o
 .debug_info    0x000011c9       0x98 ./example/src/sysinit.o
 .debug_info    0x00001261      0xb9d D:\NXP\BP\lpc_board_nxp_lpcxpresso_1549\Debug\liblpc_board_nxp_lpcxpresso_1549.a(board.o)
 .debug_info    0x00001dfe      0xd2c D:\NXP\BP\lpc_board_nxp_lpcxpresso_1549\Debug\liblpc_board_nxp_lpcxpresso_1549.a(board_sysinit.o)
 .debug_info    0x00002b2a      0x9e2 D:\NXP\BP\lpc_chip_15xx\Debug\liblpc_chip_15xx.a(chip_15xx.o)
 .debug_info    0x0000350c      0xd86 D:\NXP\BP\lpc_chip_15xx\Debug\liblpc_chip_15xx.a(clock_15xx.o)
 .debug_info    0x00004292      0x657 D:\NXP\BP\lpc_chip_15xx\Debug\liblpc_chip_15xx.a(gpio_15xx.o)
 .debug_info    0x000048e9      0x1cb D:\NXP\BP\lpc_chip_15xx\Debug\liblpc_chip_15xx.a(iocon_15xx.o)
 .debug_info    0x00004ab4      0x41d D:\NXP\BP\lpc_chip_15xx\Debug\liblpc_chip_15xx.a(pmu_15xx.o)
 .debug_info    0x00004ed1      0x5ca D:\NXP\BP\lpc_chip_15xx\Debug\liblpc_chip_15xx.a(swm_15xx.o)
 .debug_info    0x0000549b      0x731 D:\NXP\BP\lpc_chip_15xx\Debug\liblpc_chip_15xx.a(sysctl_15xx.o)
 .debug_info    0x00005bcc      0x761 D:\NXP\BP\lpc_chip_15xx\Debug\liblpc_chip_15xx.a(sysinit_15xx.o)
 .debug_info    0x0000632d      0x9db D:\NXP\BP\lpc_chip_15xx\Debug\liblpc_chip_15xx.a(uart_15xx.o)
 .debug_info    0x00006d08       0x85 D:/NXP/MCUXpressoIDE_25.6.136/ide/plugins/com.nxp.mcuxpresso.tools.win32_25.6.0.202501151204/tools/bin/../lib/gcc/arm-none-eabi/14.2.1/../../../../arm-none-eabi/lib/thumb/v7-m/nofp\libcr_nohost.a(_cr__main.o)
 .debug_info    0x00006d8d     0x157e D:/NXP/MCUXpressoIDE_25.6.136/ide/plugins/com.nxp.mcuxpresso.tools.win32_25.6.0.202501151204/tools/bin/../lib/gcc/arm-none-eabi/14.2.1/../../../../arm-none-eabi/lib/thumb/v7-m/nofp\libcr_c.a(fpprintf.o)
 .debug_info    0x0000830b      0x339 D:/NXP/MCUXpressoIDE_25.6.136/ide/plugins/com.nxp.mcuxpresso.tools.win32_25.6.0.202501151204/tools/bin/../lib/gcc/arm-none-eabi/14.2.1/../../../../arm-none-eabi/lib/thumb/v7-m/nofp\libcr_c.a(initio.o)
 .debug_info    0x00008644     0x1296 D:/NXP/MCUXpressoIDE_25.6.136/ide/plugins/com.nxp.mcuxpresso.tools.win32_25.6.0.202501151204/tools/bin/../lib/gcc/arm-none-eabi/14.2.1/../../../../arm-none-eabi/lib/thumb/v7-m/nofp\libcr_c.a(printf.o)
 .debug_info    0x000098da      0x1fd D:/NXP/MCUXpressoIDE_25.6.136/ide/plugins/com.nxp.mcuxpresso.tools.win32_25.6.0.202501151204/tools/bin/../lib/gcc/arm-none-eabi/14.2.1/../../../../arm-none-eabi/lib/thumb/v7-m/nofp\libcr_c.a(setvbuf.o)
 .debug_info    0x00009ad7       0xe1 D:/NXP/MCUXpressoIDE_25.6.136/ide/plugins/com.nxp.mcuxpresso.tools.win32_25.6.0.202501151204/tools/bin/../lib/gcc/arm-none-eabi/14.2.1/../../../../arm-none-eabi/lib/thumb/v7-m/nofp\libcr_c.a(strlen.o)
 .debug_info    0x00009bb8       0xfc D:/NXP/MCUXpressoIDE_25.6.136/ide/plugins/com.nxp.mcuxpresso.tools.win32_25.6.0.202501151204/tools/bin/../lib/gcc/arm-none-eabi/14.2.1/../../../../arm-none-eabi/lib/thumb/v7-m/nofp\libcr_c.a(memset.o)
 .debug_info    0x00009cb4      0x396 D:/NXP/MCUXpressoIDE_25.6.136/ide/plugins/com.nxp.mcuxpresso.tools.win32_25.6.0.202501151204/tools/bin/../lib/gcc/arm-none-eabi/14.2.1/../../../../arm-none-eabi/lib/thumb/v7-m/nofp\libcr_c.a(_deferredlazyseek.o)
 .debug_info    0x0000a04a      0x24b D:/NXP/MCUXpressoIDE_25.6.136/ide/plugins/com.nxp.mcuxpresso.tools.win32_25.6.0.202501151204/tools/bin/../lib/gcc/arm-none-eabi/14.2.1/../../../../arm-none-eabi/lib/thumb/v7-m/nofp\libcr_c.a(_fdopen.o)
 .debug_info    0x0000a295      0x1e3 D:/NXP/MCUXpressoIDE_25.6.136/ide/plugins/com.nxp.mcuxpresso.tools.win32_25.6.0.202501151204/tools/bin/../lib/gcc/arm-none-eabi/14.2.1/../../../../arm-none-eabi/lib/thumb/v7-m/nofp\libcr_c.a(_fflush.o)
 .debug_info    0x0000a478      0x15e D:/NXP/MCUXpressoIDE_25.6.136/ide/plugins/com.nxp.mcuxpresso.tools.win32_25.6.0.202501151204/tools/bin/../lib/gcc/arm-none-eabi/14.2.1/../../../../arm-none-eabi/lib/thumb/v7-m/nofp\libcr_c.a(_frexpl.o)
 .debug_info    0x0000a5d6      0x146 D:/NXP/MCUXpressoIDE_25.6.136/ide/plugins/com.nxp.mcuxpresso.tools.win32_25.6.0.202501151204/tools/bin/../lib/gcc/arm-none-eabi/14.2.1/../../../../arm-none-eabi/lib/thumb/v7-m/nofp\libcr_c.a(_ldexpl.o)
 .debug_info    0x0000a71c      0x289 D:/NXP/MCUXpressoIDE_25.6.136/ide/plugins/com.nxp.mcuxpresso.tools.win32_25.6.0.202501151204/tools/bin/../lib/gcc/arm-none-eabi/14.2.1/../../../../arm-none-eabi/lib/thumb/v7-m/nofp\libcr_c.a(_writebuf.o)
 .debug_info    0x0000a9a5      0x520 D:/NXP/MCUXpressoIDE_25.6.136/ide/plugins/com.nxp.mcuxpresso.tools.win32_25.6.0.202501151204/tools/bin/../lib/gcc/arm-none-eabi/14.2.1/../../../../arm-none-eabi/lib/thumb/v7-m/nofp\libcr_c.a(alloc.o)
 .debug_info    0x0000aec5       0x44 D:/NXP/MCUXpressoIDE_25.6.136/ide/plugins/com.nxp.mcuxpresso.tools.win32_25.6.0.202501151204/tools/bin/../lib/gcc/arm-none-eabi/14.2.1/../../../../arm-none-eabi/lib/thumb/v7-m/nofp\libcr_c.a(errno.o)
 .debug_info    0x0000af09      0x31e D:/NXP/MCUXpressoIDE_25.6.136/ide/plugins/com.nxp.mcuxpresso.tools.win32_25.6.0.202501151204/tools/bin/../lib/gcc/arm-none-eabi/14.2.1/../../../../arm-none-eabi/lib/thumb/v7-m/nofp\libcr_c.a(fclose.o)
 .debug_info    0x0000b227      0x209 D:/NXP/MCUXpressoIDE_25.6.136/ide/plugins/com.nxp.mcuxpresso.tools.win32_25.6.0.202501151204/tools/bin/../lib/gcc/arm-none-eabi/14.2.1/../../../../arm-none-eabi/lib/thumb/v7-m/nofp\libcr_c.a(fflush.o)
 .debug_info    0x0000b430      0x276 D:/NXP/MCUXpressoIDE_25.6.136/ide/plugins/com.nxp.mcuxpresso.tools.win32_25.6.0.202501151204/tools/bin/../lib/gcc/arm-none-eabi/14.2.1/../../../../arm-none-eabi/lib/thumb/v7-m/nofp\libcr_c.a(fseek.o)
 .debug_info    0x0000b6a6      0x197 D:/NXP/MCUXpressoIDE_25.6.136/ide/plugins/com.nxp.mcuxpresso.tools.win32_25.6.0.202501151204/tools/bin/../lib/gcc/arm-none-eabi/14.2.1/../../../../arm-none-eabi/lib/thumb/v7-m/nofp\libcr_c.a(ftell.o)
 .debug_info    0x0000b83d      0x1d7 D:/NXP/MCUXpressoIDE_25.6.136/ide/plugins/com.nxp.mcuxpresso.tools.win32_25.6.0.202501151204/tools/bin/../lib/gcc/arm-none-eabi/14.2.1/../../../../arm-none-eabi/lib/thumb/v7-m/nofp\libcr_c.a(remove.o)
 .debug_info    0x0000ba14       0xd4 D:/NXP/MCUXpressoIDE_25.6.136/ide/plugins/com.nxp.mcuxpresso.tools.win32_25.6.0.202501151204/tools/bin/../lib/gcc/arm-none-eabi/14.2.1/../../../../arm-none-eabi/lib/thumb/v7-m/nofp\libcr_c.a(__init_alloc.o)
 .debug_info    0x0000bae8      0x107 D:/NXP/MCUXpressoIDE_25.6.136/ide/plugins/com.nxp.mcuxpresso.tools.win32_25.6.0.202501151204/tools/bin/../lib/gcc/arm-none-eabi/14.2.1/../../../../arm-none-eabi/lib/thumb/v7-m/nofp\libcr_c.a(_cr_sbrk.o)
 .debug_info    0x0000bbef      0x23a D:/NXP/MCUXpressoIDE_25.6.136/ide/plugins/com.nxp.mcuxpresso.tools.win32_25.6.0.202501151204/tools/bin/../lib/gcc/arm-none-eabi/14.2.1/../../../../arm-none-eabi/lib/thumb/v7-m/nofp\libcr_c.a(_do_fflush.o)
 .debug_info    0x0000be29       0x78 D:/NXP/MCUXpressoIDE_25.6.136/ide/plugins/com.nxp.mcuxpresso.tools.win32_25.6.0.202501151204/tools/bin/../lib/gcc/arm-none-eabi/14.2.1/../../../../arm-none-eabi/lib/thumb/v7-m/nofp\libcr_c.a(_cr_check_heap.o)
 .debug_info    0x0000bea1     0x2159 D:/NXP/MCUXpressoIDE_25.6.136/ide/plugins/com.nxp.mcuxpresso.tools.win32_25.6.0.202501151204/tools/bin/../lib/gcc/arm-none-eabi/14.2.1/thumb/v7-m/nofp\libcr_eabihelpers.a(double.o)
 .debug_info    0x0000dffa      0x18b D:/NXP/MCUXpressoIDE_25.6.136/ide/plugins/com.nxp.mcuxpresso.tools.win32_25.6.0.202501151204/tools/bin/../lib/gcc/arm-none-eabi/14.2.1/../../../../arm-none-eabi/lib/thumb/v7-m/nofp\libcr_nohost.a(__ciob.o)
 .debug_info    0x0000e185       0x38 D:/NXP/MCUXpressoIDE_25.6.136/ide/plugins/com.nxp.mcuxpresso.tools.win32_25.6.0.202501151204/tools/bin/../lib/gcc/arm-none-eabi/14.2.1/../../../../arm-none-eabi/lib/thumb/v7-m/nofp\libcr_nohost.a(__sys_appexit.o)
 .debug_info    0x0000e1bd       0x6a D:/NXP/MCUXpressoIDE_25.6.136/ide/plugins/com.nxp.mcuxpresso.tools.win32_25.6.0.202501151204/tools/bin/../lib/gcc/arm-none-eabi/14.2.1/../../../../arm-none-eabi/lib/thumb/v7-m/nofp\libcr_nohost.a(__sys_close.o)
 .debug_info    0x0000e227       0x6a D:/NXP/MCUXpressoIDE_25.6.136/ide/plugins/com.nxp.mcuxpresso.tools.win32_25.6.0.202501151204/tools/bin/../lib/gcc/arm-none-eabi/14.2.1/../../../../arm-none-eabi/lib/thumb/v7-m/nofp\libcr_nohost.a(__sys_flen.o)
 .debug_info    0x0000e291       0x6a D:/NXP/MCUXpressoIDE_25.6.136/ide/plugins/com.nxp.mcuxpresso.tools.win32_25.6.0.202501151204/tools/bin/../lib/gcc/arm-none-eabi/14.2.1/../../../../arm-none-eabi/lib/thumb/v7-m/nofp\libcr_nohost.a(__sys_istty.o)
 .debug_info    0x0000e2fb       0x8a D:/NXP/MCUXpressoIDE_25.6.136/ide/plugins/com.nxp.mcuxpresso.tools.win32_25.6.0.202501151204/tools/bin/../lib/gcc/arm-none-eabi/14.2.1/../../../../arm-none-eabi/lib/thumb/v7-m/nofp\libcr_nohost.a(__sys_remove.o)
 .debug_info    0x0000e385       0x78 D:/NXP/MCUXpressoIDE_25.6.136/ide/plugins/com.nxp.mcuxpresso.tools.win32_25.6.0.202501151204/tools/bin/../lib/gcc/arm-none-eabi/14.2.1/../../../../arm-none-eabi/lib/thumb/v7-m/nofp\libcr_nohost.a(__sys_seek.o)
 .debug_info    0x0000e3fd       0x93 D:/NXP/MCUXpressoIDE_25.6.136/ide/plugins/com.nxp.mcuxpresso.tools.win32_25.6.0.202501151204/tools/bin/../lib/gcc/arm-none-eabi/14.2.1/../../../../arm-none-eabi/lib/thumb/v7-m/nofp\libcr_nohost.a(__sys_tmpnam.o)

.debug_abbrev   0x00000000     0x3e34
 .debug_abbrev  0x00000000      0x13e ./example/src/cr_startup_lpc15xx.o
 .debug_abbrev  0x0000013e      0x2d8 ./example/src/rtc.o
 .debug_abbrev  0x00000416       0x5a ./example/src/sysinit.o
 .debug_abbrev  0x00000470      0x2a7 D:\NXP\BP\lpc_board_nxp_lpcxpresso_1549\Debug\liblpc_board_nxp_lpcxpresso_1549.a(board.o)
 .debug_abbrev  0x00000717      0x27f D:\NXP\BP\lpc_board_nxp_lpcxpresso_1549\Debug\liblpc_board_nxp_lpcxpresso_1549.a(board_sysinit.o)
 .debug_abbrev  0x00000996      0x20e D:\NXP\BP\lpc_chip_15xx\Debug\liblpc_chip_15xx.a(chip_15xx.o)
 .debug_abbrev  0x00000ba4      0x2c6 D:\NXP\BP\lpc_chip_15xx\Debug\liblpc_chip_15xx.a(clock_15xx.o)
 .debug_abbrev  0x00000e6a      0x19d D:\NXP\BP\lpc_chip_15xx\Debug\liblpc_chip_15xx.a(gpio_15xx.o)
 .debug_abbrev  0x00001007      0x129 D:\NXP\BP\lpc_chip_15xx\Debug\liblpc_chip_15xx.a(iocon_15xx.o)
 .debug_abbrev  0x00001130      0x14c D:\NXP\BP\lpc_chip_15xx\Debug\liblpc_chip_15xx.a(pmu_15xx.o)
 .debug_abbrev  0x0000127c      0x14e D:\NXP\BP\lpc_chip_15xx\Debug\liblpc_chip_15xx.a(swm_15xx.o)
 .debug_abbrev  0x000013ca      0x11f D:\NXP\BP\lpc_chip_15xx\Debug\liblpc_chip_15xx.a(sysctl_15xx.o)
 .debug_abbrev  0x000014e9      0x1d9 D:\NXP\BP\lpc_chip_15xx\Debug\liblpc_chip_15xx.a(sysinit_15xx.o)
 .debug_abbrev  0x000016c2      0x25c D:\NXP\BP\lpc_chip_15xx\Debug\liblpc_chip_15xx.a(uart_15xx.o)
 .debug_abbrev  0x0000191e       0x70 D:/NXP/MCUXpressoIDE_25.6.136/ide/plugins/com.nxp.mcuxpresso.tools.win32_25.6.0.202501151204/tools/bin/../lib/gcc/arm-none-eabi/14.2.1/../../../../arm-none-eabi/lib/thumb/v7-m/nofp\libcr_nohost.a(_cr__main.o)
 .debug_abbrev  0x0000198e      0x46c D:/NXP/MCUXpressoIDE_25.6.136/ide/plugins/com.nxp.mcuxpresso.tools.win32_25.6.0.202501151204/tools/bin/../lib/gcc/arm-none-eabi/14.2.1/../../../../arm-none-eabi/lib/thumb/v7-m/nofp\libcr_c.a(fpprintf.o)
 .debug_abbrev  0x00001dfa      0x169 D:/NXP/MCUXpressoIDE_25.6.136/ide/plugins/com.nxp.mcuxpresso.tools.win32_25.6.0.202501151204/tools/bin/../lib/gcc/arm-none-eabi/14.2.1/../../../../arm-none-eabi/lib/thumb/v7-m/nofp\libcr_c.a(initio.o)
 .debug_abbrev  0x00001f63      0x3ba D:/NXP/MCUXpressoIDE_25.6.136/ide/plugins/com.nxp.mcuxpresso.tools.win32_25.6.0.202501151204/tools/bin/../lib/gcc/arm-none-eabi/14.2.1/../../../../arm-none-eabi/lib/thumb/v7-m/nofp\libcr_c.a(printf.o)
 .debug_abbrev  0x0000231d       0xe1 D:/NXP/MCUXpressoIDE_25.6.136/ide/plugins/com.nxp.mcuxpresso.tools.win32_25.6.0.202501151204/tools/bin/../lib/gcc/arm-none-eabi/14.2.1/../../../../arm-none-eabi/lib/thumb/v7-m/nofp\libcr_c.a(setvbuf.o)
 .debug_abbrev  0x000023fe       0xa7 D:/NXP/MCUXpressoIDE_25.6.136/ide/plugins/com.nxp.mcuxpresso.tools.win32_25.6.0.202501151204/tools/bin/../lib/gcc/arm-none-eabi/14.2.1/../../../../arm-none-eabi/lib/thumb/v7-m/nofp\libcr_c.a(strlen.o)
 .debug_abbrev  0x000024a5       0xa8 D:/NXP/MCUXpressoIDE_25.6.136/ide/plugins/com.nxp.mcuxpresso.tools.win32_25.6.0.202501151204/tools/bin/../lib/gcc/arm-none-eabi/14.2.1/../../../../arm-none-eabi/lib/thumb/v7-m/nofp\libcr_c.a(memset.o)
 .debug_abbrev  0x0000254d      0x18e D:/NXP/MCUXpressoIDE_25.6.136/ide/plugins/com.nxp.mcuxpresso.tools.win32_25.6.0.202501151204/tools/bin/../lib/gcc/arm-none-eabi/14.2.1/../../../../arm-none-eabi/lib/thumb/v7-m/nofp\libcr_c.a(_deferredlazyseek.o)
 .debug_abbrev  0x000026db      0x119 D:/NXP/MCUXpressoIDE_25.6.136/ide/plugins/com.nxp.mcuxpresso.tools.win32_25.6.0.202501151204/tools/bin/../lib/gcc/arm-none-eabi/14.2.1/../../../../arm-none-eabi/lib/thumb/v7-m/nofp\libcr_c.a(_fdopen.o)
 .debug_abbrev  0x000027f4       0xf1 D:/NXP/MCUXpressoIDE_25.6.136/ide/plugins/com.nxp.mcuxpresso.tools.win32_25.6.0.202501151204/tools/bin/../lib/gcc/arm-none-eabi/14.2.1/../../../../arm-none-eabi/lib/thumb/v7-m/nofp\libcr_c.a(_fflush.o)
 .debug_abbrev  0x000028e5      0x123 D:/NXP/MCUXpressoIDE_25.6.136/ide/plugins/com.nxp.mcuxpresso.tools.win32_25.6.0.202501151204/tools/bin/../lib/gcc/arm-none-eabi/14.2.1/../../../../arm-none-eabi/lib/thumb/v7-m/nofp\libcr_c.a(_frexpl.o)
 .debug_abbrev  0x00002a08      0x115 D:/NXP/MCUXpressoIDE_25.6.136/ide/plugins/com.nxp.mcuxpresso.tools.win32_25.6.0.202501151204/tools/bin/../lib/gcc/arm-none-eabi/14.2.1/../../../../arm-none-eabi/lib/thumb/v7-m/nofp\libcr_c.a(_ldexpl.o)
 .debug_abbrev  0x00002b1d      0x126 D:/NXP/MCUXpressoIDE_25.6.136/ide/plugins/com.nxp.mcuxpresso.tools.win32_25.6.0.202501151204/tools/bin/../lib/gcc/arm-none-eabi/14.2.1/../../../../arm-none-eabi/lib/thumb/v7-m/nofp\libcr_c.a(_writebuf.o)
 .debug_abbrev  0x00002c43      0x284 D:/NXP/MCUXpressoIDE_25.6.136/ide/plugins/com.nxp.mcuxpresso.tools.win32_25.6.0.202501151204/tools/bin/../lib/gcc/arm-none-eabi/14.2.1/../../../../arm-none-eabi/lib/thumb/v7-m/nofp\libcr_c.a(alloc.o)
 .debug_abbrev  0x00002ec7       0x44 D:/NXP/MCUXpressoIDE_25.6.136/ide/plugins/com.nxp.mcuxpresso.tools.win32_25.6.0.202501151204/tools/bin/../lib/gcc/arm-none-eabi/14.2.1/../../../../arm-none-eabi/lib/thumb/v7-m/nofp\libcr_c.a(errno.o)
 .debug_abbrev  0x00002f0b      0x158 D:/NXP/MCUXpressoIDE_25.6.136/ide/plugins/com.nxp.mcuxpresso.tools.win32_25.6.0.202501151204/tools/bin/../lib/gcc/arm-none-eabi/14.2.1/../../../../arm-none-eabi/lib/thumb/v7-m/nofp\libcr_c.a(fclose.o)
 .debug_abbrev  0x00003063      0x125 D:/NXP/MCUXpressoIDE_25.6.136/ide/plugins/com.nxp.mcuxpresso.tools.win32_25.6.0.202501151204/tools/bin/../lib/gcc/arm-none-eabi/14.2.1/../../../../arm-none-eabi/lib/thumb/v7-m/nofp\libcr_c.a(fflush.o)
 .debug_abbrev  0x00003188      0x11b D:/NXP/MCUXpressoIDE_25.6.136/ide/plugins/com.nxp.mcuxpresso.tools.win32_25.6.0.202501151204/tools/bin/../lib/gcc/arm-none-eabi/14.2.1/../../../../arm-none-eabi/lib/thumb/v7-m/nofp\libcr_c.a(fseek.o)
 .debug_abbrev  0x000032a3       0xc2 D:/NXP/MCUXpressoIDE_25.6.136/ide/plugins/com.nxp.mcuxpresso.tools.win32_25.6.0.202501151204/tools/bin/../lib/gcc/arm-none-eabi/14.2.1/../../../../arm-none-eabi/lib/thumb/v7-m/nofp\libcr_c.a(ftell.o)
 .debug_abbrev  0x00003365       0xfb D:/NXP/MCUXpressoIDE_25.6.136/ide/plugins/com.nxp.mcuxpresso.tools.win32_25.6.0.202501151204/tools/bin/../lib/gcc/arm-none-eabi/14.2.1/../../../../arm-none-eabi/lib/thumb/v7-m/nofp\libcr_c.a(remove.o)
 .debug_abbrev  0x00003460       0xaf D:/NXP/MCUXpressoIDE_25.6.136/ide/plugins/com.nxp.mcuxpresso.tools.win32_25.6.0.202501151204/tools/bin/../lib/gcc/arm-none-eabi/14.2.1/../../../../arm-none-eabi/lib/thumb/v7-m/nofp\libcr_c.a(__init_alloc.o)
 .debug_abbrev  0x0000350f       0xd3 D:/NXP/MCUXpressoIDE_25.6.136/ide/plugins/com.nxp.mcuxpresso.tools.win32_25.6.0.202501151204/tools/bin/../lib/gcc/arm-none-eabi/14.2.1/../../../../arm-none-eabi/lib/thumb/v7-m/nofp\libcr_c.a(_cr_sbrk.o)
 .debug_abbrev  0x000035e2      0x12c D:/NXP/MCUXpressoIDE_25.6.136/ide/plugins/com.nxp.mcuxpresso.tools.win32_25.6.0.202501151204/tools/bin/../lib/gcc/arm-none-eabi/14.2.1/../../../../arm-none-eabi/lib/thumb/v7-m/nofp\libcr_c.a(_do_fflush.o)
 .debug_abbrev  0x0000370e       0x6b D:/NXP/MCUXpressoIDE_25.6.136/ide/plugins/com.nxp.mcuxpresso.tools.win32_25.6.0.202501151204/tools/bin/../lib/gcc/arm-none-eabi/14.2.1/../../../../arm-none-eabi/lib/thumb/v7-m/nofp\libcr_c.a(_cr_check_heap.o)
 .debug_abbrev  0x00003779      0x364 D:/NXP/MCUXpressoIDE_25.6.136/ide/plugins/com.nxp.mcuxpresso.tools.win32_25.6.0.202501151204/tools/bin/../lib/gcc/arm-none-eabi/14.2.1/thumb/v7-m/nofp\libcr_eabihelpers.a(double.o)
 .debug_abbrev  0x00003add       0xb5 D:/NXP/MCUXpressoIDE_25.6.136/ide/plugins/com.nxp.mcuxpresso.tools.win32_25.6.0.202501151204/tools/bin/../lib/gcc/arm-none-eabi/14.2.1/../../../../arm-none-eabi/lib/thumb/v7-m/nofp\libcr_nohost.a(__ciob.o)
 .debug_abbrev  0x00003b92       0x2e D:/NXP/MCUXpressoIDE_25.6.136/ide/plugins/com.nxp.mcuxpresso.tools.win32_25.6.0.202501151204/tools/bin/../lib/gcc/arm-none-eabi/14.2.1/../../../../arm-none-eabi/lib/thumb/v7-m/nofp\libcr_nohost.a(__sys_appexit.o)
 .debug_abbrev  0x00003bc0       0x5c D:/NXP/MCUXpressoIDE_25.6.136/ide/plugins/com.nxp.mcuxpresso.tools.win32_25.6.0.202501151204/tools/bin/../lib/gcc/arm-none-eabi/14.2.1/../../../../arm-none-eabi/lib/thumb/v7-m/nofp\libcr_nohost.a(__sys_close.o)
 .debug_abbrev  0x00003c1c       0x5c D:/NXP/MCUXpressoIDE_25.6.136/ide/plugins/com.nxp.mcuxpresso.tools.win32_25.6.0.202501151204/tools/bin/../lib/gcc/arm-none-eabi/14.2.1/../../../../arm-none-eabi/lib/thumb/v7-m/nofp\libcr_nohost.a(__sys_flen.o)
 .debug_abbrev  0x00003c78       0x5c D:/NXP/MCUXpressoIDE_25.6.136/ide/plugins/com.nxp.mcuxpresso.tools.win32_25.6.0.202501151204/tools/bin/../lib/gcc/arm-none-eabi/14.2.1/../../../../arm-none-eabi/lib/thumb/v7-m/nofp\libcr_nohost.a(__sys_istty.o)
 .debug_abbrev  0x00003cd4       0x7d D:/NXP/MCUXpressoIDE_25.6.136/ide/plugins/com.nxp.mcuxpresso.tools.win32_25.6.0.202501151204/tools/bin/../lib/gcc/arm-none-eabi/14.2.1/../../../../arm-none-eabi/lib/thumb/v7-m/nofp\libcr_nohost.a(__sys_remove.o)
 .debug_abbrev  0x00003d51       0x6d D:/NXP/MCUXpressoIDE_25.6.136/ide/plugins/com.nxp.mcuxpresso.tools.win32_25.6.0.202501151204/tools/bin/../lib/gcc/arm-none-eabi/14.2.1/../../../../arm-none-eabi/lib/thumb/v7-m/nofp\libcr_nohost.a(__sys_seek.o)
 .debug_abbrev  0x00003dbe       0x76 D:/NXP/MCUXpressoIDE_25.6.136/ide/plugins/com.nxp.mcuxpresso.tools.win32_25.6.0.202501151204/tools/bin/../lib/gcc/arm-none-eabi/14.2.1/../../../../arm-none-eabi/lib/thumb/v7-m/nofp\libcr_nohost.a(__sys_tmpnam.o)

.debug_aranges  0x00000000      0xc40
 .debug_aranges
                0x00000000       0x80 ./example/src/cr_startup_lpc15xx.o
 .debug_aranges
                0x00000080       0xb8 ./example/src/rtc.o
 .debug_aranges
                0x00000138       0x20 ./example/src/sysinit.o
 .debug_aranges
                0x00000158       0xd0 D:\NXP\BP\lpc_board_nxp_lpcxpresso_1549\Debug\liblpc_board_nxp_lpcxpresso_1549.a(board.o)
 .debug_aranges
                0x00000228       0x60 D:\NXP\BP\lpc_board_nxp_lpcxpresso_1549\Debug\liblpc_board_nxp_lpcxpresso_1549.a(board_sysinit.o)
 .debug_aranges
                0x00000288       0x50 D:\NXP\BP\lpc_chip_15xx\Debug\liblpc_chip_15xx.a(chip_15xx.o)
 .debug_aranges
                0x000002d8      0x128 D:\NXP\BP\lpc_chip_15xx\Debug\liblpc_chip_15xx.a(clock_15xx.o)
 .debug_aranges
                0x00000400       0x70 D:\NXP\BP\lpc_chip_15xx\Debug\liblpc_chip_15xx.a(gpio_15xx.o)
 .debug_aranges
                0x00000470       0x28 D:\NXP\BP\lpc_chip_15xx\Debug\liblpc_chip_15xx.a(iocon_15xx.o)
 .debug_aranges
                0x00000498       0x48 D:\NXP\BP\lpc_chip_15xx\Debug\liblpc_chip_15xx.a(pmu_15xx.o)
 .debug_aranges
                0x000004e0       0x40 D:\NXP\BP\lpc_chip_15xx\Debug\liblpc_chip_15xx.a(swm_15xx.o)
 .debug_aranges
                0x00000520       0x50 D:\NXP\BP\lpc_chip_15xx\Debug\liblpc_chip_15xx.a(sysctl_15xx.o)
 .debug_aranges
                0x00000570       0x58 D:\NXP\BP\lpc_chip_15xx\Debug\liblpc_chip_15xx.a(sysinit_15xx.o)
 .debug_aranges
                0x000005c8       0xc8 D:\NXP\BP\lpc_chip_15xx\Debug\liblpc_chip_15xx.a(uart_15xx.o)
 .debug_aranges
                0x00000690       0x20 D:/NXP/MCUXpressoIDE_25.6.136/ide/plugins/com.nxp.mcuxpresso.tools.win32_25.6.0.202501151204/tools/bin/../lib/gcc/arm-none-eabi/14.2.1/../../../../arm-none-eabi/lib/thumb/v7-m/nofp\libcr_nohost.a(_cr__main.o)
 .debug_aranges
                0x000006b0       0x78 D:/NXP/MCUXpressoIDE_25.6.136/ide/plugins/com.nxp.mcuxpresso.tools.win32_25.6.0.202501151204/tools/bin/../lib/gcc/arm-none-eabi/14.2.1/../../../../arm-none-eabi/lib/thumb/v7-m/nofp\libcr_c.a(fpprintf.o)
 .debug_aranges
                0x00000728       0x28 D:/NXP/MCUXpressoIDE_25.6.136/ide/plugins/com.nxp.mcuxpresso.tools.win32_25.6.0.202501151204/tools/bin/../lib/gcc/arm-none-eabi/14.2.1/../../../../arm-none-eabi/lib/thumb/v7-m/nofp\libcr_c.a(initio.o)
 .debug_aranges
                0x00000750       0x70 D:/NXP/MCUXpressoIDE_25.6.136/ide/plugins/com.nxp.mcuxpresso.tools.win32_25.6.0.202501151204/tools/bin/../lib/gcc/arm-none-eabi/14.2.1/../../../../arm-none-eabi/lib/thumb/v7-m/nofp\libcr_c.a(printf.o)
 .debug_aranges
                0x000007c0       0x20 D:/NXP/MCUXpressoIDE_25.6.136/ide/plugins/com.nxp.mcuxpresso.tools.win32_25.6.0.202501151204/tools/bin/../lib/gcc/arm-none-eabi/14.2.1/../../../../arm-none-eabi/lib/thumb/v7-m/nofp\libcr_c.a(setvbuf.o)
 .debug_aranges
                0x000007e0       0x20 D:/NXP/MCUXpressoIDE_25.6.136/ide/plugins/com.nxp.mcuxpresso.tools.win32_25.6.0.202501151204/tools/bin/../lib/gcc/arm-none-eabi/14.2.1/../../../../arm-none-eabi/lib/thumb/v7-m/nofp\libcr_c.a(strlen.o)
 .debug_aranges
                0x00000800       0x20 D:/NXP/MCUXpressoIDE_25.6.136/ide/plugins/com.nxp.mcuxpresso.tools.win32_25.6.0.202501151204/tools/bin/../lib/gcc/arm-none-eabi/14.2.1/../../../../arm-none-eabi/lib/thumb/v7-m/nofp\libcr_c.a(memset.o)
 .debug_aranges
                0x00000820       0x28 D:/NXP/MCUXpressoIDE_25.6.136/ide/plugins/com.nxp.mcuxpresso.tools.win32_25.6.0.202501151204/tools/bin/../lib/gcc/arm-none-eabi/14.2.1/../../../../arm-none-eabi/lib/thumb/v7-m/nofp\libcr_c.a(_deferredlazyseek.o)
 .debug_aranges
                0x00000848       0x20 D:/NXP/MCUXpressoIDE_25.6.136/ide/plugins/com.nxp.mcuxpresso.tools.win32_25.6.0.202501151204/tools/bin/../lib/gcc/arm-none-eabi/14.2.1/../../../../arm-none-eabi/lib/thumb/v7-m/nofp\libcr_c.a(_fdopen.o)
 .debug_aranges
                0x00000868       0x20 D:/NXP/MCUXpressoIDE_25.6.136/ide/plugins/com.nxp.mcuxpresso.tools.win32_25.6.0.202501151204/tools/bin/../lib/gcc/arm-none-eabi/14.2.1/../../../../arm-none-eabi/lib/thumb/v7-m/nofp\libcr_c.a(_fflush.o)
 .debug_aranges
                0x00000888       0x20 D:/NXP/MCUXpressoIDE_25.6.136/ide/plugins/com.nxp.mcuxpresso.tools.win32_25.6.0.202501151204/tools/bin/../lib/gcc/arm-none-eabi/14.2.1/../../../../arm-none-eabi/lib/thumb/v7-m/nofp\libcr_c.a(_frexpl.o)
 .debug_aranges
                0x000008a8       0x20 D:/NXP/MCUXpressoIDE_25.6.136/ide/plugins/com.nxp.mcuxpresso.tools.win32_25.6.0.202501151204/tools/bin/../lib/gcc/arm-none-eabi/14.2.1/../../../../arm-none-eabi/lib/thumb/v7-m/nofp\libcr_c.a(_ldexpl.o)
 .debug_aranges
                0x000008c8       0x20 D:/NXP/MCUXpressoIDE_25.6.136/ide/plugins/com.nxp.mcuxpresso.tools.win32_25.6.0.202501151204/tools/bin/../lib/gcc/arm-none-eabi/14.2.1/../../../../arm-none-eabi/lib/thumb/v7-m/nofp\libcr_c.a(_writebuf.o)
 .debug_aranges
                0x000008e8       0x40 D:/NXP/MCUXpressoIDE_25.6.136/ide/plugins/com.nxp.mcuxpresso.tools.win32_25.6.0.202501151204/tools/bin/../lib/gcc/arm-none-eabi/14.2.1/../../../../arm-none-eabi/lib/thumb/v7-m/nofp\libcr_c.a(alloc.o)
 .debug_aranges
                0x00000928       0x18 D:/NXP/MCUXpressoIDE_25.6.136/ide/plugins/com.nxp.mcuxpresso.tools.win32_25.6.0.202501151204/tools/bin/../lib/gcc/arm-none-eabi/14.2.1/../../../../arm-none-eabi/lib/thumb/v7-m/nofp\libcr_c.a(errno.o)
 .debug_aranges
                0x00000940       0x20 D:/NXP/MCUXpressoIDE_25.6.136/ide/plugins/com.nxp.mcuxpresso.tools.win32_25.6.0.202501151204/tools/bin/../lib/gcc/arm-none-eabi/14.2.1/../../../../arm-none-eabi/lib/thumb/v7-m/nofp\libcr_c.a(fclose.o)
 .debug_aranges
                0x00000960       0x20 D:/NXP/MCUXpressoIDE_25.6.136/ide/plugins/com.nxp.mcuxpresso.tools.win32_25.6.0.202501151204/tools/bin/../lib/gcc/arm-none-eabi/14.2.1/../../../../arm-none-eabi/lib/thumb/v7-m/nofp\libcr_c.a(fflush.o)
 .debug_aranges
                0x00000980       0x20 D:/NXP/MCUXpressoIDE_25.6.136/ide/plugins/com.nxp.mcuxpresso.tools.win32_25.6.0.202501151204/tools/bin/../lib/gcc/arm-none-eabi/14.2.1/../../../../arm-none-eabi/lib/thumb/v7-m/nofp\libcr_c.a(fseek.o)
 .debug_aranges
                0x000009a0       0x20 D:/NXP/MCUXpressoIDE_25.6.136/ide/plugins/com.nxp.mcuxpresso.tools.win32_25.6.0.202501151204/tools/bin/../lib/gcc/arm-none-eabi/14.2.1/../../../../arm-none-eabi/lib/thumb/v7-m/nofp\libcr_c.a(ftell.o)
 .debug_aranges
                0x000009c0       0x28 D:/NXP/MCUXpressoIDE_25.6.136/ide/plugins/com.nxp.mcuxpresso.tools.win32_25.6.0.202501151204/tools/bin/../lib/gcc/arm-none-eabi/14.2.1/../../../../arm-none-eabi/lib/thumb/v7-m/nofp\libcr_c.a(remove.o)
 .debug_aranges
                0x000009e8       0x20 D:/NXP/MCUXpressoIDE_25.6.136/ide/plugins/com.nxp.mcuxpresso.tools.win32_25.6.0.202501151204/tools/bin/../lib/gcc/arm-none-eabi/14.2.1/../../../../arm-none-eabi/lib/thumb/v7-m/nofp\libcr_c.a(__init_alloc.o)
 .debug_aranges
                0x00000a08       0x20 D:/NXP/MCUXpressoIDE_25.6.136/ide/plugins/com.nxp.mcuxpresso.tools.win32_25.6.0.202501151204/tools/bin/../lib/gcc/arm-none-eabi/14.2.1/../../../../arm-none-eabi/lib/thumb/v7-m/nofp\libcr_c.a(_cr_sbrk.o)
 .debug_aranges
                0x00000a28       0x20 D:/NXP/MCUXpressoIDE_25.6.136/ide/plugins/com.nxp.mcuxpresso.tools.win32_25.6.0.202501151204/tools/bin/../lib/gcc/arm-none-eabi/14.2.1/../../../../arm-none-eabi/lib/thumb/v7-m/nofp\libcr_c.a(_do_fflush.o)
 .debug_aranges
                0x00000a48       0x20 D:/NXP/MCUXpressoIDE_25.6.136/ide/plugins/com.nxp.mcuxpresso.tools.win32_25.6.0.202501151204/tools/bin/../lib/gcc/arm-none-eabi/14.2.1/../../../../arm-none-eabi/lib/thumb/v7-m/nofp\libcr_c.a(_cr_check_heap.o)
 .debug_aranges
                0x00000a68       0xe0 D:/NXP/MCUXpressoIDE_25.6.136/ide/plugins/com.nxp.mcuxpresso.tools.win32_25.6.0.202501151204/tools/bin/../lib/gcc/arm-none-eabi/14.2.1/thumb/v7-m/nofp\libcr_eabihelpers.a(double.o)
 .debug_aranges
                0x00000b48       0x18 D:/NXP/MCUXpressoIDE_25.6.136/ide/plugins/com.nxp.mcuxpresso.tools.win32_25.6.0.202501151204/tools/bin/../lib/gcc/arm-none-eabi/14.2.1/../../../../arm-none-eabi/lib/thumb/v7-m/nofp\libcr_nohost.a(__ciob.o)
 .debug_aranges
                0x00000b60       0x20 D:/NXP/MCUXpressoIDE_25.6.136/ide/plugins/com.nxp.mcuxpresso.tools.win32_25.6.0.202501151204/tools/bin/../lib/gcc/arm-none-eabi/14.2.1/../../../../arm-none-eabi/lib/thumb/v7-m/nofp\libcr_nohost.a(__sys_appexit.o)
 .debug_aranges
                0x00000b80       0x20 D:/NXP/MCUXpressoIDE_25.6.136/ide/plugins/com.nxp.mcuxpresso.tools.win32_25.6.0.202501151204/tools/bin/../lib/gcc/arm-none-eabi/14.2.1/../../../../arm-none-eabi/lib/thumb/v7-m/nofp\libcr_nohost.a(__sys_close.o)
 .debug_aranges
                0x00000ba0       0x20 D:/NXP/MCUXpressoIDE_25.6.136/ide/plugins/com.nxp.mcuxpresso.tools.win32_25.6.0.202501151204/tools/bin/../lib/gcc/arm-none-eabi/14.2.1/../../../../arm-none-eabi/lib/thumb/v7-m/nofp\libcr_nohost.a(__sys_flen.o)
 .debug_aranges
                0x00000bc0       0x20 D:/NXP/MCUXpressoIDE_25.6.136/ide/plugins/com.nxp.mcuxpresso.tools.win32_25.6.0.202501151204/tools/bin/../lib/gcc/arm-none-eabi/14.2.1/../../../../arm-none-eabi/lib/thumb/v7-m/nofp\libcr_nohost.a(__sys_istty.o)
 .debug_aranges
                0x00000be0       0x20 D:/NXP/MCUXpressoIDE_25.6.136/ide/plugins/com.nxp.mcuxpresso.tools.win32_25.6.0.202501151204/tools/bin/../lib/gcc/arm-none-eabi/14.2.1/../../../../arm-none-eabi/lib/thumb/v7-m/nofp\libcr_nohost.a(__sys_remove.o)
 .debug_aranges
                0x00000c00       0x20 D:/NXP/MCUXpressoIDE_25.6.136/ide/plugins/com.nxp.mcuxpresso.tools.win32_25.6.0.202501151204/tools/bin/../lib/gcc/arm-none-eabi/14.2.1/../../../../arm-none-eabi/lib/thumb/v7-m/nofp\libcr_nohost.a(__sys_seek.o)
 .debug_aranges
                0x00000c20       0x20 D:/NXP/MCUXpressoIDE_25.6.136/ide/plugins/com.nxp.mcuxpresso.tools.win32_25.6.0.202501151204/tools/bin/../lib/gcc/arm-none-eabi/14.2.1/../../../../arm-none-eabi/lib/thumb/v7-m/nofp\libcr_nohost.a(__sys_tmpnam.o)

.debug_ranges   0x00000000      0xdc8
 .debug_ranges  0x00000000       0x70 ./example/src/cr_startup_lpc15xx.o
 .debug_ranges  0x00000070       0xa8 ./example/src/rtc.o
 .debug_ranges  0x00000118       0x10 ./example/src/sysinit.o
 .debug_ranges  0x00000128       0xc0 D:\NXP\BP\lpc_board_nxp_lpcxpresso_1549\Debug\liblpc_board_nxp_lpcxpresso_1549.a(board.o)
 .debug_ranges  0x000001e8       0x50 D:\NXP\BP\lpc_board_nxp_lpcxpresso_1549\Debug\liblpc_board_nxp_lpcxpresso_1549.a(board_sysinit.o)
 .debug_ranges  0x00000238       0x40 D:\NXP\BP\lpc_chip_15xx\Debug\liblpc_chip_15xx.a(chip_15xx.o)
 .debug_ranges  0x00000278      0x118 D:\NXP\BP\lpc_chip_15xx\Debug\liblpc_chip_15xx.a(clock_15xx.o)
 .debug_ranges  0x00000390       0x60 D:\NXP\BP\lpc_chip_15xx\Debug\liblpc_chip_15xx.a(gpio_15xx.o)
 .debug_ranges  0x000003f0       0x18 D:\NXP\BP\lpc_chip_15xx\Debug\liblpc_chip_15xx.a(iocon_15xx.o)
 .debug_ranges  0x00000408       0x38 D:\NXP\BP\lpc_chip_15xx\Debug\liblpc_chip_15xx.a(pmu_15xx.o)
 .debug_ranges  0x00000440       0x30 D:\NXP\BP\lpc_chip_15xx\Debug\liblpc_chip_15xx.a(swm_15xx.o)
 .debug_ranges  0x00000470       0x40 D:\NXP\BP\lpc_chip_15xx\Debug\liblpc_chip_15xx.a(sysctl_15xx.o)
 .debug_ranges  0x000004b0       0x48 D:\NXP\BP\lpc_chip_15xx\Debug\liblpc_chip_15xx.a(sysinit_15xx.o)
 .debug_ranges  0x000004f8       0xb8 D:\NXP\BP\lpc_chip_15xx\Debug\liblpc_chip_15xx.a(uart_15xx.o)
 .debug_ranges  0x000005b0       0x10 D:/NXP/MCUXpressoIDE_25.6.136/ide/plugins/com.nxp.mcuxpresso.tools.win32_25.6.0.202501151204/tools/bin/../lib/gcc/arm-none-eabi/14.2.1/../../../../arm-none-eabi/lib/thumb/v7-m/nofp\libcr_nohost.a(_cr__main.o)
 .debug_ranges  0x000005c0      0x108 D:/NXP/MCUXpressoIDE_25.6.136/ide/plugins/com.nxp.mcuxpresso.tools.win32_25.6.0.202501151204/tools/bin/../lib/gcc/arm-none-eabi/14.2.1/../../../../arm-none-eabi/lib/thumb/v7-m/nofp\libcr_c.a(fpprintf.o)
 .debug_ranges  0x000006c8       0x18 D:/NXP/MCUXpressoIDE_25.6.136/ide/plugins/com.nxp.mcuxpresso.tools.win32_25.6.0.202501151204/tools/bin/../lib/gcc/arm-none-eabi/14.2.1/../../../../arm-none-eabi/lib/thumb/v7-m/nofp\libcr_c.a(initio.o)
 .debug_ranges  0x000006e0      0x248 D:/NXP/MCUXpressoIDE_25.6.136/ide/plugins/com.nxp.mcuxpresso.tools.win32_25.6.0.202501151204/tools/bin/../lib/gcc/arm-none-eabi/14.2.1/../../../../arm-none-eabi/lib/thumb/v7-m/nofp\libcr_c.a(printf.o)
 .debug_ranges  0x00000928       0x10 D:/NXP/MCUXpressoIDE_25.6.136/ide/plugins/com.nxp.mcuxpresso.tools.win32_25.6.0.202501151204/tools/bin/../lib/gcc/arm-none-eabi/14.2.1/../../../../arm-none-eabi/lib/thumb/v7-m/nofp\libcr_c.a(setvbuf.o)
 .debug_ranges  0x00000938       0x10 D:/NXP/MCUXpressoIDE_25.6.136/ide/plugins/com.nxp.mcuxpresso.tools.win32_25.6.0.202501151204/tools/bin/../lib/gcc/arm-none-eabi/14.2.1/../../../../arm-none-eabi/lib/thumb/v7-m/nofp\libcr_c.a(strlen.o)
 .debug_ranges  0x00000948       0x10 D:/NXP/MCUXpressoIDE_25.6.136/ide/plugins/com.nxp.mcuxpresso.tools.win32_25.6.0.202501151204/tools/bin/../lib/gcc/arm-none-eabi/14.2.1/../../../../arm-none-eabi/lib/thumb/v7-m/nofp\libcr_c.a(memset.o)
 .debug_ranges  0x00000958       0x30 D:/NXP/MCUXpressoIDE_25.6.136/ide/plugins/com.nxp.mcuxpresso.tools.win32_25.6.0.202501151204/tools/bin/../lib/gcc/arm-none-eabi/14.2.1/../../../../arm-none-eabi/lib/thumb/v7-m/nofp\libcr_c.a(_deferredlazyseek.o)
 .debug_ranges  0x00000988       0x10 D:/NXP/MCUXpressoIDE_25.6.136/ide/plugins/com.nxp.mcuxpresso.tools.win32_25.6.0.202501151204/tools/bin/../lib/gcc/arm-none-eabi/14.2.1/../../../../arm-none-eabi/lib/thumb/v7-m/nofp\libcr_c.a(_fdopen.o)
 .debug_ranges  0x00000998       0x10 D:/NXP/MCUXpressoIDE_25.6.136/ide/plugins/com.nxp.mcuxpresso.tools.win32_25.6.0.202501151204/tools/bin/../lib/gcc/arm-none-eabi/14.2.1/../../../../arm-none-eabi/lib/thumb/v7-m/nofp\libcr_c.a(_fflush.o)
 .debug_ranges  0x000009a8       0x10 D:/NXP/MCUXpressoIDE_25.6.136/ide/plugins/com.nxp.mcuxpresso.tools.win32_25.6.0.202501151204/tools/bin/../lib/gcc/arm-none-eabi/14.2.1/../../../../arm-none-eabi/lib/thumb/v7-m/nofp\libcr_c.a(_frexpl.o)
 .debug_ranges  0x000009b8       0x10 D:/NXP/MCUXpressoIDE_25.6.136/ide/plugins/com.nxp.mcuxpresso.tools.win32_25.6.0.202501151204/tools/bin/../lib/gcc/arm-none-eabi/14.2.1/../../../../arm-none-eabi/lib/thumb/v7-m/nofp\libcr_c.a(_ldexpl.o)
 .debug_ranges  0x000009c8       0x10 D:/NXP/MCUXpressoIDE_25.6.136/ide/plugins/com.nxp.mcuxpresso.tools.win32_25.6.0.202501151204/tools/bin/../lib/gcc/arm-none-eabi/14.2.1/../../../../arm-none-eabi/lib/thumb/v7-m/nofp\libcr_c.a(_writebuf.o)
 .debug_ranges  0x000009d8       0x48 D:/NXP/MCUXpressoIDE_25.6.136/ide/plugins/com.nxp.mcuxpresso.tools.win32_25.6.0.202501151204/tools/bin/../lib/gcc/arm-none-eabi/14.2.1/../../../../arm-none-eabi/lib/thumb/v7-m/nofp\libcr_c.a(alloc.o)
 .debug_ranges  0x00000a20       0x10 D:/NXP/MCUXpressoIDE_25.6.136/ide/plugins/com.nxp.mcuxpresso.tools.win32_25.6.0.202501151204/tools/bin/../lib/gcc/arm-none-eabi/14.2.1/../../../../arm-none-eabi/lib/thumb/v7-m/nofp\libcr_c.a(fclose.o)
 .debug_ranges  0x00000a30       0x28 D:/NXP/MCUXpressoIDE_25.6.136/ide/plugins/com.nxp.mcuxpresso.tools.win32_25.6.0.202501151204/tools/bin/../lib/gcc/arm-none-eabi/14.2.1/../../../../arm-none-eabi/lib/thumb/v7-m/nofp\libcr_c.a(fflush.o)
 .debug_ranges  0x00000a58       0x10 D:/NXP/MCUXpressoIDE_25.6.136/ide/plugins/com.nxp.mcuxpresso.tools.win32_25.6.0.202501151204/tools/bin/../lib/gcc/arm-none-eabi/14.2.1/../../../../arm-none-eabi/lib/thumb/v7-m/nofp\libcr_c.a(fseek.o)
 .debug_ranges  0x00000a68       0x10 D:/NXP/MCUXpressoIDE_25.6.136/ide/plugins/com.nxp.mcuxpresso.tools.win32_25.6.0.202501151204/tools/bin/../lib/gcc/arm-none-eabi/14.2.1/../../../../arm-none-eabi/lib/thumb/v7-m/nofp\libcr_c.a(ftell.o)
 .debug_ranges  0x00000a78       0x18 D:/NXP/MCUXpressoIDE_25.6.136/ide/plugins/com.nxp.mcuxpresso.tools.win32_25.6.0.202501151204/tools/bin/../lib/gcc/arm-none-eabi/14.2.1/../../../../arm-none-eabi/lib/thumb/v7-m/nofp\libcr_c.a(remove.o)
 .debug_ranges  0x00000a90       0x10 D:/NXP/MCUXpressoIDE_25.6.136/ide/plugins/com.nxp.mcuxpresso.tools.win32_25.6.0.202501151204/tools/bin/../lib/gcc/arm-none-eabi/14.2.1/../../../../arm-none-eabi/lib/thumb/v7-m/nofp\libcr_c.a(__init_alloc.o)
 .debug_ranges  0x00000aa0       0x10 D:/NXP/MCUXpressoIDE_25.6.136/ide/plugins/com.nxp.mcuxpresso.tools.win32_25.6.0.202501151204/tools/bin/../lib/gcc/arm-none-eabi/14.2.1/../../../../arm-none-eabi/lib/thumb/v7-m/nofp\libcr_c.a(_cr_sbrk.o)
 .debug_ranges  0x00000ab0       0x28 D:/NXP/MCUXpressoIDE_25.6.136/ide/plugins/com.nxp.mcuxpresso.tools.win32_25.6.0.202501151204/tools/bin/../lib/gcc/arm-none-eabi/14.2.1/../../../../arm-none-eabi/lib/thumb/v7-m/nofp\libcr_c.a(_do_fflush.o)
 .debug_ranges  0x00000ad8       0x10 D:/NXP/MCUXpressoIDE_25.6.136/ide/plugins/com.nxp.mcuxpresso.tools.win32_25.6.0.202501151204/tools/bin/../lib/gcc/arm-none-eabi/14.2.1/../../../../arm-none-eabi/lib/thumb/v7-m/nofp\libcr_c.a(_cr_check_heap.o)
 .debug_ranges  0x00000ae8      0x270 D:/NXP/MCUXpressoIDE_25.6.136/ide/plugins/com.nxp.mcuxpresso.tools.win32_25.6.0.202501151204/tools/bin/../lib/gcc/arm-none-eabi/14.2.1/thumb/v7-m/nofp\libcr_eabihelpers.a(double.o)
 .debug_ranges  0x00000d58       0x10 D:/NXP/MCUXpressoIDE_25.6.136/ide/plugins/com.nxp.mcuxpresso.tools.win32_25.6.0.202501151204/tools/bin/../lib/gcc/arm-none-eabi/14.2.1/../../../../arm-none-eabi/lib/thumb/v7-m/nofp\libcr_nohost.a(__sys_appexit.o)
 .debug_ranges  0x00000d68       0x10 D:/NXP/MCUXpressoIDE_25.6.136/ide/plugins/com.nxp.mcuxpresso.tools.win32_25.6.0.202501151204/tools/bin/../lib/gcc/arm-none-eabi/14.2.1/../../../../arm-none-eabi/lib/thumb/v7-m/nofp\libcr_nohost.a(__sys_close.o)
 .debug_ranges  0x00000d78       0x10 D:/NXP/MCUXpressoIDE_25.6.136/ide/plugins/com.nxp.mcuxpresso.tools.win32_25.6.0.202501151204/tools/bin/../lib/gcc/arm-none-eabi/14.2.1/../../../../arm-none-eabi/lib/thumb/v7-m/nofp\libcr_nohost.a(__sys_flen.o)
 .debug_ranges  0x00000d88       0x10 D:/NXP/MCUXpressoIDE_25.6.136/ide/plugins/com.nxp.mcuxpresso.tools.win32_25.6.0.202501151204/tools/bin/../lib/gcc/arm-none-eabi/14.2.1/../../../../arm-none-eabi/lib/thumb/v7-m/nofp\libcr_nohost.a(__sys_istty.o)
 .debug_ranges  0x00000d98       0x10 D:/NXP/MCUXpressoIDE_25.6.136/ide/plugins/com.nxp.mcuxpresso.tools.win32_25.6.0.202501151204/tools/bin/../lib/gcc/arm-none-eabi/14.2.1/../../../../arm-none-eabi/lib/thumb/v7-m/nofp\libcr_nohost.a(__sys_remove.o)
 .debug_ranges  0x00000da8       0x10 D:/NXP/MCUXpressoIDE_25.6.136/ide/plugins/com.nxp.mcuxpresso.tools.win32_25.6.0.202501151204/tools/bin/../lib/gcc/arm-none-eabi/14.2.1/../../../../arm-none-eabi/lib/thumb/v7-m/nofp\libcr_nohost.a(__sys_seek.o)
 .debug_ranges  0x00000db8       0x10 D:/NXP/MCUXpressoIDE_25.6.136/ide/plugins/com.nxp.mcuxpresso.tools.win32_25.6.0.202501151204/tools/bin/../lib/gcc/arm-none-eabi/14.2.1/../../../../arm-none-eabi/lib/thumb/v7-m/nofp\libcr_nohost.a(__sys_tmpnam.o)

.debug_macro    0x00000000     0x5ebb
 .debug_macro   0x00000000       0x23 ./example/src/cr_startup_lpc15xx.o
 .debug_macro   0x00000023      0xad8 ./example/src/cr_startup_lpc15xx.o
 .debug_macro   0x00000afb      0x293 ./example/src/rtc.o
 .debug_macro   0x00000d8e       0x10 ./example/src/rtc.o
 .debug_macro   0x00000d9e      0x12e ./example/src/rtc.o
 .debug_macro   0x00000ecc       0x28 ./example/src/rtc.o
 .debug_macro   0x00000ef4      0x5b3 ./example/src/rtc.o
 .debug_macro   0x000014a7       0x22 ./example/src/rtc.o
 .debug_macro   0x000014c9       0x74 ./example/src/rtc.o
 .debug_macro   0x0000153d       0x16 ./example/src/rtc.o
 .debug_macro   0x00001553       0x2d ./example/src/rtc.o
 .debug_macro   0x00001580       0x3a ./example/src/rtc.o
 .debug_macro   0x000015ba       0x2d ./example/src/rtc.o
 .debug_macro   0x000015e7      0xa7d ./example/src/rtc.o
 .debug_macro   0x00002064      0x1b4 ./example/src/rtc.o
 .debug_macro   0x00002218       0xca ./example/src/rtc.o
 .debug_macro   0x000022e2       0x18 ./example/src/rtc.o
 .debug_macro   0x000022fa       0xb2 ./example/src/rtc.o
 .debug_macro   0x000023ac       0x70 ./example/src/rtc.o
 .debug_macro   0x0000241c       0x46 ./example/src/rtc.o
 .debug_macro   0x00002462       0xd0 ./example/src/rtc.o
 .debug_macro   0x00002532       0x40 ./example/src/rtc.o
 .debug_macro   0x00002572      0x233 ./example/src/rtc.o
 .debug_macro   0x000027a5       0x16 ./example/src/rtc.o
 .debug_macro   0x000027bb       0x88 ./example/src/rtc.o
 .debug_macro   0x00002843       0x34 ./example/src/rtc.o
 .debug_macro   0x00002877       0x6a ./example/src/rtc.o
 .debug_macro   0x000028e1       0x40 ./example/src/rtc.o
 .debug_macro   0x00002921       0x1c ./example/src/rtc.o
 .debug_macro   0x0000293d       0x16 ./example/src/rtc.o
 .debug_macro   0x00002953      0x10c ./example/src/rtc.o
 .debug_macro   0x00002a5f      0x2a9 ./example/src/rtc.o
 .debug_macro   0x00002d08       0x76 ./example/src/rtc.o
 .debug_macro   0x00002d7e       0x22 ./example/src/rtc.o
 .debug_macro   0x00002da0      0x152 ./example/src/rtc.o
 .debug_macro   0x00002ef2       0x82 ./example/src/rtc.o
 .debug_macro   0x00002f74       0xe6 ./example/src/rtc.o
 .debug_macro   0x0000305a       0x3a ./example/src/rtc.o
 .debug_macro   0x00003094       0x34 ./example/src/rtc.o
 .debug_macro   0x000030c8       0x10 ./example/src/rtc.o
 .debug_macro   0x000030d8       0x76 ./example/src/rtc.o
 .debug_macro   0x0000314e       0x58 ./example/src/rtc.o
 .debug_macro   0x000031a6      0x2ca ./example/src/rtc.o
 .debug_macro   0x00003470      0x22b ./example/src/rtc.o
 .debug_macro   0x0000369b       0x2e ./example/src/rtc.o
 .debug_macro   0x000036c9       0x34 ./example/src/rtc.o
 .debug_macro   0x000036fd       0x9a ./example/src/rtc.o
 .debug_macro   0x00003797       0x20 ./example/src/rtc.o
 .debug_macro   0x000037b7      0x26e ./example/src/sysinit.o
 .debug_macro   0x00003a25       0x7b ./example/src/sysinit.o
 .debug_macro   0x00003aa0      0x284 D:\NXP\BP\lpc_board_nxp_lpcxpresso_1549\Debug\liblpc_board_nxp_lpcxpresso_1549.a(board.o)
 .debug_macro   0x00003d24      0xad8 D:\NXP\BP\lpc_board_nxp_lpcxpresso_1549\Debug\liblpc_board_nxp_lpcxpresso_1549.a(board.o)
 .debug_macro   0x000047fc       0x12 D:\NXP\BP\lpc_board_nxp_lpcxpresso_1549\Debug\liblpc_board_nxp_lpcxpresso_1549.a(board.o)
 .debug_macro   0x0000480e      0x288 D:\NXP\BP\lpc_board_nxp_lpcxpresso_1549\Debug\liblpc_board_nxp_lpcxpresso_1549.a(board_sysinit.o)
 .debug_macro   0x00004a96      0x239 D:\NXP\BP\lpc_chip_15xx\Debug\liblpc_chip_15xx.a(chip_15xx.o)
 .debug_macro   0x00004ccf      0x239 D:\NXP\BP\lpc_chip_15xx\Debug\liblpc_chip_15xx.a(clock_15xx.o)
 .debug_macro   0x00004f08      0x239 D:\NXP\BP\lpc_chip_15xx\Debug\liblpc_chip_15xx.a(gpio_15xx.o)
 .debug_macro   0x00005141      0x239 D:\NXP\BP\lpc_chip_15xx\Debug\liblpc_chip_15xx.a(iocon_15xx.o)
 .debug_macro   0x0000537a      0x239 D:\NXP\BP\lpc_chip_15xx\Debug\liblpc_chip_15xx.a(pmu_15xx.o)
 .debug_macro   0x000055b3      0x245 D:\NXP\BP\lpc_chip_15xx\Debug\liblpc_chip_15xx.a(swm_15xx.o)
 .debug_macro   0x000057f8      0x251 D:\NXP\BP\lpc_chip_15xx\Debug\liblpc_chip_15xx.a(sysctl_15xx.o)
 .debug_macro   0x00005a49      0x239 D:\NXP\BP\lpc_chip_15xx\Debug\liblpc_chip_15xx.a(sysinit_15xx.o)
 .debug_macro   0x00005c82      0x239 D:\NXP\BP\lpc_chip_15xx\Debug\liblpc_chip_15xx.a(uart_15xx.o)

.debug_line     0x00000000     0xb42f
 .debug_line    0x00000000      0x12b ./example/src/cr_startup_lpc15xx.o
 .debug_line    0x0000012b      0x762 ./example/src/rtc.o
 .debug_line    0x0000088d      0x4cd ./example/src/sysinit.o
 .debug_line    0x00000d5a      0x82a D:\NXP\BP\lpc_board_nxp_lpcxpresso_1549\Debug\liblpc_board_nxp_lpcxpresso_1549.a(board.o)
 .debug_line    0x00001584      0x609 D:\NXP\BP\lpc_board_nxp_lpcxpresso_1549\Debug\liblpc_board_nxp_lpcxpresso_1549.a(board_sysinit.o)
 .debug_line    0x00001b8d      0x554 D:\NXP\BP\lpc_chip_15xx\Debug\liblpc_chip_15xx.a(chip_15xx.o)
 .debug_line    0x000020e1      0x9bf D:\NXP\BP\lpc_chip_15xx\Debug\liblpc_chip_15xx.a(clock_15xx.o)
 .debug_line    0x00002aa0      0x5d7 D:\NXP\BP\lpc_chip_15xx\Debug\liblpc_chip_15xx.a(gpio_15xx.o)
 .debug_line    0x00003077      0x4ba D:\NXP\BP\lpc_chip_15xx\Debug\liblpc_chip_15xx.a(iocon_15xx.o)
 .debug_line    0x00003531      0x564 D:\NXP\BP\lpc_chip_15xx\Debug\liblpc_chip_15xx.a(pmu_15xx.o)
 .debug_line    0x00003a95      0x549 D:\NXP\BP\lpc_chip_15xx\Debug\liblpc_chip_15xx.a(swm_15xx.o)
 .debug_line    0x00003fde      0x5a4 D:\NXP\BP\lpc_chip_15xx\Debug\liblpc_chip_15xx.a(sysctl_15xx.o)
 .debug_line    0x00004582      0x5a0 D:\NXP\BP\lpc_chip_15xx\Debug\liblpc_chip_15xx.a(sysinit_15xx.o)
 .debug_line    0x00004b22      0x7fd D:\NXP\BP\lpc_chip_15xx\Debug\liblpc_chip_15xx.a(uart_15xx.o)
 .debug_line    0x0000531f       0xc4 D:/NXP/MCUXpressoIDE_25.6.136/ide/plugins/com.nxp.mcuxpresso.tools.win32_25.6.0.202501151204/tools/bin/../lib/gcc/arm-none-eabi/14.2.1/../../../../arm-none-eabi/lib/thumb/v7-m/nofp\libcr_nohost.a(_cr__main.o)
 .debug_line    0x000053e3     0x10b8 D:/NXP/MCUXpressoIDE_25.6.136/ide/plugins/com.nxp.mcuxpresso.tools.win32_25.6.0.202501151204/tools/bin/../lib/gcc/arm-none-eabi/14.2.1/../../../../arm-none-eabi/lib/thumb/v7-m/nofp\libcr_c.a(fpprintf.o)
 .debug_line    0x0000649b      0x1b9 D:/NXP/MCUXpressoIDE_25.6.136/ide/plugins/com.nxp.mcuxpresso.tools.win32_25.6.0.202501151204/tools/bin/../lib/gcc/arm-none-eabi/14.2.1/../../../../arm-none-eabi/lib/thumb/v7-m/nofp\libcr_c.a(initio.o)
 .debug_line    0x00006654     0x10fb D:/NXP/MCUXpressoIDE_25.6.136/ide/plugins/com.nxp.mcuxpresso.tools.win32_25.6.0.202501151204/tools/bin/../lib/gcc/arm-none-eabi/14.2.1/../../../../arm-none-eabi/lib/thumb/v7-m/nofp\libcr_c.a(printf.o)
 .debug_line    0x0000774f      0x15c D:/NXP/MCUXpressoIDE_25.6.136/ide/plugins/com.nxp.mcuxpresso.tools.win32_25.6.0.202501151204/tools/bin/../lib/gcc/arm-none-eabi/14.2.1/../../../../arm-none-eabi/lib/thumb/v7-m/nofp\libcr_c.a(setvbuf.o)
 .debug_line    0x000078ab      0x141 D:/NXP/MCUXpressoIDE_25.6.136/ide/plugins/com.nxp.mcuxpresso.tools.win32_25.6.0.202501151204/tools/bin/../lib/gcc/arm-none-eabi/14.2.1/../../../../arm-none-eabi/lib/thumb/v7-m/nofp\libcr_c.a(strlen.o)