13:59:38 **** Build of configuration Debug for project lpc_board_nxp_lpcxpresso_1549 ****
make -r -j8 all 
Building file: ../src/board_sysinit.c
Building file: ../src/board.c
Invoking: MCU C Compiler
arm-none-eabi-gcc -D__REDLIB__ -DDEBUG -D__CODE_RED -D__USE_LPCOPEN -DCORE_M3 -I"E:\PS\P_NXP\LPC1549_USB\lpc_chip_15xx\inc" -I"E:\PS\P_NXP\LPC1549_USB\lpc_board_nxp_lpcxpresso_1549\inc" -O0 -g3 -gdwarf-4 -Wall -c -fmessage-length=0 -fno-builtin -ffunction-sections -fdata-sections -fmerge-constants -fmacro-prefix-map="../src/"= -mcpu=cortex-m3 -mthumb -fstack-usage -specs=redlib.specs -MMD -MP -MF"src/board_sysinit.d" -MT"src/board_sysinit.o" -MT"src/board_sysinit.d" -o "src/board_sysinit.o" "../src/board_sysinit.c"
Invoking: MCU C Compiler
arm-none-eabi-gcc -D__REDLIB__ -DDEBUG -D__CODE_RED -D__USE_LPCOPEN -DCORE_M3 -I"E:\PS\P_NXP\LPC1549_USB\lpc_chip_15xx\inc" -I"E:\PS\P_NXP\LPC1549_USB\lpc_board_nxp_lpcxpresso_1549\inc" -O0 -g3 -gdwarf-4 -Wall -c -fmessage-length=0 -fno-builtin -ffunction-sections -fdata-sections -fmerge-constants -fmacro-prefix-map="../src/"= -mcpu=cortex-m3 -mthumb -fstack-usage -specs=redlib.specs -MMD -MP -MF"src/board.d" -MT"src/board.o" -MT"src/board.d" -o "src/board.o" "../src/board.c"
Finished building: ../src/board_sysinit.c
Finished building: ../src/board.c
 
 
Building target: liblpc_board_nxp_lpcxpresso_1549.a
Invoking: MCU Archiver
arm-none-eabi-ar -r  "liblpc_board_nxp_lpcxpresso_1549.a" ./src/board.o ./src/board_sysinit.o   
arm-none-eabi-ar: creating liblpc_board_nxp_lpcxpresso_1549.a
Finished building target: liblpc_board_nxp_lpcxpresso_1549.a
 
Performing post-build steps
arm-none-eabi-size "liblpc_board_nxp_lpcxpresso_1549.a" ; # arm-none-eabi-objdump -h -S "liblpc_board_nxp_lpcxpresso_1549.a" >"liblpc_board_nxp_lpcxpresso_1549.lss"
   text	   data	    bss	    dec	    hex	filename
   1313	      0	      0	   1313	    521	board.o (ex liblpc_board_nxp_lpcxpresso_1549.a)
    574	      0	      0	    574	    23e	board_sysinit.o (ex liblpc_board_nxp_lpcxpresso_1549.a)
 
13:59:40 **** Build of configuration Debug for project lpc_chip_15xx ****
make -r -j8 all 
Building file: ../src/acmp_15xx.c
Building file: ../src/adc_15xx.c
Building file: ../src/chip_15xx.c
Invoking: MCU C Compiler
arm-none-eabi-gcc -D__REDLIB__ -DDEBUG -D__CODE_RED -D__USE_LPCOPEN -DCORE_M3 -I"E:\PS\P_NXP\LPC1549_USB\lpc_chip_15xx\inc" -O0 -g3 -gdwarf-4 -Wall -c -fmessage-length=0 -fno-builtin -ffunction-sections -fdata-sections -fmerge-constants -fmacro-prefix-map="../src/"= -mcpu=cortex-m3 -mthumb -fstack-usage -specs=redlib.specs -MMD -MP -MF"src/acmp_15xx.d" -MT"src/acmp_15xx.o" -MT"src/acmp_15xx.d" -o "src/acmp_15xx.o" "../src/acmp_15xx.c"
Invoking: MCU C Compiler
Invoking: MCU C Compiler
arm-none-eabi-gcc -D__REDLIB__ -DDEBUG -D__CODE_RED -D__USE_LPCOPEN -DCORE_M3 -I"E:\PS\P_NXP\LPC1549_USB\lpc_chip_15xx\inc" -O0 -g3 -gdwarf-4 -Wall -c -fmessage-length=0 -fno-builtin -ffunction-sections -fdata-sections -fmerge-constants -fmacro-prefix-map="../src/"= -mcpu=cortex-m3 -mthumb -fstack-usage -specs=redlib.specs -MMD -MP -MF"src/adc_15xx.d" -MT"src/adc_15xx.o" -MT"src/adc_15xx.d" -o "src/adc_15xx.o" "../src/adc_15xx.c"
arm-none-eabi-gcc -D__REDLIB__ -DDEBUG -D__CODE_RED -D__USE_LPCOPEN -DCORE_M3 -I"E:\PS\P_NXP\LPC1549_USB\lpc_chip_15xx\inc" -O0 -g3 -gdwarf-4 -Wall -c -fmessage-length=0 -fno-builtin -ffunction-sections -fdata-sections -fmerge-constants -fmacro-prefix-map="../src/"= -mcpu=cortex-m3 -mthumb -fstack-usage -specs=redlib.specs -MMD -MP -MF"src/chip_15xx.d" -MT"src/chip_15xx.o" -MT"src/chip_15xx.d" -o "src/chip_15xx.o" "../src/chip_15xx.c"
Building file: ../src/clock_15xx.c
Invoking: MCU C Compiler
arm-none-eabi-gcc -D__REDLIB__ -DDEBUG -D__CODE_RED -D__USE_LPCOPEN -DCORE_M3 -I"E:\PS\P_NXP\LPC1549_USB\lpc_chip_15xx\inc" -O0 -g3 -gdwarf-4 -Wall -c -fmessage-length=0 -fno-builtin -ffunction-sections -fdata-sections -fmerge-constants -fmacro-prefix-map="../src/"= -mcpu=cortex-m3 -mthumb -fstack-usage -specs=redlib.specs -MMD -MP -MF"src/clock_15xx.d" -MT"src/clock_15xx.o" -MT"src/clock_15xx.d" -o "src/clock_15xx.o" "../src/clock_15xx.c"
Building file: ../src/crc_15xx.c
Building file: ../src/dac_15xx.c
Building file: ../src/dma_15xx.c
Invoking: MCU C Compiler
Invoking: MCU C Compiler
arm-none-eabi-gcc -D__REDLIB__ -DDEBUG -D__CODE_RED -D__USE_LPCOPEN -DCORE_M3 -I"E:\PS\P_NXP\LPC1549_USB\lpc_chip_15xx\inc" -O0 -g3 -gdwarf-4 -Wall -c -fmessage-length=0 -fno-builtin -ffunction-sections -fdata-sections -fmerge-constants -fmacro-prefix-map="../src/"= -mcpu=cortex-m3 -mthumb -fstack-usage -specs=redlib.specs -MMD -MP -MF"src/crc_15xx.d" -MT"src/crc_15xx.o" -MT"src/crc_15xx.d" -o "src/crc_15xx.o" "../src/crc_15xx.c"
arm-none-eabi-gcc -D__REDLIB__ -DDEBUG -D__CODE_RED -D__USE_LPCOPEN -DCORE_M3 -I"E:\PS\P_NXP\LPC1549_USB\lpc_chip_15xx\inc" -O0 -g3 -gdwarf-4 -Wall -c -fmessage-length=0 -fno-builtin -ffunction-sections -fdata-sections -fmerge-constants -fmacro-prefix-map="../src/"= -mcpu=cortex-m3 -mthumb -fstack-usage -specs=redlib.specs -MMD -MP -MF"src/dac_15xx.d" -MT"src/dac_15xx.o" -MT"src/dac_15xx.d" -o "src/dac_15xx.o" "../src/dac_15xx.c"
Invoking: MCU C Compiler
arm-none-eabi-gcc -D__REDLIB__ -DDEBUG -D__CODE_RED -D__USE_LPCOPEN -DCORE_M3 -I"E:\PS\P_NXP\LPC1549_USB\lpc_chip_15xx\inc" -O0 -g3 -gdwarf-4 -Wall -c -fmessage-length=0 -fno-builtin -ffunction-sections -fdata-sections -fmerge-constants -fmacro-prefix-map="../src/"= -mcpu=cortex-m3 -mthumb -fstack-usage -specs=redlib.specs -MMD -MP -MF"src/dma_15xx.d" -MT"src/dma_15xx.o" -MT"src/dma_15xx.d" -o "src/dma_15xx.o" "../src/dma_15xx.c"
Building file: ../src/eeprom.c
Invoking: MCU C Compiler
arm-none-eabi-gcc -D__REDLIB__ -DDEBUG -D__CODE_RED -D__USE_LPCOPEN -DCORE_M3 -I"E:\PS\P_NXP\LPC1549_USB\lpc_chip_15xx\inc" -O0 -g3 -gdwarf-4 -Wall -c -fmessage-length=0 -fno-builtin -ffunction-sections -fdata-sections -fmerge-constants -fmacro-prefix-map="../src/"= -mcpu=cortex-m3 -mthumb -fstack-usage -specs=redlib.specs -MMD -MP -MF"src/eeprom.d" -MT"src/eeprom.o" -MT"src/eeprom.d" -o "src/eeprom.o" "../src/eeprom.c"
Finished building: ../src/acmp_15xx.c
Finished building: ../src/adc_15xx.c
Finished building: ../src/chip_15xx.c
 
 
 
Building file: ../src/gpio_15xx.c
Building file: ../src/i2c_common_15xx.c
Building file: ../src/i2cm_15xx.c
Invoking: MCU C Compiler
Invoking: MCU C Compiler
arm-none-eabi-gcc -D__REDLIB__ -DDEBUG -D__CODE_RED -D__USE_LPCOPEN -DCORE_M3 -I"E:\PS\P_NXP\LPC1549_USB\lpc_chip_15xx\inc" -O0 -g3 -gdwarf-4 -Wall -c -fmessage-length=0 -fno-builtin -ffunction-sections -fdata-sections -fmerge-constants -fmacro-prefix-map="../src/"= -mcpu=cortex-m3 -mthumb -fstack-usage -specs=redlib.specs -MMD -MP -MF"src/gpio_15xx.d" -MT"src/gpio_15xx.o" -MT"src/gpio_15xx.d" -o "src/gpio_15xx.o" "../src/gpio_15xx.c"
Finished building: ../src/clock_15xx.c
arm-none-eabi-gcc -D__REDLIB__ -DDEBUG -D__CODE_RED -D__USE_LPCOPEN -DCORE_M3 -I"E:\PS\P_NXP\LPC1549_USB\lpc_chip_15xx\inc" -O0 -g3 -gdwarf-4 -Wall -c -fmessage-length=0 -fno-builtin -ffunction-sections -fdata-sections -fmerge-constants -fmacro-prefix-map="../src/"= -mcpu=cortex-m3 -mthumb -fstack-usage -specs=redlib.specs -MMD -MP -MF"src/i2c_common_15xx.d" -MT"src/i2c_common_15xx.o" -MT"src/i2c_common_15xx.d" -o "src/i2c_common_15xx.o" "../src/i2c_common_15xx.c"
Invoking: MCU C Compiler
 
Finished building: ../src/dac_15xx.c
Finished building: ../src/crc_15xx.c
arm-none-eabi-gcc -D__REDLIB__ -DDEBUG -D__CODE_RED -D__USE_LPCOPEN -DCORE_M3 -I"E:\PS\P_NXP\LPC1549_USB\lpc_chip_15xx\inc" -O0 -g3 -gdwarf-4 -Wall -c -fmessage-length=0 -fno-builtin -ffunction-sections -fdata-sections -fmerge-constants -fmacro-prefix-map="../src/"= -mcpu=cortex-m3 -mthumb -fstack-usage -specs=redlib.specs -MMD -MP -MF"src/i2cm_15xx.d" -MT"src/i2cm_15xx.o" -MT"src/i2cm_15xx.d" -o "src/i2cm_15xx.o" "../src/i2cm_15xx.c"
Finished building: ../src/dma_15xx.c
Finished building: ../src/eeprom.c
 
 
 
 
Building file: ../src/i2cs_15xx.c
Building file: ../src/iap.c
Building file: ../src/iocon_15xx.c
Invoking: MCU C Compiler
Invoking: MCU C Compiler
arm-none-eabi-gcc -D__REDLIB__ -DDEBUG -D__CODE_RED -D__USE_LPCOPEN -DCORE_M3 -I"E:\PS\P_NXP\LPC1549_USB\lpc_chip_15xx\inc" -O0 -g3 -gdwarf-4 -Wall -c -fmessage-length=0 -fno-builtin -ffunction-sections -fdata-sections -fmerge-constants -fmacro-prefix-map="../src/"= -mcpu=cortex-m3 -mthumb -fstack-usage -specs=redlib.specs -MMD -MP -MF"src/i2cs_15xx.d" -MT"src/i2cs_15xx.o" -MT"src/i2cs_15xx.d" -o "src/i2cs_15xx.o" "../src/i2cs_15xx.c"
Invoking: MCU C Compiler
arm-none-eabi-gcc -D__REDLIB__ -DDEBUG -D__CODE_RED -D__USE_LPCOPEN -DCORE_M3 -I"E:\PS\P_NXP\LPC1549_USB\lpc_chip_15xx\inc" -O0 -g3 -gdwarf-4 -Wall -c -fmessage-length=0 -fno-builtin -ffunction-sections -fdata-sections -fmerge-constants -fmacro-prefix-map="../src/"= -mcpu=cortex-m3 -mthumb -fstack-usage -specs=redlib.specs -MMD -MP -MF"src/iap.d" -MT"src/iap.o" -MT"src/iap.d" -o "src/iap.o" "../src/iap.c"
Building file: ../src/pinint_15xx.c
arm-none-eabi-gcc -D__REDLIB__ -DDEBUG -D__CODE_RED -D__USE_LPCOPEN -DCORE_M3 -I"E:\PS\P_NXP\LPC1549_USB\lpc_chip_15xx\inc" -O0 -g3 -gdwarf-4 -Wall -c -fmessage-length=0 -fno-builtin -ffunction-sections -fdata-sections -fmerge-constants -fmacro-prefix-map="../src/"= -mcpu=cortex-m3 -mthumb -fstack-usage -specs=redlib.specs -MMD -MP -MF"src/iocon_15xx.d" -MT"src/iocon_15xx.o" -MT"src/iocon_15xx.d" -o "src/iocon_15xx.o" "../src/iocon_15xx.c"
Invoking: MCU C Compiler
Building file: ../src/pmu_15xx.c
arm-none-eabi-gcc -D__REDLIB__ -DDEBUG -D__CODE_RED -D__USE_LPCOPEN -DCORE_M3 -I"E:\PS\P_NXP\LPC1549_USB\lpc_chip_15xx\inc" -O0 -g3 -gdwarf-4 -Wall -c -fmessage-length=0 -fno-builtin -ffunction-sections -fdata-sections -fmerge-constants -fmacro-prefix-map="../src/"= -mcpu=cortex-m3 -mthumb -fstack-usage -specs=redlib.specs -MMD -MP -MF"src/pinint_15xx.d" -MT"src/pinint_15xx.o" -MT"src/pinint_15xx.d" -o "src/pinint_15xx.o" "../src/pinint_15xx.c"
Invoking: MCU C Compiler
arm-none-eabi-gcc -D__REDLIB__ -DDEBUG -D__CODE_RED -D__USE_LPCOPEN -DCORE_M3 -I"E:\PS\P_NXP\LPC1549_USB\lpc_chip_15xx\inc" -O0 -g3 -gdwarf-4 -Wall -c -fmessage-length=0 -fno-builtin -ffunction-sections -fdata-sections -fmerge-constants -fmacro-prefix-map="../src/"= -mcpu=cortex-m3 -mthumb -fstack-usage -specs=redlib.specs -MMD -MP -MF"src/pmu_15xx.d" -MT"src/pmu_15xx.o" -MT"src/pmu_15xx.d" -o "src/pmu_15xx.o" "../src/pmu_15xx.c"
Finished building: ../src/gpio_15xx.c
Finished building: ../src/i2c_common_15xx.c
 
 
Building file: ../src/ring_buffer.c
Finished building: ../src/i2cm_15xx.c
Building file: ../src/ritimer_15xx.c
Invoking: MCU C Compiler
arm-none-eabi-gcc -D__REDLIB__ -DDEBUG -D__CODE_RED -D__USE_LPCOPEN -DCORE_M3 -I"E:\PS\P_NXP\LPC1549_USB\lpc_chip_15xx\inc" -O0 -g3 -gdwarf-4 -Wall -c -fmessage-length=0 -fno-builtin -ffunction-sections -fdata-sections -fmerge-constants -fmacro-prefix-map="../src/"= -mcpu=cortex-m3 -mthumb -fstack-usage -specs=redlib.specs -MMD -MP -MF"src/ring_buffer.d" -MT"src/ring_buffer.o" -MT"src/ring_buffer.d" -o "src/ring_buffer.o" "../src/ring_buffer.c"
 
Invoking: MCU C Compiler
Finished building: ../src/iocon_15xx.c
arm-none-eabi-gcc -D__REDLIB__ -DDEBUG -D__CODE_RED -D__USE_LPCOPEN -DCORE_M3 -I"E:\PS\P_NXP\LPC1549_USB\lpc_chip_15xx\inc" -O0 -g3 -gdwarf-4 -Wall -c -fmessage-length=0 -fno-builtin -ffunction-sections -fdata-sections -fmerge-constants -fmacro-prefix-map="../src/"= -mcpu=cortex-m3 -mthumb -fstack-usage -specs=redlib.specs -MMD -MP -MF"src/ritimer_15xx.d" -MT"src/ritimer_15xx.o" -MT"src/ritimer_15xx.d" -o "src/ritimer_15xx.o" "../src/ritimer_15xx.c"
Finished building: ../src/i2cs_15xx.c
Finished building: ../src/iap.c
 
 
 
Finished building: ../src/pinint_15xx.c
Building file: ../src/rtc_15xx.c
Building file: ../src/sct_15xx.c
 
Building file: ../src/sct_pwm_15xx.c
Invoking: MCU C Compiler
Invoking: MCU C Compiler
arm-none-eabi-gcc -D__REDLIB__ -DDEBUG -D__CODE_RED -D__USE_LPCOPEN -DCORE_M3 -I"E:\PS\P_NXP\LPC1549_USB\lpc_chip_15xx\inc" -O0 -g3 -gdwarf-4 -Wall -c -fmessage-length=0 -fno-builtin -ffunction-sections -fdata-sections -fmerge-constants -fmacro-prefix-map="../src/"= -mcpu=cortex-m3 -mthumb -fstack-usage -specs=redlib.specs -MMD -MP -MF"src/rtc_15xx.d" -MT"src/rtc_15xx.o" -MT"src/rtc_15xx.d" -o "src/rtc_15xx.o" "../src/rtc_15xx.c"
Finished building: ../src/pmu_15xx.c
arm-none-eabi-gcc -D__REDLIB__ -DDEBUG -D__CODE_RED -D__USE_LPCOPEN -DCORE_M3 -I"E:\PS\P_NXP\LPC1549_USB\lpc_chip_15xx\inc" -O0 -g3 -gdwarf-4 -Wall -c -fmessage-length=0 -fno-builtin -ffunction-sections -fdata-sections -fmerge-constants -fmacro-prefix-map="../src/"= -mcpu=cortex-m3 -mthumb -fstack-usage -specs=redlib.specs -MMD -MP -MF"src/sct_15xx.d" -MT"src/sct_15xx.o" -MT"src/sct_15xx.d" -o "src/sct_15xx.o" "../src/sct_15xx.c"
Invoking: MCU C Compiler
arm-none-eabi-gcc -D__REDLIB__ -DDEBUG -D__CODE_RED -D__USE_LPCOPEN -DCORE_M3 -I"E:\PS\P_NXP\LPC1549_USB\lpc_chip_15xx\inc" -O0 -g3 -gdwarf-4 -Wall -c -fmessage-length=0 -fno-builtin -ffunction-sections -fdata-sections -fmerge-constants -fmacro-prefix-map="../src/"= -mcpu=cortex-m3 -mthumb -fstack-usage -specs=redlib.specs -MMD -MP -MF"src/sct_pwm_15xx.d" -MT"src/sct_pwm_15xx.o" -MT"src/sct_pwm_15xx.d" -o "src/sct_pwm_15xx.o" "../src/sct_pwm_15xx.c"
 
Building file: ../src/sctipu_15xx.c
Building file: ../src/spi_15xx.c
Building file: ../src/stopwatch_15xx.c
Finished building: ../src/ring_buffer.c
Invoking: MCU C Compiler
Invoking: MCU C Compiler
arm-none-eabi-gcc -D__REDLIB__ -DDEBUG -D__CODE_RED -D__USE_LPCOPEN -DCORE_M3 -I"E:\PS\P_NXP\LPC1549_USB\lpc_chip_15xx\inc" -O0 -g3 -gdwarf-4 -Wall -c -fmessage-length=0 -fno-builtin -ffunction-sections -fdata-sections -fmerge-constants -fmacro-prefix-map="../src/"= -mcpu=cortex-m3 -mthumb -fstack-usage -specs=redlib.specs -MMD -MP -MF"src/sctipu_15xx.d" -MT"src/sctipu_15xx.o" -MT"src/sctipu_15xx.d" -o "src/sctipu_15xx.o" "../src/sctipu_15xx.c"
Invoking: MCU C Compiler
arm-none-eabi-gcc -D__REDLIB__ -DDEBUG -D__CODE_RED -D__USE_LPCOPEN -DCORE_M3 -I"E:\PS\P_NXP\LPC1549_USB\lpc_chip_15xx\inc" -O0 -g3 -gdwarf-4 -Wall -c -fmessage-length=0 -fno-builtin -ffunction-sections -fdata-sections -fmerge-constants -fmacro-prefix-map="../src/"= -mcpu=cortex-m3 -mthumb -fstack-usage -specs=redlib.specs -MMD -MP -MF"src/spi_15xx.d" -MT"src/spi_15xx.o" -MT"src/spi_15xx.d" -o "src/spi_15xx.o" "../src/spi_15xx.c"
 
arm-none-eabi-gcc -D__REDLIB__ -DDEBUG -D__CODE_RED -D__USE_LPCOPEN -DCORE_M3 -I"E:\PS\P_NXP\LPC1549_USB\lpc_chip_15xx\inc" -O0 -g3 -gdwarf-4 -Wall -c -fmessage-length=0 -fno-builtin -ffunction-sections -fdata-sections -fmerge-constants -fmacro-prefix-map="../src/"= -mcpu=cortex-m3 -mthumb -fstack-usage -specs=redlib.specs -MMD -MP -MF"src/stopwatch_15xx.d" -MT"src/stopwatch_15xx.o" -MT"src/stopwatch_15xx.d" -o "src/stopwatch_15xx.o" "../src/stopwatch_15xx.c"
Building file: ../src/swm_15xx.c
Finished building: ../src/ritimer_15xx.c
Invoking: MCU C Compiler
arm-none-eabi-gcc -D__REDLIB__ -DDEBUG -D__CODE_RED -D__USE_LPCOPEN -DCORE_M3 -I"E:\PS\P_NXP\LPC1549_USB\lpc_chip_15xx\inc" -O0 -g3 -gdwarf-4 -Wall -c -fmessage-length=0 -fno-builtin -ffunction-sections -fdata-sections -fmerge-constants -fmacro-prefix-map="../src/"= -mcpu=cortex-m3 -mthumb -fstack-usage -specs=redlib.specs -MMD -MP -MF"src/swm_15xx.d" -MT"src/swm_15xx.o" -MT"src/swm_15xx.d" -o "src/swm_15xx.o" "../src/swm_15xx.c"
 
Building file: ../src/sysctl_15xx.c
Finished building: ../src/rtc_15xx.c
Finished building: ../src/sct_15xx.c
Invoking: MCU C Compiler
arm-none-eabi-gcc -D__REDLIB__ -DDEBUG -D__CODE_RED -D__USE_LPCOPEN -DCORE_M3 -I"E:\PS\P_NXP\LPC1549_USB\lpc_chip_15xx\inc" -O0 -g3 -gdwarf-4 -Wall -c -fmessage-length=0 -fno-builtin -ffunction-sections -fdata-sections -fmerge-constants -fmacro-prefix-map="../src/"= -mcpu=cortex-m3 -mthumb -fstack-usage -specs=redlib.specs -MMD -MP -MF"src/sysctl_15xx.d" -MT"src/sysctl_15xx.o" -MT"src/sysctl_15xx.d" -o "src/sysctl_15xx.o" "../src/sysctl_15xx.c"
 
 
Building file: ../src/sysinit_15xx.c
Finished building: ../src/sct_pwm_15xx.c
Building file: ../src/uart_15xx.c
Invoking: MCU C Compiler
arm-none-eabi-gcc -D__REDLIB__ -DDEBUG -D__CODE_RED -D__USE_LPCOPEN -DCORE_M3 -I"E:\PS\P_NXP\LPC1549_USB\lpc_chip_15xx\inc" -O0 -g3 -gdwarf-4 -Wall -c -fmessage-length=0 -fno-builtin -ffunction-sections -fdata-sections -fmerge-constants -fmacro-prefix-map="../src/"= -mcpu=cortex-m3 -mthumb -fstack-usage -specs=redlib.specs -MMD -MP -MF"src/sysinit_15xx.d" -MT"src/sysinit_15xx.o" -MT"src/sysinit_15xx.d" -o "src/sysinit_15xx.o" "../src/sysinit_15xx.c"
 
Invoking: MCU C Compiler
arm-none-eabi-gcc -D__REDLIB__ -DDEBUG -D__CODE_RED -D__USE_LPCOPEN -DCORE_M3 -I"E:\PS\P_NXP\LPC1549_USB\lpc_chip_15xx\inc" -O0 -g3 -gdwarf-4 -Wall -c -fmessage-length=0 -fno-builtin -ffunction-sections -fdata-sections -fmerge-constants -fmacro-prefix-map="../src/"= -mcpu=cortex-m3 -mthumb -fstack-usage -specs=redlib.specs -MMD -MP -MF"src/uart_15xx.d" -MT"src/uart_15xx.o" -MT"src/uart_15xx.d" -o "src/uart_15xx.o" "../src/uart_15xx.c"
Finished building: ../src/sctipu_15xx.c
Building file: ../src/wwdt_15xx.c
Finished building: ../src/stopwatch_15xx.c
Finished building: ../src/spi_15xx.c
 
Invoking: MCU C Compiler
 
arm-none-eabi-gcc -D__REDLIB__ -DDEBUG -D__CODE_RED -D__USE_LPCOPEN -DCORE_M3 -I"E:\PS\P_NXP\LPC1549_USB\lpc_chip_15xx\inc" -O0 -g3 -gdwarf-4 -Wall -c -fmessage-length=0 -fno-builtin -ffunction-sections -fdata-sections -fmerge-constants -fmacro-prefix-map="../src/"= -mcpu=cortex-m3 -mthumb -fstack-usage -specs=redlib.specs -MMD -MP -MF"src/wwdt_15xx.d" -MT"src/wwdt_15xx.o" -MT"src/wwdt_15xx.d" -o "src/wwdt_15xx.o" "../src/wwdt_15xx.c"
 
Finished building: ../src/swm_15xx.c
 
../src/sysinit_15xx.c: In function 'Chip_SetupIrcClocking':
../src/sysinit_15xx.c:53:22: warning: unused variable 'i' [-Wunused-variable]
   53 |         volatile int i;
      |                      ^
Finished building: ../src/sysctl_15xx.c
 
Finished building: ../src/sysinit_15xx.c
 
Finished building: ../src/uart_15xx.c
 
Finished building: ../src/wwdt_15xx.c
 
Building target: liblpc_chip_15xx.a
Invoking: MCU Archiver
arm-none-eabi-ar -r  "liblpc_chip_15xx.a" ./src/acmp_15xx.o ./src/adc_15xx.o ./src/chip_15xx.o ./src/clock_15xx.o ./src/crc_15xx.o ./src/dac_15xx.o ./src/dma_15xx.o ./src/eeprom.o ./src/gpio_15xx.o ./src/i2c_common_15xx.o ./src/i2cm_15xx.o ./src/i2cs_15xx.o ./src/iap.o ./src/iocon_15xx.o ./src/pinint_15xx.o ./src/pmu_15xx.o ./src/ring_buffer.o ./src/ritimer_15xx.o ./src/rtc_15xx.o ./src/sct_15xx.o ./src/sct_pwm_15xx.o ./src/sctipu_15xx.o ./src/spi_15xx.o ./src/stopwatch_15xx.o ./src/swm_15xx.o ./src/sysctl_15xx.o ./src/sysinit_15xx.o ./src/uart_15xx.o ./src/wwdt_15xx.o   
arm-none-eabi-ar: creating liblpc_chip_15xx.a
Finished building target: liblpc_chip_15xx.a
 
Performing post-build steps
arm-none-eabi-size "liblpc_chip_15xx.a" ; # arm-none-eabi-objdump -h -S "liblpc_chip_15xx.a" >"liblpc_chip_15xx.lss"
   text	   data	    bss	    dec	    hex	filename
    610	      0	      0	    610	    262	acmp_15xx.o (ex liblpc_chip_15xx.a)
    790	      0	      0	    790	    316	adc_15xx.o (ex liblpc_chip_15xx.a)
    298	      0	      4	    302	    12e	chip_15xx.o (ex liblpc_chip_15xx.a)
   1700	      0	      0	   1700	    6a4	clock_15xx.o (ex liblpc_chip_15xx.a)
    494	      0	      0	    494	    1ee	crc_15xx.o (ex liblpc_chip_15xx.a)
     60	      0	      0	     60	     3c	dac_15xx.o (ex liblpc_chip_15xx.a)
    294	      0	    288	    582	    246	dma_15xx.o (ex liblpc_chip_15xx.a)
    192	      0	      0	    192	     c0	eeprom.o (ex liblpc_chip_15xx.a)
    684	      0	      0	    684	    2ac	gpio_15xx.o (ex liblpc_chip_15xx.a)
     84	      0	      0	     84	     54	i2c_common_15xx.o (ex liblpc_chip_15xx.a)
    866	      0	      0	    866	    362	i2cm_15xx.o (ex liblpc_chip_15xx.a)
    450	      0	      0	    450	    1c2	i2cs_15xx.o (ex liblpc_chip_15xx.a)
    598	      0	      0	    598	    256	iap.o (ex liblpc_chip_15xx.a)
    124	      0	      0	    124	     7c	iocon_15xx.o (ex liblpc_chip_15xx.a)
      0	      0	      0	      0	      0	pinint_15xx.o (ex liblpc_chip_15xx.a)
    300	      0	      0	    300	    12c	pmu_15xx.o (ex liblpc_chip_15xx.a)
    962	      0	      0	    962	    3c2	ring_buffer.o (ex liblpc_chip_15xx.a)
    692	      0	      0	    692	    2b4	ritimer_15xx.o (ex liblpc_chip_15xx.a)
      0	      0	      0	      0	      0	rtc_15xx.o (ex liblpc_chip_15xx.a)
    318	      0	      0	    318	    13e	sct_15xx.o (ex liblpc_chip_15xx.a)
    412	      0	      0	    412	    19c	sct_pwm_15xx.o (ex liblpc_chip_15xx.a)
    140	      0	      0	    140	     8c	sctipu_15xx.o (ex liblpc_chip_15xx.a)
   1766	      0	      0	   1766	    6e6	spi_15xx.o (ex liblpc_chip_15xx.a)
    328	      0	     12	    340	    154	stopwatch_15xx.o (ex liblpc_chip_15xx.a)
    356	      0	      0	    356	    164	swm_15xx.o (ex liblpc_chip_15xx.a)
    466	      0	      0	    466	    1d2	sysctl_15xx.o (ex liblpc_chip_15xx.a)
    420	      0	      0	    420	    1a4	sysinit_15xx.o (ex liblpc_chip_15xx.a)
   1116	      0	      0	   1116	    45c	uart_15xx.o (ex liblpc_chip_15xx.a)
    114	      0	      0	    114	     72	wwdt_15xx.o (ex liblpc_chip_15xx.a)
 
13:59:45 **** Build of configuration Debug for project usbd_rom_hid_generic ****
make -r -j8 all 
Building file: ../example/src/cr_startup_lpc15xx.c
Building file: ../example/src/hid_desc.c
Building file: ../example/src/hid_generic.c
Invoking: MCU C Compiler
arm-none-eabi-gcc -DDEBUG -D__CODE_RED -D__USE_LPCOPEN -D__REDLIB__ -DCORE_M3 -I"E:\PS\P_NXP\LPC1549_USB\lpc_chip_15xx\inc" -I"E:\PS\P_NXP\LPC1549_USB\lpc_board_nxp_lpcxpresso_1549\inc" -I"E:\PS\P_NXP\LPC1549_USB\usbd_rom_hid_generic\example\inc" -I"E:\PS\P_NXP\LPC1549_USB\lpc_chip_15xx\inc\usbd" -O0 -g3 -gdwarf-4 -Wall -c -fmessage-length=0 -fno-builtin -ffunction-sections -fdata-sections -fmerge-constants -fmacro-prefix-map="../example/src/"= -mcpu=cortex-m3 -mthumb -fstack-usage -specs=redlib.specs -MMD -MP -MF"example/src/cr_startup_lpc15xx.d" -MT"example/src/cr_startup_lpc15xx.o" -MT"example/src/cr_startup_lpc15xx.d" -o "example/src/cr_startup_lpc15xx.o" "../example/src/cr_startup_lpc15xx.c"
Invoking: MCU C Compiler
Invoking: MCU C Compiler
arm-none-eabi-gcc -DDEBUG -D__CODE_RED -D__USE_LPCOPEN -D__REDLIB__ -DCORE_M3 -I"E:\PS\P_NXP\LPC1549_USB\lpc_chip_15xx\inc" -I"E:\PS\P_NXP\LPC1549_USB\lpc_board_nxp_lpcxpresso_1549\inc" -I"E:\PS\P_NXP\LPC1549_USB\usbd_rom_hid_generic\example\inc" -I"E:\PS\P_NXP\LPC1549_USB\lpc_chip_15xx\inc\usbd" -O0 -g3 -gdwarf-4 -Wall -c -fmessage-length=0 -fno-builtin -ffunction-sections -fdata-sections -fmerge-constants -fmacro-prefix-map="../example/src/"= -mcpu=cortex-m3 -mthumb -fstack-usage -specs=redlib.specs -MMD -MP -MF"example/src/hid_desc.d" -MT"example/src/hid_desc.o" -MT"example/src/hid_desc.d" -o "example/src/hid_desc.o" "../example/src/hid_desc.c"
arm-none-eabi-gcc -DDEBUG -D__CODE_RED -D__USE_LPCOPEN -D__REDLIB__ -DCORE_M3 -I"E:\PS\P_NXP\LPC1549_USB\lpc_chip_15xx\inc" -I"E:\PS\P_NXP\LPC1549_USB\lpc_board_nxp_lpcxpresso_1549\inc" -I"E:\PS\P_NXP\LPC1549_USB\usbd_rom_hid_generic\example\inc" -I"E:\PS\P_NXP\LPC1549_USB\lpc_chip_15xx\inc\usbd" -O0 -g3 -gdwarf-4 -Wall -c -fmessage-length=0 -fno-builtin -ffunction-sections -fdata-sections -fmerge-constants -fmacro-prefix-map="../example/src/"= -mcpu=cortex-m3 -mthumb -fstack-usage -specs=redlib.specs -MMD -MP -MF"example/src/hid_generic.d" -MT"example/src/hid_generic.o" -MT"example/src/hid_generic.d" -o "example/src/hid_generic.o" "../example/src/hid_generic.c"
Building file: ../example/src/hid_main.c
Invoking: MCU C Compiler
arm-none-eabi-gcc -DDEBUG -D__CODE_RED -D__USE_LPCOPEN -D__REDLIB__ -DCORE_M3 -I"E:\PS\P_NXP\LPC1549_USB\lpc_chip_15xx\inc" -I"E:\PS\P_NXP\LPC1549_USB\lpc_board_nxp_lpcxpresso_1549\inc" -I"E:\PS\P_NXP\LPC1549_USB\usbd_rom_hid_generic\example\inc" -I"E:\PS\P_NXP\LPC1549_USB\lpc_chip_15xx\inc\usbd" -O0 -g3 -gdwarf-4 -Wall -c -fmessage-length=0 -fno-builtin -ffunction-sections -fdata-sections -fmerge-constants -fmacro-prefix-map="../example/src/"= -mcpu=cortex-m3 -mthumb -fstack-usage -specs=redlib.specs -MMD -MP -MF"example/src/hid_main.d" -MT"example/src/hid_main.o" -MT"example/src/hid_main.d" -o "example/src/hid_main.o" "../example/src/hid_main.c"
Building file: ../example/src/sysinit.c
Invoking: MCU C Compiler
arm-none-eabi-gcc -DDEBUG -D__CODE_RED -D__USE_LPCOPEN -D__REDLIB__ -DCORE_M3 -I"E:\PS\P_NXP\LPC1549_USB\lpc_chip_15xx\inc" -I"E:\PS\P_NXP\LPC1549_USB\lpc_board_nxp_lpcxpresso_1549\inc" -I"E:\PS\P_NXP\LPC1549_USB\usbd_rom_hid_generic\example\inc" -I"E:\PS\P_NXP\LPC1549_USB\lpc_chip_15xx\inc\usbd" -O0 -g3 -gdwarf-4 -Wall -c -fmessage-length=0 -fno-builtin -ffunction-sections -fdata-sections -fmerge-constants -fmacro-prefix-map="../example/src/"= -mcpu=cortex-m3 -mthumb -fstack-usage -specs=redlib.specs -MMD -MP -MF"example/src/sysinit.d" -MT"example/src/sysinit.o" -MT"example/src/sysinit.d" -o "example/src/sysinit.o" "../example/src/sysinit.c"
Finished building: ../example/src/cr_startup_lpc15xx.c
 
Finished building: ../example/src/hid_desc.c
 
Finished building: ../example/src/hid_generic.c
 
Finished building: ../example/src/sysinit.c
 
Finished building: ../example/src/hid_main.c
 
Building target: usbd_rom_hid_generic.axf
Invoking: MCU Linker
arm-none-eabi-gcc -nostdlib -L"E:\PS\P_NXP\LPC1549_USB\lpc_chip_15xx\Debug" -L"E:\PS\P_NXP\LPC1549_USB\lpc_board_nxp_lpcxpresso_1549\Debug" -Xlinker -Map="usbd_rom_hid_generic.map" -Xlinker --gc-sections -mcpu=cortex-m3 -mthumb -T usbd_rom_hid_generic_Debug.ld -o "usbd_rom_hid_generic.axf" ./example/src/cr_startup_lpc15xx.o ./example/src/hid_desc.o ./example/src/hid_generic.o ./example/src/hid_main.o ./example/src/sysinit.o    -llpc_board_nxp_lpcxpresso_1549 -llpc_chip_15xx
Finished building target: usbd_rom_hid_generic.axf
 
Performing post-build steps
arm-none-eabi-size "usbd_rom_hid_generic.axf"; # arm-none-eabi-objcopy -v -O binary "usbd_rom_hid_generic.axf" "usbd_rom_hid_generic.bin" ; # checksum -p LPC1549 -d "usbd_rom_hid_generic.bin";
   text	   data	    bss	    dec	    hex	filename
   7176	     44	    496	   7716	   1e24	usbd_rom_hid_generic.axf
 
13:59:59 **** Incremental Build of configuration Debug for project lpc_board_nxp_lpcxpresso_1549 ****
make -r -j8 all 
make[1]: Nothing to be done for 'main-build'.
Performing post-build steps
arm-none-eabi-size "liblpc_board_nxp_lpcxpresso_1549.a" ; # arm-none-eabi-objdump -h -S "liblpc_board_nxp_lpcxpresso_1549.a" >"liblpc_board_nxp_lpcxpresso_1549.lss"
   text	   data	    bss	    dec	    hex	filename
   1313	      0	      0	   1313	    521	board.o (ex liblpc_board_nxp_lpcxpresso_1549.a)
    574	      0	      0	    574	    23e	board_sysinit.o (ex liblpc_board_nxp_lpcxpresso_1549.a)
 
13:59:59 **** Incremental Build of configuration Debug for project lpc_chip_15xx ****
make -r -j8 all 
make[1]: Nothing to be done for 'main-build'.
Performing post-build steps
arm-none-eabi-size "liblpc_chip_15xx.a" ; # arm-none-eabi-objdump -h -S "liblpc_chip_15xx.a" >"liblpc_chip_15xx.lss"
   text	   data	    bss	    dec	    hex	filename
    610	      0	      0	    610	    262	acmp_15xx.o (ex liblpc_chip_15xx.a)
    790	      0	      0	    790	    316	adc_15xx.o (ex liblpc_chip_15xx.a)
    298	      0	      4	    302	    12e	chip_15xx.o (ex liblpc_chip_15xx.a)
   1700	      0	      0	   1700	    6a4	clock_15xx.o (ex liblpc_chip_15xx.a)
    494	      0	      0	    494	    1ee	crc_15xx.o (ex liblpc_chip_15xx.a)
     60	      0	      0	     60	     3c	dac_15xx.o (ex liblpc_chip_15xx.a)
    294	      0	    288	    582	    246	dma_15xx.o (ex liblpc_chip_15xx.a)
    192	      0	      0	    192	     c0	eeprom.o (ex liblpc_chip_15xx.a)
    684	      0	      0	    684	    2ac	gpio_15xx.o (ex liblpc_chip_15xx.a)
     84	      0	      0	     84	     54	i2c_common_15xx.o (ex liblpc_chip_15xx.a)
    866	      0	      0	    866	    362	i2cm_15xx.o (ex liblpc_chip_15xx.a)
    450	      0	      0	    450	    1c2	i2cs_15xx.o (ex liblpc_chip_15xx.a)
    598	      0	      0	    598	    256	iap.o (ex liblpc_chip_15xx.a)
    124	      0	      0	    124	     7c	iocon_15xx.o (ex liblpc_chip_15xx.a)
      0	      0	      0	      0	      0	pinint_15xx.o (ex liblpc_chip_15xx.a)
    300	      0	      0	    300	    12c	pmu_15xx.o (ex liblpc_chip_15xx.a)
    962	      0	      0	    962	    3c2	ring_buffer.o (ex liblpc_chip_15xx.a)
    692	      0	      0	    692	    2b4	ritimer_15xx.o (ex liblpc_chip_15xx.a)
      0	      0	      0	      0	      0	rtc_15xx.o (ex liblpc_chip_15xx.a)
    318	      0	      0	    318	    13e	sct_15xx.o (ex liblpc_chip_15xx.a)
    412	      0	      0	    412	    19c	sct_pwm_15xx.o (ex liblpc_chip_15xx.a)
    140	      0	      0	    140	     8c	sctipu_15xx.o (ex liblpc_chip_15xx.a)
   1766	      0	      0	   1766	    6e6	spi_15xx.o (ex liblpc_chip_15xx.a)
    328	      0	     12	    340	    154	stopwatch_15xx.o (ex liblpc_chip_15xx.a)
    356	      0	      0	    356	    164	swm_15xx.o (ex liblpc_chip_15xx.a)
    466	      0	      0	    466	    1d2	sysctl_15xx.o (ex liblpc_chip_15xx.a)
    420	      0	      0	    420	    1a4	sysinit_15xx.o (ex liblpc_chip_15xx.a)
   1116	      0	      0	   1116	    45c	uart_15xx.o (ex liblpc_chip_15xx.a)
    114	      0	      0	    114	     72	wwdt_15xx.o (ex liblpc_chip_15xx.a)
 
14:00:00 **** Incremental Build of configuration Debug for project usbd_rom_hid_generic ****
make -r -j8 all 
make[1]: Nothing to be done for 'main-build'.
Performing post-build steps
arm-none-eabi-size "usbd_rom_hid_generic.axf"; # arm-none-eabi-objcopy -v -O binary "usbd_rom_hid_generic.axf" "usbd_rom_hid_generic.bin" ; # checksum -p LPC1549 -d "usbd_rom_hid_generic.bin";
   text	   data	    bss	    dec	    hex	filename
   7176	     44	    496	   7716	   1e24	usbd_rom_hid_generic.axf
 
14:00:02 **** Incremental Build of configuration Debug for project usbd_rom_hid_generic ****
make -r -j8 all 
make[1]: Nothing to be done for 'main-build'.
Performing post-build steps
arm-none-eabi-size "usbd_rom_hid_generic.axf"; # arm-none-eabi-objcopy -v -O binary "usbd_rom_hid_generic.axf" "usbd_rom_hid_generic.bin" ; # checksum -p LPC1549 -d "usbd_rom_hid_generic.bin";
   text	   data	    bss	    dec	    hex	filename
   7176	     44	    496	   7716	   1e24	usbd_rom_hid_generic.axf
 
14:04:40 **** Incremental Build of configuration Debug for project usbd_rom_hid_generic ****
make -r -j8 all 
make[1]: Nothing to be done for 'main-build'.
Performing post-build steps
arm-none-eabi-size "usbd_rom_hid_generic.axf"; # arm-none-eabi-objcopy -v -O binary "usbd_rom_hid_generic.axf" "usbd_rom_hid_generic.bin" ; # checksum -p LPC1549 -d "usbd_rom_hid_generic.bin";
   text	   data	    bss	    dec	    hex	filename
   7176	     44	    496	   7716	   1e24	usbd_rom_hid_generic.axf
 
14:05:31 **** Incremental Build of configuration Debug for project usbd_rom_hid_generic ****
make -r -j8 all 
Building file: ../example/src/hid_main.c
Invoking: MCU C Compiler
arm-none-eabi-gcc -DDEBUG -D__CODE_RED -D__USE_LPCOPEN -D__REDLIB__ -DCORE_M3 -I"E:\PS\P_NXP\LPC1549_USB\lpc_chip_15xx\inc" -I"E:\PS\P_NXP\LPC1549_USB\lpc_board_nxp_lpcxpresso_1549\inc" -I"E:\PS\P_NXP\LPC1549_USB\usbd_rom_hid_generic\example\inc" -I"E:\PS\P_NXP\LPC1549_USB\lpc_chip_15xx\inc\usbd" -O0 -g3 -gdwarf-4 -Wall -c -fmessage-length=0 -fno-builtin -ffunction-sections -fdata-sections -fmerge-constants -fmacro-prefix-map="../example/src/"= -mcpu=cortex-m3 -mthumb -fstack-usage -specs=redlib.specs -MMD -MP -MF"example/src/hid_main.d" -MT"example/src/hid_main.o" -MT"example/src/hid_main.d" -o "example/src/hid_main.o" "../example/src/hid_main.c"
Finished building: ../example/src/hid_main.c
 
Building target: usbd_rom_hid_generic.axf
Invoking: MCU Linker
arm-none-eabi-gcc -nostdlib -L"E:\PS\P_NXP\LPC1549_USB\lpc_chip_15xx\Debug" -L"E:\PS\P_NXP\LPC1549_USB\lpc_board_nxp_lpcxpresso_1549\Debug" -Xlinker -Map="usbd_rom_hid_generic.map" -Xlinker --gc-sections -mcpu=cortex-m3 -mthumb -T usbd_rom_hid_generic_Debug.ld -o "usbd_rom_hid_generic.axf" ./example/src/cr_startup_lpc15xx.o ./example/src/hid_desc.o ./example/src/hid_generic.o ./example/src/hid_main.o ./example/src/sysinit.o    -llpc_board_nxp_lpcxpresso_1549 -llpc_chip_15xx
Finished building target: usbd_rom_hid_generic.axf
 
Performing post-build steps
arm-none-eabi-size "usbd_rom_hid_generic.axf"; # arm-none-eabi-objcopy -v -O binary "usbd_rom_hid_generic.axf" "usbd_rom_hid_generic.bin" ; # checksum -p LPC1549 -d "usbd_rom_hid_generic.bin";
   text	   data	    bss	    dec	    hex	filename
   7176	     44	    496	   7716	   1e24	usbd_rom_hid_generic.axf
 
14:06:59 **** Incremental Build of configuration Debug for project lpc_board_nxp_lpcxpresso_1549 ****
make -r -j8 all 
make[1]: Nothing to be done for 'main-build'.
Performing post-build steps
arm-none-eabi-size "liblpc_board_nxp_lpcxpresso_1549.a" ; # arm-none-eabi-objdump -h -S "liblpc_board_nxp_lpcxpresso_1549.a" >"liblpc_board_nxp_lpcxpresso_1549.lss"
   text	   data	    bss	    dec	    hex	filename
   1313	      0	      0	   1313	    521	board.o (ex liblpc_board_nxp_lpcxpresso_1549.a)
    574	      0	      0	    574	    23e	board_sysinit.o (ex liblpc_board_nxp_lpcxpresso_1549.a)
 
14:07:00 **** Incremental Build of configuration Debug for project lpc_chip_15xx ****
make -r -j8 all 
Building file: ../src/acmp_15xx.c
Building file: ../src/adc_15xx.c
Building file: ../src/chip_15xx.c
Building file: ../src/clock_15xx.c
Invoking: MCU C Compiler
Invoking: MCU C Compiler
arm-none-eabi-gcc -D__REDLIB__ -DDEBUG -D__CODE_RED -D__USE_LPCOPEN -DCORE_M3 -I"E:\PS\P_NXP\LPC1549_USB\lpc_chip_15xx\inc" -O0 -g3 -gdwarf-4 -Wall -c -fmessage-length=0 -fno-builtin -ffunction-sections -fdata-sections -fmerge-constants -fmacro-prefix-map="../src/"= -mcpu=cortex-m3 -mthumb -fstack-usage -specs=redlib.specs -MMD -MP -MF"src/acmp_15xx.d" -MT"src/acmp_15xx.o" -MT"src/acmp_15xx.d" -o "src/acmp_15xx.o" "../src/acmp_15xx.c"
Invoking: MCU C Compiler
arm-none-eabi-gcc -D__REDLIB__ -DDEBUG -D__CODE_RED -D__USE_LPCOPEN -DCORE_M3 -I"E:\PS\P_NXP\LPC1549_USB\lpc_chip_15xx\inc" -O0 -g3 -gdwarf-4 -Wall -c -fmessage-length=0 -fno-builtin -ffunction-sections -fdata-sections -fmerge-constants -fmacro-prefix-map="../src/"= -mcpu=cortex-m3 -mthumb -fstack-usage -specs=redlib.specs -MMD -MP -MF"src/adc_15xx.d" -MT"src/adc_15xx.o" -MT"src/adc_15xx.d" -o "src/adc_15xx.o" "../src/adc_15xx.c"
Invoking: MCU C Compiler
arm-none-eabi-gcc -D__REDLIB__ -DDEBUG -D__CODE_RED -D__USE_LPCOPEN -DCORE_M3 -I"E:\PS\P_NXP\LPC1549_USB\lpc_chip_15xx\inc" -O0 -g3 -gdwarf-4 -Wall -c -fmessage-length=0 -fno-builtin -ffunction-sections -fdata-sections -fmerge-constants -fmacro-prefix-map="../src/"= -mcpu=cortex-m3 -mthumb -fstack-usage -specs=redlib.specs -MMD -MP -MF"src/chip_15xx.d" -MT"src/chip_15xx.o" -MT"src/chip_15xx.d" -o "src/chip_15xx.o" "../src/chip_15xx.c"
arm-none-eabi-gcc -D__REDLIB__ -DDEBUG -D__CODE_RED -D__USE_LPCOPEN -DCORE_M3 -I"E:\PS\P_NXP\LPC1549_USB\lpc_chip_15xx\inc" -O0 -g3 -gdwarf-4 -Wall -c -fmessage-length=0 -fno-builtin -ffunction-sections -fdata-sections -fmerge-constants -fmacro-prefix-map="../src/"= -mcpu=cortex-m3 -mthumb -fstack-usage -specs=redlib.specs -MMD -MP -MF"src/clock_15xx.d" -MT"src/clock_15xx.o" -MT"src/clock_15xx.d" -o "src/clock_15xx.o" "../src/clock_15xx.c"
Building file: ../src/crc_15xx.c
Building file: ../src/dac_15xx.c
Building file: ../src/dma_15xx.c
Building file: ../src/eeprom.c
Invoking: MCU C Compiler
arm-none-eabi-gcc -D__REDLIB__ -DDEBUG -D__CODE_RED -D__USE_LPCOPEN -DCORE_M3 -I"E:\PS\P_NXP\LPC1549_USB\lpc_chip_15xx\inc" -O0 -g3 -gdwarf-4 -Wall -c -fmessage-length=0 -fno-builtin -ffunction-sections -fdata-sections -fmerge-constants -fmacro-prefix-map="../src/"= -mcpu=cortex-m3 -mthumb -fstack-usage -specs=redlib.specs -MMD -MP -MF"src/crc_15xx.d" -MT"src/crc_15xx.o" -MT"src/crc_15xx.d" -o "src/crc_15xx.o" "../src/crc_15xx.c"
Invoking: MCU C Compiler
arm-none-eabi-gcc -D__REDLIB__ -DDEBUG -D__CODE_RED -D__USE_LPCOPEN -DCORE_M3 -I"E:\PS\P_NXP\LPC1549_USB\lpc_chip_15xx\inc" -O0 -g3 -gdwarf-4 -Wall -c -fmessage-length=0 -fno-builtin -ffunction-sections -fdata-sections -fmerge-constants -fmacro-prefix-map="../src/"= -mcpu=cortex-m3 -mthumb -fstack-usage -specs=redlib.specs -MMD -MP -MF"src/dac_15xx.d" -MT"src/dac_15xx.o" -MT"src/dac_15xx.d" -o "src/dac_15xx.o" "../src/dac_15xx.c"
Invoking: MCU C Compiler
Invoking: MCU C Compiler
arm-none-eabi-gcc -D__REDLIB__ -DDEBUG -D__CODE_RED -D__USE_LPCOPEN -DCORE_M3 -I"E:\PS\P_NXP\LPC1549_USB\lpc_chip_15xx\inc" -O0 -g3 -gdwarf-4 -Wall -c -fmessage-length=0 -fno-builtin -ffunction-sections -fdata-sections -fmerge-constants -fmacro-prefix-map="../src/"= -mcpu=cortex-m3 -mthumb -fstack-usage -specs=redlib.specs -MMD -MP -MF"src/dma_15xx.d" -MT"src/dma_15xx.o" -MT"src/dma_15xx.d" -o "src/dma_15xx.o" "../src/dma_15xx.c"
arm-none-eabi-gcc -D__REDLIB__ -DDEBUG -D__CODE_RED -D__USE_LPCOPEN -DCORE_M3 -I"E:\PS\P_NXP\LPC1549_USB\lpc_chip_15xx\inc" -O0 -g3 -gdwarf-4 -Wall -c -fmessage-length=0 -fno-builtin -ffunction-sections -fdata-sections -fmerge-constants -fmacro-prefix-map="../src/"= -mcpu=cortex-m3 -mthumb -fstack-usage -specs=redlib.specs -MMD -MP -MF"src/eeprom.d" -MT"src/eeprom.o" -MT"src/eeprom.d" -o "src/eeprom.o" "../src/eeprom.c"
Finished building: ../src/acmp_15xx.c
Finished building: ../src/adc_15xx.c
Finished building: ../src/chip_15xx.c
 
 
 
Finished building: ../src/clock_15xx.c
Building file: ../src/gpio_15xx.c
Building file: ../src/i2c_common_15xx.c
 
Invoking: MCU C Compiler
Building file: ../src/i2cm_15xx.c
Finished building: ../src/dac_15xx.c
Finished building: ../src/crc_15xx.c
arm-none-eabi-gcc -D__REDLIB__ -DDEBUG -D__CODE_RED -D__USE_LPCOPEN -DCORE_M3 -I"E:\PS\P_NXP\LPC1549_USB\lpc_chip_15xx\inc" -O0 -g3 -gdwarf-4 -Wall -c -fmessage-length=0 -fno-builtin -ffunction-sections -fdata-sections -fmerge-constants -fmacro-prefix-map="../src/"= -mcpu=cortex-m3 -mthumb -fstack-usage -specs=redlib.specs -MMD -MP -MF"src/gpio_15xx.d" -MT"src/gpio_15xx.o" -MT"src/gpio_15xx.d" -o "src/gpio_15xx.o" "../src/gpio_15xx.c"
Finished building: ../src/dma_15xx.c
Finished building: ../src/eeprom.c
Invoking: MCU C Compiler
Invoking: MCU C Compiler
 
 
arm-none-eabi-gcc -D__REDLIB__ -DDEBUG -D__CODE_RED -D__USE_LPCOPEN -DCORE_M3 -I"E:\PS\P_NXP\LPC1549_USB\lpc_chip_15xx\inc" -O0 -g3 -gdwarf-4 -Wall -c -fmessage-length=0 -fno-builtin -ffunction-sections -fdata-sections -fmerge-constants -fmacro-prefix-map="../src/"= -mcpu=cortex-m3 -mthumb -fstack-usage -specs=redlib.specs -MMD -MP -MF"src/i2c_common_15xx.d" -MT"src/i2c_common_15xx.o" -MT"src/i2c_common_15xx.d" -o "src/i2c_common_15xx.o" "../src/i2c_common_15xx.c"
 
arm-none-eabi-gcc -D__REDLIB__ -DDEBUG -D__CODE_RED -D__USE_LPCOPEN -DCORE_M3 -I"E:\PS\P_NXP\LPC1549_USB\lpc_chip_15xx\inc" -O0 -g3 -gdwarf-4 -Wall -c -fmessage-length=0 -fno-builtin -ffunction-sections -fdata-sections -fmerge-constants -fmacro-prefix-map="../src/"= -mcpu=cortex-m3 -mthumb -fstack-usage -specs=redlib.specs -MMD -MP -MF"src/i2cm_15xx.d" -MT"src/i2cm_15xx.o" -MT"src/i2cm_15xx.d" -o "src/i2cm_15xx.o" "../src/i2cm_15xx.c"
 
Building file: ../src/i2cs_15xx.c
Building file: ../src/iap.c
Building file: ../src/iocon_15xx.c
Invoking: MCU C Compiler
Building file: ../src/pinint_15xx.c
arm-none-eabi-gcc -D__REDLIB__ -DDEBUG -D__CODE_RED -D__USE_LPCOPEN -DCORE_M3 -I"E:\PS\P_NXP\LPC1549_USB\lpc_chip_15xx\inc" -O0 -g3 -gdwarf-4 -Wall -c -fmessage-length=0 -fno-builtin -ffunction-sections -fdata-sections -fmerge-constants -fmacro-prefix-map="../src/"= -mcpu=cortex-m3 -mthumb -fstack-usage -specs=redlib.specs -MMD -MP -MF"src/i2cs_15xx.d" -MT"src/i2cs_15xx.o" -MT"src/i2cs_15xx.d" -o "src/i2cs_15xx.o" "../src/i2cs_15xx.c"
Invoking: MCU C Compiler
Invoking: MCU C Compiler
arm-none-eabi-gcc -D__REDLIB__ -DDEBUG -D__CODE_RED -D__USE_LPCOPEN -DCORE_M3 -I"E:\PS\P_NXP\LPC1549_USB\lpc_chip_15xx\inc" -O0 -g3 -gdwarf-4 -Wall -c -fmessage-length=0 -fno-builtin -ffunction-sections -fdata-sections -fmerge-constants -fmacro-prefix-map="../src/"= -mcpu=cortex-m3 -mthumb -fstack-usage -specs=redlib.specs -MMD -MP -MF"src/iap.d" -MT"src/iap.o" -MT"src/iap.d" -o "src/iap.o" "../src/iap.c"
arm-none-eabi-gcc -D__REDLIB__ -DDEBUG -D__CODE_RED -D__USE_LPCOPEN -DCORE_M3 -I"E:\PS\P_NXP\LPC1549_USB\lpc_chip_15xx\inc" -O0 -g3 -gdwarf-4 -Wall -c -fmessage-length=0 -fno-builtin -ffunction-sections -fdata-sections -fmerge-constants -fmacro-prefix-map="../src/"= -mcpu=cortex-m3 -mthumb -fstack-usage -specs=redlib.specs -MMD -MP -MF"src/iocon_15xx.d" -MT"src/iocon_15xx.o" -MT"src/iocon_15xx.d" -o "src/iocon_15xx.o" "../src/iocon_15xx.c"
Invoking: MCU C Compiler
arm-none-eabi-gcc -D__REDLIB__ -DDEBUG -D__CODE_RED -D__USE_LPCOPEN -DCORE_M3 -I"E:\PS\P_NXP\LPC1549_USB\lpc_chip_15xx\inc" -O0 -g3 -gdwarf-4 -Wall -c -fmessage-length=0 -fno-builtin -ffunction-sections -fdata-sections -fmerge-constants -fmacro-prefix-map="../src/"= -mcpu=cortex-m3 -mthumb -fstack-usage -specs=redlib.specs -MMD -MP -MF"src/pinint_15xx.d" -MT"src/pinint_15xx.o" -MT"src/pinint_15xx.d" -o "src/pinint_15xx.o" "../src/pinint_15xx.c"
Building file: ../src/pmu_15xx.c
Invoking: MCU C Compiler
arm-none-eabi-gcc -D__REDLIB__ -DDEBUG -D__CODE_RED -D__USE_LPCOPEN -DCORE_M3 -I"E:\PS\P_NXP\LPC1549_USB\lpc_chip_15xx\inc" -O0 -g3 -gdwarf-4 -Wall -c -fmessage-length=0 -fno-builtin -ffunction-sections -fdata-sections -fmerge-constants -fmacro-prefix-map="../src/"= -mcpu=cortex-m3 -mthumb -fstack-usage -specs=redlib.specs -MMD -MP -MF"src/pmu_15xx.d" -MT"src/pmu_15xx.o" -MT"src/pmu_15xx.d" -o "src/pmu_15xx.o" "../src/pmu_15xx.c"
Finished building: ../src/gpio_15xx.c
Finished building: ../src/i2c_common_15xx.c
Finished building: ../src/i2cm_15xx.c
 
 
 
Building file: ../src/ring_buffer.c
Building file: ../src/ritimer_15xx.c
Building file: ../src/rtc_15xx.c
Invoking: MCU C Compiler
Finished building: ../src/iap.c
Finished building: ../src/i2cs_15xx.c
Finished building: ../src/iocon_15xx.c
Invoking: MCU C Compiler
arm-none-eabi-gcc -D__REDLIB__ -DDEBUG -D__CODE_RED -D__USE_LPCOPEN -DCORE_M3 -I"E:\PS\P_NXP\LPC1549_USB\lpc_chip_15xx\inc" -O0 -g3 -gdwarf-4 -Wall -c -fmessage-length=0 -fno-builtin -ffunction-sections -fdata-sections -fmerge-constants -fmacro-prefix-map="../src/"= -mcpu=cortex-m3 -mthumb -fstack-usage -specs=redlib.specs -MMD -MP -MF"src/ring_buffer.d" -MT"src/ring_buffer.o" -MT"src/ring_buffer.d" -o "src/ring_buffer.o" "../src/ring_buffer.c"
Finished building: ../src/pinint_15xx.c
Invoking: MCU C Compiler
 
arm-none-eabi-gcc -D__REDLIB__ -DDEBUG -D__CODE_RED -D__USE_LPCOPEN -DCORE_M3 -I"E:\PS\P_NXP\LPC1549_USB\lpc_chip_15xx\inc" -O0 -g3 -gdwarf-4 -Wall -c -fmessage-length=0 -fno-builtin -ffunction-sections -fdata-sections -fmerge-constants -fmacro-prefix-map="../src/"= -mcpu=cortex-m3 -mthumb -fstack-usage -specs=redlib.specs -MMD -MP -MF"src/ritimer_15xx.d" -MT"src/ritimer_15xx.o" -MT"src/ritimer_15xx.d" -o "src/ritimer_15xx.o" "../src/ritimer_15xx.c"
 
 
arm-none-eabi-gcc -D__REDLIB__ -DDEBUG -D__CODE_RED -D__USE_LPCOPEN -DCORE_M3 -I"E:\PS\P_NXP\LPC1549_USB\lpc_chip_15xx\inc" -O0 -g3 -gdwarf-4 -Wall -c -fmessage-length=0 -fno-builtin -ffunction-sections -fdata-sections -fmerge-constants -fmacro-prefix-map="../src/"= -mcpu=cortex-m3 -mthumb -fstack-usage -specs=redlib.specs -MMD -MP -MF"src/rtc_15xx.d" -MT"src/rtc_15xx.o" -MT"src/rtc_15xx.d" -o "src/rtc_15xx.o" "../src/rtc_15xx.c"
 
Building file: ../src/sct_15xx.c
Building file: ../src/sct_pwm_15xx.c
Building file: ../src/sctipu_15xx.c
Building file: ../src/spi_15xx.c
Invoking: MCU C Compiler
Invoking: MCU C Compiler
Finished building: ../src/pmu_15xx.c
arm-none-eabi-gcc -D__REDLIB__ -DDEBUG -D__CODE_RED -D__USE_LPCOPEN -DCORE_M3 -I"E:\PS\P_NXP\LPC1549_USB\lpc_chip_15xx\inc" -O0 -g3 -gdwarf-4 -Wall -c -fmessage-length=0 -fno-builtin -ffunction-sections -fdata-sections -fmerge-constants -fmacro-prefix-map="../src/"= -mcpu=cortex-m3 -mthumb -fstack-usage -specs=redlib.specs -MMD -MP -MF"src/sct_15xx.d" -MT"src/sct_15xx.o" -MT"src/sct_15xx.d" -o "src/sct_15xx.o" "../src/sct_15xx.c"
Invoking: MCU C Compiler
arm-none-eabi-gcc -D__REDLIB__ -DDEBUG -D__CODE_RED -D__USE_LPCOPEN -DCORE_M3 -I"E:\PS\P_NXP\LPC1549_USB\lpc_chip_15xx\inc" -O0 -g3 -gdwarf-4 -Wall -c -fmessage-length=0 -fno-builtin -ffunction-sections -fdata-sections -fmerge-constants -fmacro-prefix-map="../src/"= -mcpu=cortex-m3 -mthumb -fstack-usage -specs=redlib.specs -MMD -MP -MF"src/sct_pwm_15xx.d" -MT"src/sct_pwm_15xx.o" -MT"src/sct_pwm_15xx.d" -o "src/sct_pwm_15xx.o" "../src/sct_pwm_15xx.c"
Invoking: MCU C Compiler
arm-none-eabi-gcc -D__REDLIB__ -DDEBUG -D__CODE_RED -D__USE_LPCOPEN -DCORE_M3 -I"E:\PS\P_NXP\LPC1549_USB\lpc_chip_15xx\inc" -O0 -g3 -gdwarf-4 -Wall -c -fmessage-length=0 -fno-builtin -ffunction-sections -fdata-sections -fmerge-constants -fmacro-prefix-map="../src/"= -mcpu=cortex-m3 -mthumb -fstack-usage -specs=redlib.specs -MMD -MP -MF"src/sctipu_15xx.d" -MT"src/sctipu_15xx.o" -MT"src/sctipu_15xx.d" -o "src/sctipu_15xx.o" "../src/sctipu_15xx.c"
arm-none-eabi-gcc -D__REDLIB__ -DDEBUG -D__CODE_RED -D__USE_LPCOPEN -DCORE_M3 -I"E:\PS\P_NXP\LPC1549_USB\lpc_chip_15xx\inc" -O0 -g3 -gdwarf-4 -Wall -c -fmessage-length=0 -fno-builtin -ffunction-sections -fdata-sections -fmerge-constants -fmacro-prefix-map="../src/"= -mcpu=cortex-m3 -mthumb -fstack-usage -specs=redlib.specs -MMD -MP -MF"src/spi_15xx.d" -MT"src/spi_15xx.o" -MT"src/spi_15xx.d" -o "src/spi_15xx.o" "../src/spi_15xx.c"
 
Building file: ../src/stopwatch_15xx.c
Finished building: ../src/ring_buffer.c
Invoking: MCU C Compiler
arm-none-eabi-gcc -D__REDLIB__ -DDEBUG -D__CODE_RED -D__USE_LPCOPEN -DCORE_M3 -I"E:\PS\P_NXP\LPC1549_USB\lpc_chip_15xx\inc" -O0 -g3 -gdwarf-4 -Wall -c -fmessage-length=0 -fno-builtin -ffunction-sections -fdata-sections -fmerge-constants -fmacro-prefix-map="../src/"= -mcpu=cortex-m3 -mthumb -fstack-usage -specs=redlib.specs -MMD -MP -MF"src/stopwatch_15xx.d" -MT"src/stopwatch_15xx.o" -MT"src/stopwatch_15xx.d" -o "src/stopwatch_15xx.o" "../src/stopwatch_15xx.c"
 
Building file: ../src/swm_15xx.c
Finished building: ../src/rtc_15xx.c
Finished building: ../src/ritimer_15xx.c
Invoking: MCU C Compiler
arm-none-eabi-gcc -D__REDLIB__ -DDEBUG -D__CODE_RED -D__USE_LPCOPEN -DCORE_M3 -I"E:\PS\P_NXP\LPC1549_USB\lpc_chip_15xx\inc" -O0 -g3 -gdwarf-4 -Wall -c -fmessage-length=0 -fno-builtin -ffunction-sections -fdata-sections -fmerge-constants -fmacro-prefix-map="../src/"= -mcpu=cortex-m3 -mthumb -fstack-usage -specs=redlib.specs -MMD -MP -MF"src/swm_15xx.d" -MT"src/swm_15xx.o" -MT"src/swm_15xx.d" -o "src/swm_15xx.o" "../src/swm_15xx.c"
 
 
Building file: ../src/sysctl_15xx.c
Building file: ../src/sysinit_15xx.c
Invoking: MCU C Compiler
Finished building: ../src/sct_pwm_15xx.c
Finished building: ../src/sct_15xx.c
arm-none-eabi-gcc -D__REDLIB__ -DDEBUG -D__CODE_RED -D__USE_LPCOPEN -DCORE_M3 -I"E:\PS\P_NXP\LPC1549_USB\lpc_chip_15xx\inc" -O0 -g3 -gdwarf-4 -Wall -c -fmessage-length=0 -fno-builtin -ffunction-sections -fdata-sections -fmerge-constants -fmacro-prefix-map="../src/"= -mcpu=cortex-m3 -mthumb -fstack-usage -specs=redlib.specs -MMD -MP -MF"src/sysctl_15xx.d" -MT"src/sysctl_15xx.o" -MT"src/sysctl_15xx.d" -o "src/sysctl_15xx.o" "../src/sysctl_15xx.c"
Invoking: MCU C Compiler
Finished building: ../src/sctipu_15xx.c
 
arm-none-eabi-gcc -D__REDLIB__ -DDEBUG -D__CODE_RED -D__USE_LPCOPEN -DCORE_M3 -I"E:\PS\P_NXP\LPC1549_USB\lpc_chip_15xx\inc" -O0 -g3 -gdwarf-4 -Wall -c -fmessage-length=0 -fno-builtin -ffunction-sections -fdata-sections -fmerge-constants -fmacro-prefix-map="../src/"= -mcpu=cortex-m3 -mthumb -fstack-usage -specs=redlib.specs -MMD -MP -MF"src/sysinit_15xx.d" -MT"src/sysinit_15xx.o" -MT"src/sysinit_15xx.d" -o "src/sysinit_15xx.o" "../src/sysinit_15xx.c"
 
Finished building: ../src/spi_15xx.c
 
Building file: ../src/uart_15xx.c
Building file: ../src/wwdt_15xx.c
Finished building: ../src/stopwatch_15xx.c
 
Invoking: MCU C Compiler
Invoking: MCU C Compiler
arm-none-eabi-gcc -D__REDLIB__ -DDEBUG -D__CODE_RED -D__USE_LPCOPEN -DCORE_M3 -I"E:\PS\P_NXP\LPC1549_USB\lpc_chip_15xx\inc" -O0 -g3 -gdwarf-4 -Wall -c -fmessage-length=0 -fno-builtin -ffunction-sections -fdata-sections -fmerge-constants -fmacro-prefix-map="../src/"= -mcpu=cortex-m3 -mthumb -fstack-usage -specs=redlib.specs -MMD -MP -MF"src/uart_15xx.d" -MT"src/uart_15xx.o" -MT"src/uart_15xx.d" -o "src/uart_15xx.o" "../src/uart_15xx.c"
 
arm-none-eabi-gcc -D__REDLIB__ -DDEBUG -D__CODE_RED -D__USE_LPCOPEN -DCORE_M3 -I"E:\PS\P_NXP\LPC1549_USB\lpc_chip_15xx\inc" -O0 -g3 -gdwarf-4 -Wall -c -fmessage-length=0 -fno-builtin -ffunction-sections -fdata-sections -fmerge-constants -fmacro-prefix-map="../src/"= -mcpu=cortex-m3 -mthumb -fstack-usage -specs=redlib.specs -MMD -MP -MF"src/wwdt_15xx.d" -MT"src/wwdt_15xx.o" -MT"src/wwdt_15xx.d" -o "src/wwdt_15xx.o" "../src/wwdt_15xx.c"
Finished building: ../src/swm_15xx.c
 
../src/sysinit_15xx.c: In function 'Chip_SetupIrcClocking':
../src/sysinit_15xx.c:53:22: warning: unused variable 'i' [-Wunused-variable]
   53 |         volatile int i;
      |                      ^
Finished building: ../src/sysctl_15xx.c
 
Finished building: ../src/sysinit_15xx.c
 
Finished building: ../src/wwdt_15xx.c
 
Finished building: ../src/uart_15xx.c
 
Building target: liblpc_chip_15xx.a
Invoking: MCU Archiver
arm-none-eabi-ar -r  "liblpc_chip_15xx.a" ./src/acmp_15xx.o ./src/adc_15xx.o ./src/chip_15xx.o ./src/clock_15xx.o ./src/crc_15xx.o ./src/dac_15xx.o ./src/dma_15xx.o ./src/eeprom.o ./src/gpio_15xx.o ./src/i2c_common_15xx.o ./src/i2cm_15xx.o ./src/i2cs_15xx.o ./src/iap.o ./src/iocon_15xx.o ./src/pinint_15xx.o ./src/pmu_15xx.o ./src/ring_buffer.o ./src/ritimer_15xx.o ./src/rtc_15xx.o ./src/sct_15xx.o ./src/sct_pwm_15xx.o ./src/sctipu_15xx.o ./src/spi_15xx.o ./src/stopwatch_15xx.o ./src/swm_15xx.o ./src/sysctl_15xx.o ./src/sysinit_15xx.o ./src/uart_15xx.o ./src/wwdt_15xx.o   
arm-none-eabi-ar: creating liblpc_chip_15xx.a
Finished building target: liblpc_chip_15xx.a
 
Performing post-build steps
arm-none-eabi-size "liblpc_chip_15xx.a" ; # arm-none-eabi-objdump -h -S "liblpc_chip_15xx.a" >"liblpc_chip_15xx.lss"
   text	   data	    bss	    dec	    hex	filename
    610	      0	      0	    610	    262	acmp_15xx.o (ex liblpc_chip_15xx.a)
    790	      0	      0	    790	    316	adc_15xx.o (ex liblpc_chip_15xx.a)
    298	      0	      4	    302	    12e	chip_15xx.o (ex liblpc_chip_15xx.a)
   1700	      0	      0	   1700	    6a4	clock_15xx.o (ex liblpc_chip_15xx.a)
    494	      0	      0	    494	    1ee	crc_15xx.o (ex liblpc_chip_15xx.a)
     60	      0	      0	     60	     3c	dac_15xx.o (ex liblpc_chip_15xx.a)
    294	      0	    288	    582	    246	dma_15xx.o (ex liblpc_chip_15xx.a)
    192	      0	      0	    192	     c0	eeprom.o (ex liblpc_chip_15xx.a)
    684	      0	      0	    684	    2ac	gpio_15xx.o (ex liblpc_chip_15xx.a)
     84	      0	      0	     84	     54	i2c_common_15xx.o (ex liblpc_chip_15xx.a)
    866	      0	      0	    866	    362	i2cm_15xx.o (ex liblpc_chip_15xx.a)
    450	      0	      0	    450	    1c2	i2cs_15xx.o (ex liblpc_chip_15xx.a)
    598	      0	      0	    598	    256	iap.o (ex liblpc_chip_15xx.a)
    124	      0	      0	    124	     7c	iocon_15xx.o (ex liblpc_chip_15xx.a)
      0	      0	      0	      0	      0	pinint_15xx.o (ex liblpc_chip_15xx.a)
    300	      0	      0	    300	    12c	pmu_15xx.o (ex liblpc_chip_15xx.a)
    962	      0	      0	    962	    3c2	ring_buffer.o (ex liblpc_chip_15xx.a)
    692	      0	      0	    692	    2b4	ritimer_15xx.o (ex liblpc_chip_15xx.a)
      0	      0	      0	      0	      0	rtc_15xx.o (ex liblpc_chip_15xx.a)
    318	      0	      0	    318	    13e	sct_15xx.o (ex liblpc_chip_15xx.a)
    412	      0	      0	    412	    19c	sct_pwm_15xx.o (ex liblpc_chip_15xx.a)
    140	      0	      0	    140	     8c	sctipu_15xx.o (ex liblpc_chip_15xx.a)
   1766	      0	      0	   1766	    6e6	spi_15xx.o (ex liblpc_chip_15xx.a)
    328	      0	     12	    340	    154	stopwatch_15xx.o (ex liblpc_chip_15xx.a)
    356	      0	      0	    356	    164	swm_15xx.o (ex liblpc_chip_15xx.a)
    466	      0	      0	    466	    1d2	sysctl_15xx.o (ex liblpc_chip_15xx.a)
    420	      0	      0	    420	    1a4	sysinit_15xx.o (ex liblpc_chip_15xx.a)
   1116	      0	      0	   1116	    45c	uart_15xx.o (ex liblpc_chip_15xx.a)
    114	      0	      0	    114	     72	wwdt_15xx.o (ex liblpc_chip_15xx.a)
 
14:07:04 **** Incremental Build of configuration Debug for project usbd_rom_hid_generic ****
make -r -j8 all 
Building target: usbd_rom_hid_generic.axf
Invoking: MCU Linker
arm-none-eabi-gcc -nostdlib -L"E:\PS\P_NXP\LPC1549_USB\lpc_chip_15xx\Debug" -L"E:\PS\P_NXP\LPC1549_USB\lpc_board_nxp_lpcxpresso_1549\Debug" -Xlinker -Map="usbd_rom_hid_generic.map" -Xlinker --gc-sections -mcpu=cortex-m3 -mthumb -T usbd_rom_hid_generic_Debug.ld -o "usbd_rom_hid_generic.axf" ./example/src/cr_startup_lpc15xx.o ./example/src/hid_desc.o ./example/src/hid_generic.o ./example/src/hid_main.o ./example/src/sysinit.o    -llpc_board_nxp_lpcxpresso_1549 -llpc_chip_15xx
Finished building target: usbd_rom_hid_generic.axf
 
Performing post-build steps
arm-none-eabi-size "usbd_rom_hid_generic.axf"; # arm-none-eabi-objcopy -v -O binary "usbd_rom_hid_generic.axf" "usbd_rom_hid_generic.bin" ; # checksum -p LPC1549 -d "usbd_rom_hid_generic.bin";
   text	   data	    bss	    dec	    hex	filename
   7176	     44	    496	   7716	   1e24	usbd_rom_hid_generic.axf
 
14:07:09 **** Incremental Build of configuration Debug for project usbd_rom_hid_generic ****
make -r -j8 all 
make[1]: Nothing to be done for 'main-build'.
Performing post-build steps
arm-none-eabi-size "usbd_rom_hid_generic.axf"; # arm-none-eabi-objcopy -v -O binary "usbd_rom_hid_generic.axf" "usbd_rom_hid_generic.bin" ; # checksum -p LPC1549 -d "usbd_rom_hid_generic.bin";
   text	   data	    bss	    dec	    hex	filename
   7176	     44	    496	   7716	   1e24	usbd_rom_hid_generic.axf
 
14:09:15 **** Incremental Build of configuration Debug for project usbd_rom_hid_generic ****
make -r -j8 all 
make[1]: Nothing to be done for 'main-build'.
Performing post-build steps
arm-none-eabi-size "usbd_rom_hid_generic.axf"; # arm-none-eabi-objcopy -v -O binary "usbd_rom_hid_generic.axf" "usbd_rom_hid_generic.bin" ; # checksum -p LPC1549 -d "usbd_rom_hid_generic.bin";
   text	   data	    bss	    dec	    hex	filename
   7176	     44	    496	   7716	   1e24	usbd_rom_hid_generic.axf
 
14:09:42 **** Incremental Build of configuration Debug for project usbd_rom_hid_generic ****
make -r -j8 all 
make[1]: Nothing to be done for 'main-build'.
Performing post-build steps
arm-none-eabi-size "usbd_rom_hid_generic.axf"; # arm-none-eabi-objcopy -v -O binary "usbd_rom_hid_generic.axf" "usbd_rom_hid_generic.bin" ; # checksum -p LPC1549 -d "usbd_rom_hid_generic.bin";
   text	   data	    bss	    dec	    hex	filename
   7176	     44	    496	   7716	   1e24	usbd_rom_hid_generic.axf
 
14:10:29 **** Incremental Build of configuration Debug for project usbd_rom_hid_generic ****
make -r -j8 all 
make[1]: Nothing to be done for 'main-build'.
Performing post-build steps
arm-none-eabi-size "usbd_rom_hid_generic.axf"; # arm-none-eabi-objcopy -v -O binary "usbd_rom_hid_generic.axf" "usbd_rom_hid_generic.bin" ; # checksum -p LPC1549 -d "usbd_rom_hid_generic.bin";
   text	   data	    bss	    dec	    hex	filename
   7176	     44	    496	   7716	   1e24	usbd_rom_hid_generic.axf
 
14:13:37 **** Incremental Build of configuration Debug for project lpc_board_nxp_lpcxpresso_1549 ****
make -r -j8 all 
make[1]: Nothing to be done for 'main-build'.
Performing post-build steps
arm-none-eabi-size "liblpc_board_nxp_lpcxpresso_1549.a" ; # arm-none-eabi-objdump -h -S "liblpc_board_nxp_lpcxpresso_1549.a" >"liblpc_board_nxp_lpcxpresso_1549.lss"
   text	   data	    bss	    dec	    hex	filename
   1313	      0	      0	   1313	    521	board.o (ex liblpc_board_nxp_lpcxpresso_1549.a)
    574	      0	      0	    574	    23e	board_sysinit.o (ex liblpc_board_nxp_lpcxpresso_1549.a)
 
14:13:38 **** Incremental Build of configuration Debug for project lpc_chip_15xx ****
make -r -j8 all 
make[1]: Nothing to be done for 'main-build'.
Performing post-build steps
arm-none-eabi-size "liblpc_chip_15xx.a" ; # arm-none-eabi-objdump -h -S "liblpc_chip_15xx.a" >"liblpc_chip_15xx.lss"
   text	   data	    bss	    dec	    hex	filename
    610	      0	      0	    610	    262	acmp_15xx.o (ex liblpc_chip_15xx.a)
    790	      0	      0	    790	    316	adc_15xx.o (ex liblpc_chip_15xx.a)
    298	      0	      4	    302	    12e	chip_15xx.o (ex liblpc_chip_15xx.a)
   1700	      0	      0	   1700	    6a4	clock_15xx.o (ex liblpc_chip_15xx.a)
    494	      0	      0	    494	    1ee	crc_15xx.o (ex liblpc_chip_15xx.a)
     60	      0	      0	     60	     3c	dac_15xx.o (ex liblpc_chip_15xx.a)
    294	      0	    288	    582	    246	dma_15xx.o (ex liblpc_chip_15xx.a)
    192	      0	      0	    192	     c0	eeprom.o (ex liblpc_chip_15xx.a)
    684	      0	      0	    684	    2ac	gpio_15xx.o (ex liblpc_chip_15xx.a)
     84	      0	      0	     84	     54	i2c_common_15xx.o (ex liblpc_chip_15xx.a)
    866	      0	      0	    866	    362	i2cm_15xx.o (ex liblpc_chip_15xx.a)
    450	      0	      0	    450	    1c2	i2cs_15xx.o (ex liblpc_chip_15xx.a)
    598	      0	      0	    598	    256	iap.o (ex liblpc_chip_15xx.a)
    124	      0	      0	    124	     7c	iocon_15xx.o (ex liblpc_chip_15xx.a)
      0	      0	      0	      0	      0	pinint_15xx.o (ex liblpc_chip_15xx.a)
    300	      0	      0	    300	    12c	pmu_15xx.o (ex liblpc_chip_15xx.a)
    962	      0	      0	    962	    3c2	ring_buffer.o (ex liblpc_chip_15xx.a)
    692	      0	      0	    692	    2b4	ritimer_15xx.o (ex liblpc_chip_15xx.a)
      0	      0	      0	      0	      0	rtc_15xx.o (ex liblpc_chip_15xx.a)
    318	      0	      0	    318	    13e	sct_15xx.o (ex liblpc_chip_15xx.a)
    412	      0	      0	    412	    19c	sct_pwm_15xx.o (ex liblpc_chip_15xx.a)
    140	      0	      0	    140	     8c	sctipu_15xx.o (ex liblpc_chip_15xx.a)
   1766	      0	      0	   1766	    6e6	spi_15xx.o (ex liblpc_chip_15xx.a)
    328	      0	     12	    340	    154	stopwatch_15xx.o (ex liblpc_chip_15xx.a)
    356	      0	      0	    356	    164	swm_15xx.o (ex liblpc_chip_15xx.a)
    466	      0	      0	    466	    1d2	sysctl_15xx.o (ex liblpc_chip_15xx.a)
    420	      0	      0	    420	    1a4	sysinit_15xx.o (ex liblpc_chip_15xx.a)
   1116	      0	      0	   1116	    45c	uart_15xx.o (ex liblpc_chip_15xx.a)
    114	      0	      0	    114	     72	wwdt_15xx.o (ex liblpc_chip_15xx.a)
 
14:13:38 **** Incremental Build of configuration Debug for project usbd_rom_hid_generic ****
make -r -j8 all 
Building file: ../example/src/hid_main.c
Invoking: MCU C Compiler
arm-none-eabi-gcc -DDEBUG -D__CODE_RED -D__USE_LPCOPEN -D__REDLIB__ -DCORE_M3 -I"E:\PS\P_NXP\LPC1549_USB\lpc_chip_15xx\inc" -I"E:\PS\P_NXP\LPC1549_USB\lpc_board_nxp_lpcxpresso_1549\inc" -I"E:\PS\P_NXP\LPC1549_USB\usbd_rom_hid_generic\example\inc" -I"E:\PS\P_NXP\LPC1549_USB\lpc_chip_15xx\inc\usbd" -O0 -g3 -gdwarf-4 -Wall -c -fmessage-length=0 -fno-builtin -ffunction-sections -fdata-sections -fmerge-constants -fmacro-prefix-map="../example/src/"= -mcpu=cortex-m3 -mthumb -fstack-usage -specs=redlib.specs -MMD -MP -MF"example/src/hid_main.d" -MT"example/src/hid_main.o" -MT"example/src/hid_main.d" -o "example/src/hid_main.o" "../example/src/hid_main.c"
../example/src/hid_main.c: In function 'main':
../example/src/hid_main.c:165:5: error: 'casovac1ms' undeclared (first use in this function)
  165 |     casovac1ms = 0;
      |     ^~~~~~~~~~
../example/src/hid_main.c:165:5: note: each undeclared identifier is reported only once for each function it appears in
make[1]: *** [example/src/subdir.mk:32: example/src/hid_main.o] Error 1
make: *** [makefile:35: all] Error 2
"make -r -j8 all" terminated with exit code 2. Build might be incomplete.
14:14:09 **** Incremental Build of configuration Debug for project lpc_board_nxp_lpcxpresso_1549 ****
make -r -j8 all 
make[1]: Nothing to be done for 'main-build'.
Performing post-build steps
arm-none-eabi-size "liblpc_board_nxp_lpcxpresso_1549.a" ; # arm-none-eabi-objdump -h -S "liblpc_board_nxp_lpcxpresso_1549.a" >"liblpc_board_nxp_lpcxpresso_1549.lss"
   text	   data	    bss	    dec	    hex	filename
   1313	      0	      0	   1313	    521	board.o (ex liblpc_board_nxp_lpcxpresso_1549.a)
    574	      0	      0	    574	    23e	board_sysinit.o (ex liblpc_board_nxp_lpcxpresso_1549.a)
 
14:14:10 **** Incremental Build of configuration Debug for project lpc_chip_15xx ****
make -r -j8 all 
make[1]: Nothing to be done for 'main-build'.
Performing post-build steps
arm-none-eabi-size "liblpc_chip_15xx.a" ; # arm-none-eabi-objdump -h -S "liblpc_chip_15xx.a" >"liblpc_chip_15xx.lss"
   text	   data	    bss	    dec	    hex	filename
    610	      0	      0	    610	    262	acmp_15xx.o (ex liblpc_chip_15xx.a)
    790	      0	      0	    790	    316	adc_15xx.o (ex liblpc_chip_15xx.a)
    298	      0	      4	    302	    12e	chip_15xx.o (ex liblpc_chip_15xx.a)
   1700	      0	      0	   1700	    6a4	clock_15xx.o (ex liblpc_chip_15xx.a)
    494	      0	      0	    494	    1ee	crc_15xx.o (ex liblpc_chip_15xx.a)
     60	      0	      0	     60	     3c	dac_15xx.o (ex liblpc_chip_15xx.a)
    294	      0	    288	    582	    246	dma_15xx.o (ex liblpc_chip_15xx.a)
    192	      0	      0	    192	     c0	eeprom.o (ex liblpc_chip_15xx.a)
    684	      0	      0	    684	    2ac	gpio_15xx.o (ex liblpc_chip_15xx.a)
     84	      0	      0	     84	     54	i2c_common_15xx.o (ex liblpc_chip_15xx.a)
    866	      0	      0	    866	    362	i2cm_15xx.o (ex liblpc_chip_15xx.a)
    450	      0	      0	    450	    1c2	i2cs_15xx.o (ex liblpc_chip_15xx.a)
    598	      0	      0	    598	    256	iap.o (ex liblpc_chip_15xx.a)
    124	      0	      0	    124	     7c	iocon_15xx.o (ex liblpc_chip_15xx.a)
      0	      0	      0	      0	      0	pinint_15xx.o (ex liblpc_chip_15xx.a)
    300	      0	      0	    300	    12c	pmu_15xx.o (ex liblpc_chip_15xx.a)
    962	      0	      0	    962	    3c2	ring_buffer.o (ex liblpc_chip_15xx.a)
    692	      0	      0	    692	    2b4	ritimer_15xx.o (ex liblpc_chip_15xx.a)
      0	      0	      0	      0	      0	rtc_15xx.o (ex liblpc_chip_15xx.a)
    318	      0	      0	    318	    13e	sct_15xx.o (ex liblpc_chip_15xx.a)
    412	      0	      0	    412	    19c	sct_pwm_15xx.o (ex liblpc_chip_15xx.a)
    140	      0	      0	    140	     8c	sctipu_15xx.o (ex liblpc_chip_15xx.a)
   1766	      0	      0	   1766	    6e6	spi_15xx.o (ex liblpc_chip_15xx.a)
    328	      0	     12	    340	    154	stopwatch_15xx.o (ex liblpc_chip_15xx.a)
    356	      0	      0	    356	    164	swm_15xx.o (ex liblpc_chip_15xx.a)
    466	      0	      0	    466	    1d2	sysctl_15xx.o (ex liblpc_chip_15xx.a)
    420	      0	      0	    420	    1a4	sysinit_15xx.o (ex liblpc_chip_15xx.a)
   1116	      0	      0	   1116	    45c	uart_15xx.o (ex liblpc_chip_15xx.a)
    114	      0	      0	    114	     72	wwdt_15xx.o (ex liblpc_chip_15xx.a)
 
14:14:10 **** Incremental Build of configuration Debug for project usbd_rom_hid_generic ****
make -r -j8 all 
Building file: ../example/src/hid_main.c
Invoking: MCU C Compiler
arm-none-eabi-gcc -DDEBUG -D__CODE_RED -D__USE_LPCOPEN -D__REDLIB__ -DCORE_M3 -I"E:\PS\P_NXP\LPC1549_USB\lpc_chip_15xx\inc" -I"E:\PS\P_NXP\LPC1549_USB\lpc_board_nxp_lpcxpresso_1549\inc" -I"E:\PS\P_NXP\LPC1549_USB\usbd_rom_hid_generic\example\inc" -I"E:\PS\P_NXP\LPC1549_USB\lpc_chip_15xx\inc\usbd" -O0 -g3 -gdwarf-4 -Wall -c -fmessage-length=0 -fno-builtin -ffunction-sections -fdata-sections -fmerge-constants -fmacro-prefix-map="../example/src/"= -mcpu=cortex-m3 -mthumb -fstack-usage -specs=redlib.specs -MMD -MP -MF"example/src/hid_main.d" -MT"example/src/hid_main.o" -MT"example/src/hid_main.d" -o "example/src/hid_main.o" "../example/src/hid_main.c"
Finished building: ../example/src/hid_main.c
 
Building target: usbd_rom_hid_generic.axf
Invoking: MCU Linker
arm-none-eabi-gcc -nostdlib -L"E:\PS\P_NXP\LPC1549_USB\lpc_chip_15xx\Debug" -L"E:\PS\P_NXP\LPC1549_USB\lpc_board_nxp_lpcxpresso_1549\Debug" -Xlinker -Map="usbd_rom_hid_generic.map" -Xlinker --gc-sections -mcpu=cortex-m3 -mthumb -T usbd_rom_hid_generic_Debug.ld -o "usbd_rom_hid_generic.axf" ./example/src/cr_startup_lpc15xx.o ./example/src/hid_desc.o ./example/src/hid_generic.o ./example/src/hid_main.o ./example/src/sysinit.o    -llpc_board_nxp_lpcxpresso_1549 -llpc_chip_15xx
Finished building target: usbd_rom_hid_generic.axf
 
Performing post-build steps
arm-none-eabi-size "usbd_rom_hid_generic.axf"; # arm-none-eabi-objcopy -v -O binary "usbd_rom_hid_generic.axf" "usbd_rom_hid_generic.bin" ; # checksum -p LPC1549 -d "usbd_rom_hid_generic.bin";
   text	   data	    bss	    dec	    hex	filename
   7936	     44	    500	   8480	   2120	usbd_rom_hid_generic.axf
 
14:15:24 **** Incremental Build of configuration Debug for project lpc_board_nxp_lpcxpresso_1549 ****
make -r -j8 all 
make[1]: Nothing to be done for 'main-build'.
Performing post-build steps
arm-none-eabi-size "liblpc_board_nxp_lpcxpresso_1549.a" ; # arm-none-eabi-objdump -h -S "liblpc_board_nxp_lpcxpresso_1549.a" >"liblpc_board_nxp_lpcxpresso_1549.lss"
   text	   data	    bss	    dec	    hex	filename
   1313	      0	      0	   1313	    521	board.o (ex liblpc_board_nxp_lpcxpresso_1549.a)
    574	      0	      0	    574	    23e	board_sysinit.o (ex liblpc_board_nxp_lpcxpresso_1549.a)
 
14:15:24 **** Incremental Build of configuration Debug for project lpc_chip_15xx ****
make -r -j8 all 
make[1]: Nothing to be done for 'main-build'.
Performing post-build steps
arm-none-eabi-size "liblpc_chip_15xx.a" ; # arm-none-eabi-objdump -h -S "liblpc_chip_15xx.a" >"liblpc_chip_15xx.lss"
   text	   data	    bss	    dec	    hex	filename
    610	      0	      0	    610	    262	acmp_15xx.o (ex liblpc_chip_15xx.a)
    790	      0	      0	    790	    316	adc_15xx.o (ex liblpc_chip_15xx.a)
    298	      0	      4	    302	    12e	chip_15xx.o (ex liblpc_chip_15xx.a)
   1700	      0	      0	   1700	    6a4	clock_15xx.o (ex liblpc_chip_15xx.a)
    494	      0	      0	    494	    1ee	crc_15xx.o (ex liblpc_chip_15xx.a)
     60	      0	      0	     60	     3c	dac_15xx.o (ex liblpc_chip_15xx.a)
    294	      0	    288	    582	    246	dma_15xx.o (ex liblpc_chip_15xx.a)
    192	      0	      0	    192	     c0	eeprom.o (ex liblpc_chip_15xx.a)
    684	      0	      0	    684	    2ac	gpio_15xx.o (ex liblpc_chip_15xx.a)
     84	      0	      0	     84	     54	i2c_common_15xx.o (ex liblpc_chip_15xx.a)
    866	      0	      0	    866	    362	i2cm_15xx.o (ex liblpc_chip_15xx.a)
    450	      0	      0	    450	    1c2	i2cs_15xx.o (ex liblpc_chip_15xx.a)
    598	      0	      0	    598	    256	iap.o (ex liblpc_chip_15xx.a)
    124	      0	      0	    124	     7c	iocon_15xx.o (ex liblpc_chip_15xx.a)
      0	      0	      0	      0	      0	pinint_15xx.o (ex liblpc_chip_15xx.a)
    300	      0	      0	    300	    12c	pmu_15xx.o (ex liblpc_chip_15xx.a)
    962	      0	      0	    962	    3c2	ring_buffer.o (ex liblpc_chip_15xx.a)
    692	      0	      0	    692	    2b4	ritimer_15xx.o (ex liblpc_chip_15xx.a)
      0	      0	      0	      0	      0	rtc_15xx.o (ex liblpc_chip_15xx.a)
    318	      0	      0	    318	    13e	sct_15xx.o (ex liblpc_chip_15xx.a)
    412	      0	      0	    412	    19c	sct_pwm_15xx.o (ex liblpc_chip_15xx.a)
    140	      0	      0	    140	     8c	sctipu_15xx.o (ex liblpc_chip_15xx.a)
   1766	      0	      0	   1766	    6e6	spi_15xx.o (ex liblpc_chip_15xx.a)
    328	      0	     12	    340	    154	stopwatch_15xx.o (ex liblpc_chip_15xx.a)
    356	      0	      0	    356	    164	swm_15xx.o (ex liblpc_chip_15xx.a)
    466	      0	      0	    466	    1d2	sysctl_15xx.o (ex liblpc_chip_15xx.a)
    420	      0	      0	    420	    1a4	sysinit_15xx.o (ex liblpc_chip_15xx.a)
   1116	      0	      0	   1116	    45c	uart_15xx.o (ex liblpc_chip_15xx.a)
    114	      0	      0	    114	     72	wwdt_15xx.o (ex liblpc_chip_15xx.a)
 
14:15:25 **** Incremental Build of configuration Debug for project usbd_rom_hid_generic ****
make -r -j8 all 
Building file: ../example/src/hid_main.c
Invoking: MCU C Compiler
arm-none-eabi-gcc -DDEBUG -D__CODE_RED -D__USE_LPCOPEN -D__REDLIB__ -DCORE_M3 -I"E:\PS\P_NXP\LPC1549_USB\lpc_chip_15xx\inc" -I"E:\PS\P_NXP\LPC1549_USB\lpc_board_nxp_lpcxpresso_1549\inc" -I"E:\PS\P_NXP\LPC1549_USB\usbd_rom_hid_generic\example\inc" -I"E:\PS\P_NXP\LPC1549_USB\lpc_chip_15xx\inc\usbd" -O0 -g3 -gdwarf-4 -Wall -c -fmessage-length=0 -fno-builtin -ffunction-sections -fdata-sections -fmerge-constants -fmacro-prefix-map="../example/src/"= -mcpu=cortex-m3 -mthumb -fstack-usage -specs=redlib.specs -MMD -MP -MF"example/src/hid_main.d" -MT"example/src/hid_main.o" -MT"example/src/hid_main.d" -o "example/src/hid_main.o" "../example/src/hid_main.c"
Finished building: ../example/src/hid_main.c
 
Building target: usbd_rom_hid_generic.axf
Invoking: MCU Linker
arm-none-eabi-gcc -nostdlib -L"E:\PS\P_NXP\LPC1549_USB\lpc_chip_15xx\Debug" -L"E:\PS\P_NXP\LPC1549_USB\lpc_board_nxp_lpcxpresso_1549\Debug" -Xlinker -Map="usbd_rom_hid_generic.map" -Xlinker --gc-sections -mcpu=cortex-m3 -mthumb -T usbd_rom_hid_generic_Debug.ld -o "usbd_rom_hid_generic.axf" ./example/src/cr_startup_lpc15xx.o ./example/src/hid_desc.o ./example/src/hid_generic.o ./example/src/hid_main.o ./example/src/sysinit.o    -llpc_board_nxp_lpcxpresso_1549 -llpc_chip_15xx
Finished building target: usbd_rom_hid_generic.axf
 
Performing post-build steps
arm-none-eabi-size "usbd_rom_hid_generic.axf"; # arm-none-eabi-objcopy -v -O binary "usbd_rom_hid_generic.axf" "usbd_rom_hid_generic.bin" ; # checksum -p LPC1549 -d "usbd_rom_hid_generic.bin";
   text	   data	    bss	    dec	    hex	filename
   7964	     44	    500	   8508	   213c	usbd_rom_hid_generic.axf
 
14:16:05 **** Incremental Build of configuration Debug for project lpc_board_nxp_lpcxpresso_1549 ****
make -r -j8 all 
make[1]: Nothing to be done for 'main-build'.
Performing post-build steps
arm-none-eabi-size "liblpc_board_nxp_lpcxpresso_1549.a" ; # arm-none-eabi-objdump -h -S "liblpc_board_nxp_lpcxpresso_1549.a" >"liblpc_board_nxp_lpcxpresso_1549.lss"
   text	   data	    bss	    dec	    hex	filename
   1313	      0	      0	   1313	    521	board.o (ex liblpc_board_nxp_lpcxpresso_1549.a)
    574	      0	      0	    574	    23e	board_sysinit.o (ex liblpc_board_nxp_lpcxpresso_1549.a)
 
14:16:05 **** Incremental Build of configuration Debug for project lpc_chip_15xx ****
make -r -j8 all 
make[1]: Nothing to be done for 'main-build'.
Performing post-build steps
arm-none-eabi-size "liblpc_chip_15xx.a" ; # arm-none-eabi-objdump -h -S "liblpc_chip_15xx.a" >"liblpc_chip_15xx.lss"
   text	   data	    bss	    dec	    hex	filename
    610	      0	      0	    610	    262	acmp_15xx.o (ex liblpc_chip_15xx.a)
    790	      0	      0	    790	    316	adc_15xx.o (ex liblpc_chip_15xx.a)
    298	      0	      4	    302	    12e	chip_15xx.o (ex liblpc_chip_15xx.a)
   1700	      0	      0	   1700	    6a4	clock_15xx.o (ex liblpc_chip_15xx.a)
    494	      0	      0	    494	    1ee	crc_15xx.o (ex liblpc_chip_15xx.a)
     60	      0	      0	     60	     3c	dac_15xx.o (ex liblpc_chip_15xx.a)
    294	      0	    288	    582	    246	dma_15xx.o (ex liblpc_chip_15xx.a)
    192	      0	      0	    192	     c0	eeprom.o (ex liblpc_chip_15xx.a)
    684	      0	      0	    684	    2ac	gpio_15xx.o (ex liblpc_chip_15xx.a)
     84	      0	      0	     84	     54	i2c_common_15xx.o (ex liblpc_chip_15xx.a)
    866	      0	      0	    866	    362	i2cm_15xx.o (ex liblpc_chip_15xx.a)
    450	      0	      0	    450	    1c2	i2cs_15xx.o (ex liblpc_chip_15xx.a)
    598	      0	      0	    598	    256	iap.o (ex liblpc_chip_15xx.a)
    124	      0	      0	    124	     7c	iocon_15xx.o (ex liblpc_chip_15xx.a)
      0	      0	      0	      0	      0	pinint_15xx.o (ex liblpc_chip_15xx.a)
    300	      0	      0	    300	    12c	pmu_15xx.o (ex liblpc_chip_15xx.a)
    962	      0	      0	    962	    3c2	ring_buffer.o (ex liblpc_chip_15xx.a)
    692	      0	      0	    692	    2b4	ritimer_15xx.o (ex liblpc_chip_15xx.a)
      0	      0	      0	      0	      0	rtc_15xx.o (ex liblpc_chip_15xx.a)
    318	      0	      0	    318	    13e	sct_15xx.o (ex liblpc_chip_15xx.a)
    412	      0	      0	    412	    19c	sct_pwm_15xx.o (ex liblpc_chip_15xx.a)
    140	      0	      0	    140	     8c	sctipu_15xx.o (ex liblpc_chip_15xx.a)
   1766	      0	      0	   1766	    6e6	spi_15xx.o (ex liblpc_chip_15xx.a)
    328	      0	     12	    340	    154	stopwatch_15xx.o (ex liblpc_chip_15xx.a)
    356	      0	      0	    356	    164	swm_15xx.o (ex liblpc_chip_15xx.a)
    466	      0	      0	    466	    1d2	sysctl_15xx.o (ex liblpc_chip_15xx.a)
    420	      0	      0	    420	    1a4	sysinit_15xx.o (ex liblpc_chip_15xx.a)
   1116	      0	      0	   1116	    45c	uart_15xx.o (ex liblpc_chip_15xx.a)
    114	      0	      0	    114	     72	wwdt_15xx.o (ex liblpc_chip_15xx.a)
 
14:16:06 **** Incremental Build of configuration Debug for project usbd_rom_hid_generic ****
make -r -j8 all 
Building file: ../example/src/hid_main.c
Invoking: MCU C Compiler
arm-none-eabi-gcc -DDEBUG -D__CODE_RED -D__USE_LPCOPEN -D__REDLIB__ -DCORE_M3 -I"E:\PS\P_NXP\LPC1549_USB\lpc_chip_15xx\inc" -I"E:\PS\P_NXP\LPC1549_USB\lpc_board_nxp_lpcxpresso_1549\inc" -I"E:\PS\P_NXP\LPC1549_USB\usbd_rom_hid_generic\example\inc" -I"E:\PS\P_NXP\LPC1549_USB\lpc_chip_15xx\inc\usbd" -O0 -g3 -gdwarf-4 -Wall -c -fmessage-length=0 -fno-builtin -ffunction-sections -fdata-sections -fmerge-constants -fmacro-prefix-map="../example/src/"= -mcpu=cortex-m3 -mthumb -fstack-usage -specs=redlib.specs -MMD -MP -MF"example/src/hid_main.d" -MT"example/src/hid_main.o" -MT"example/src/hid_main.d" -o "example/src/hid_main.o" "../example/src/hid_main.c"
Finished building: ../example/src/hid_main.c
 
Building target: usbd_rom_hid_generic.axf
Invoking: MCU Linker
arm-none-eabi-gcc -nostdlib -L"E:\PS\P_NXP\LPC1549_USB\lpc_chip_15xx\Debug" -L"E:\PS\P_NXP\LPC1549_USB\lpc_board_nxp_lpcxpresso_1549\Debug" -Xlinker -Map="usbd_rom_hid_generic.map" -Xlinker --gc-sections -mcpu=cortex-m3 -mthumb -T usbd_rom_hid_generic_Debug.ld -o "usbd_rom_hid_generic.axf" ./example/src/cr_startup_lpc15xx.o ./example/src/hid_desc.o ./example/src/hid_generic.o ./example/src/hid_main.o ./example/src/sysinit.o    -llpc_board_nxp_lpcxpresso_1549 -llpc_chip_15xx
Finished building target: usbd_rom_hid_generic.axf
 
Performing post-build steps
arm-none-eabi-size "usbd_rom_hid_generic.axf"; # arm-none-eabi-objcopy -v -O binary "usbd_rom_hid_generic.axf" "usbd_rom_hid_generic.bin" ; # checksum -p LPC1549 -d "usbd_rom_hid_generic.bin";
   text	   data	    bss	    dec	    hex	filename
   8008	     44	    500	   8552	   2168	usbd_rom_hid_generic.axf
 
14:16:10 **** Incremental Build of configuration Debug for project usbd_rom_hid_generic ****
make -r -j8 all 
make[1]: Nothing to be done for 'main-build'.
Performing post-build steps
arm-none-eabi-size "usbd_rom_hid_generic.axf"; # arm-none-eabi-objcopy -v -O binary "usbd_rom_hid_generic.axf" "usbd_rom_hid_generic.bin" ; # checksum -p LPC1549 -d "usbd_rom_hid_generic.bin";
   text	   data	    bss	    dec	    hex	filename
   8008	     44	    500	   8552	   2168	usbd_rom_hid_generic.axf
 
14:16:31 **** Incremental Build of configuration Debug for project usbd_rom_hid_generic ****
make -r -j8 all 
make[1]: Nothing to be done for 'main-build'.
Performing post-build steps
arm-none-eabi-size "usbd_rom_hid_generic.axf"; # arm-none-eabi-objcopy -v -O binary "usbd_rom_hid_generic.axf" "usbd_rom_hid_generic.bin" ; # checksum -p LPC1549 -d "usbd_rom_hid_generic.bin";
   text	   data	    bss	    dec	    hex	filename
   8008	     44	    500	   8552	   2168	usbd_rom_hid_generic.axf
 
14:25:29 **** Incremental Build of configuration Debug for project usbd_rom_hid_generic ****
make -r -j8 all 
make[1]: Nothing to be done for 'main-build'.
Performing post-build steps
arm-none-eabi-size "usbd_rom_hid_generic.axf"; # arm-none-eabi-objcopy -v -O binary "usbd_rom_hid_generic.axf" "usbd_rom_hid_generic.bin" ; # checksum -p LPC1549 -d "usbd_rom_hid_generic.bin";
   text	   data	    bss	    dec	    hex	filename
   8008	     44	    500	   8552	   2168	usbd_rom_hid_generic.axf
 
13:56:53 **** Incremental Build of configuration Debug for project lpc_board_nxp_lpcxpresso_1549 ****
make -r -j8 all 
Building file: ../src/board.c
Building file: ../src/board_sysinit.c
Invoking: MCU C Compiler
arm-none-eabi-gcc -D__REDLIB__ -DDEBUG -D__CODE_RED -D__USE_LPCOPEN -DCORE_M3 -I"E:\PS\P_NXP\LPC1549_USB\lpc_chip_15xx\inc" -I"E:\PS\P_NXP\LPC1549_USB\lpc_board_nxp_lpcxpresso_1549\inc" -O0 -g3 -gdwarf-4 -Wall -c -fmessage-length=0 -fno-builtin -ffunction-sections -fdata-sections -fmerge-constants -fmacro-prefix-map="../src/"= -mcpu=cortex-m3 -mthumb -fstack-usage -specs=redlib.specs -MMD -MP -MF"src/board.d" -MT"src/board.o" -MT"src/board.d" -o "src/board.o" "../src/board.c"
Invoking: MCU C Compiler
arm-none-eabi-gcc -D__REDLIB__ -DDEBUG -D__CODE_RED -D__USE_LPCOPEN -DCORE_M3 -I"E:\PS\P_NXP\LPC1549_USB\lpc_chip_15xx\inc" -I"E:\PS\P_NXP\LPC1549_USB\lpc_board_nxp_lpcxpresso_1549\inc" -O0 -g3 -gdwarf-4 -Wall -c -fmessage-length=0 -fno-builtin -ffunction-sections -fdata-sections -fmerge-constants -fmacro-prefix-map="../src/"= -mcpu=cortex-m3 -mthumb -fstack-usage -specs=redlib.specs -MMD -MP -MF"src/board_sysinit.d" -MT"src/board_sysinit.o" -MT"src/board_sysinit.d" -o "src/board_sysinit.o" "../src/board_sysinit.c"
Finished building: ../src/board_sysinit.c
Finished building: ../src/board.c
 
 
Building target: liblpc_board_nxp_lpcxpresso_1549.a
Invoking: MCU Archiver
arm-none-eabi-ar -r  "liblpc_board_nxp_lpcxpresso_1549.a" ./src/board.o ./src/board_sysinit.o   
arm-none-eabi-ar: creating liblpc_board_nxp_lpcxpresso_1549.a
Finished building target: liblpc_board_nxp_lpcxpresso_1549.a
 
Performing post-build steps
arm-none-eabi-size "liblpc_board_nxp_lpcxpresso_1549.a" ; # arm-none-eabi-objdump -h -S "liblpc_board_nxp_lpcxpresso_1549.a" >"liblpc_board_nxp_lpcxpresso_1549.lss"
   text	   data	    bss	    dec	    hex	filename
   1313	      0	      0	   1313	    521	board.o (ex liblpc_board_nxp_lpcxpresso_1549.a)
    574	      0	      0	    574	    23e	board_sysinit.o (ex liblpc_board_nxp_lpcxpresso_1549.a)
 
13:56:56 **** Incremental Build of configuration Debug for project lpc_chip_15xx ****
make -r -j8 all 
make[1]: Nothing to be done for 'main-build'.
Performing post-build steps
arm-none-eabi-size "liblpc_chip_15xx.a" ; # arm-none-eabi-objdump -h -S "liblpc_chip_15xx.a" >"liblpc_chip_15xx.lss"
   text	   data	    bss	    dec	    hex	filename
    610	      0	      0	    610	    262	acmp_15xx.o (ex liblpc_chip_15xx.a)
    790	      0	      0	    790	    316	adc_15xx.o (ex liblpc_chip_15xx.a)
    298	      0	      4	    302	    12e	chip_15xx.o (ex liblpc_chip_15xx.a)
   1700	      0	      0	   1700	    6a4	clock_15xx.o (ex liblpc_chip_15xx.a)
    494	      0	      0	    494	    1ee	crc_15xx.o (ex liblpc_chip_15xx.a)
     60	      0	      0	     60	     3c	dac_15xx.o (ex liblpc_chip_15xx.a)
    294	      0	    288	    582	    246	dma_15xx.o (ex liblpc_chip_15xx.a)
    192	      0	      0	    192	     c0	eeprom.o (ex liblpc_chip_15xx.a)
    684	      0	      0	    684	    2ac	gpio_15xx.o (ex liblpc_chip_15xx.a)
     84	      0	      0	     84	     54	i2c_common_15xx.o (ex liblpc_chip_15xx.a)
    866	      0	      0	    866	    362	i2cm_15xx.o (ex liblpc_chip_15xx.a)
    450	      0	      0	    450	    1c2	i2cs_15xx.o (ex liblpc_chip_15xx.a)
    598	      0	      0	    598	    256	iap.o (ex liblpc_chip_15xx.a)
    124	      0	      0	    124	     7c	iocon_15xx.o (ex liblpc_chip_15xx.a)
      0	      0	      0	      0	      0	pinint_15xx.o (ex liblpc_chip_15xx.a)
    300	      0	      0	    300	    12c	pmu_15xx.o (ex liblpc_chip_15xx.a)
    962	      0	      0	    962	    3c2	ring_buffer.o (ex liblpc_chip_15xx.a)
    692	      0	      0	    692	    2b4	ritimer_15xx.o (ex liblpc_chip_15xx.a)
      0	      0	      0	      0	      0	rtc_15xx.o (ex liblpc_chip_15xx.a)
    318	      0	      0	    318	    13e	sct_15xx.o (ex liblpc_chip_15xx.a)
    412	      0	      0	    412	    19c	sct_pwm_15xx.o (ex liblpc_chip_15xx.a)
    140	      0	      0	    140	     8c	sctipu_15xx.o (ex liblpc_chip_15xx.a)
   1766	      0	      0	   1766	    6e6	spi_15xx.o (ex liblpc_chip_15xx.a)
    328	      0	     12	    340	    154	stopwatch_15xx.o (ex liblpc_chip_15xx.a)
    356	      0	      0	    356	    164	swm_15xx.o (ex liblpc_chip_15xx.a)
    466	      0	      0	    466	    1d2	sysctl_15xx.o (ex liblpc_chip_15xx.a)
    420	      0	      0	    420	    1a4	sysinit_15xx.o (ex liblpc_chip_15xx.a)
   1116	      0	      0	   1116	    45c	uart_15xx.o (ex liblpc_chip_15xx.a)
    114	      0	      0	    114	     72	wwdt_15xx.o (ex liblpc_chip_15xx.a)
 
13:56:58 **** Incremental Build of configuration Debug for project usbd_rom_hid_generic ****
make -r -j8 all 
Building file: ../example/src/hid_main.c
Invoking: MCU C Compiler
arm-none-eabi-gcc -DDEBUG -D__CODE_RED -D__USE_LPCOPEN -D__REDLIB__ -DCORE_M3 -I"E:\PS\P_NXP\LPC1549_USB\lpc_chip_15xx\inc" -I"E:\PS\P_NXP\LPC1549_USB\lpc_board_nxp_lpcxpresso_1549\inc" -I"E:\PS\P_NXP\LPC1549_USB\usbd_rom_hid_generic\example\inc" -I"E:\PS\P_NXP\LPC1549_USB\lpc_chip_15xx\inc\usbd" -O0 -g3 -gdwarf-4 -Wall -c -fmessage-length=0 -fno-builtin -ffunction-sections -fdata-sections -fmerge-constants -fmacro-prefix-map="../example/src/"= -mcpu=cortex-m3 -mthumb -fstack-usage -specs=redlib.specs -MMD -MP -MF"example/src/hid_main.d" -MT"example/src/hid_main.o" -MT"example/src/hid_main.d" -o "example/src/hid_main.o" "../example/src/hid_main.c"
Finished building: ../example/src/hid_main.c
 
Building target: usbd_rom_hid_generic.axf
Invoking: MCU Linker
arm-none-eabi-gcc -nostdlib -L"E:\PS\P_NXP\LPC1549_USB\lpc_chip_15xx\Debug" -L"E:\PS\P_NXP\LPC1549_USB\lpc_board_nxp_lpcxpresso_1549\Debug" -Xlinker -Map="usbd_rom_hid_generic.map" -Xlinker --gc-sections -mcpu=cortex-m3 -mthumb -T usbd_rom_hid_generic_Debug.ld -o "usbd_rom_hid_generic.axf" ./example/src/cr_startup_lpc15xx.o ./example/src/hid_desc.o ./example/src/hid_generic.o ./example/src/hid_main.o ./example/src/sysinit.o    -llpc_board_nxp_lpcxpresso_1549 -llpc_chip_15xx
Finished building target: usbd_rom_hid_generic.axf
 
Performing post-build steps
arm-none-eabi-size "usbd_rom_hid_generic.axf"; # arm-none-eabi-objcopy -v -O binary "usbd_rom_hid_generic.axf" "usbd_rom_hid_generic.bin" ; # checksum -p LPC1549 -d "usbd_rom_hid_generic.bin";
   text	   data	    bss	    dec	    hex	filename
   8008	     44	    500	   8552	   2168	usbd_rom_hid_generic.axf
 
13:57:18 **** Incremental Build of configuration Debug for project usbd_rom_hid_generic ****
make -r -j8 all 
make[1]: Nothing to be done for 'main-build'.
Performing post-build steps
arm-none-eabi-size "usbd_rom_hid_generic.axf"; # arm-none-eabi-objcopy -v -O binary "usbd_rom_hid_generic.axf" "usbd_rom_hid_generic.bin" ; # checksum -p LPC1549 -d "usbd_rom_hid_generic.bin";
   text	   data	    bss	    dec	    hex	filename
   8008	     44	    500	   8552	   2168	usbd_rom_hid_generic.axf
 
14:00:19 **** Incremental Build of configuration Debug for project lpc_board_nxp_lpcxpresso_1549 ****
make -r -j8 all 
make[1]: Nothing to be done for 'main-build'.
Performing post-build steps
arm-none-eabi-size "liblpc_board_nxp_lpcxpresso_1549.a" ; # arm-none-eabi-objdump -h -S "liblpc_board_nxp_lpcxpresso_1549.a" >"liblpc_board_nxp_lpcxpresso_1549.lss"
   text	   data	    bss	    dec	    hex	filename
   1313	      0	      0	   1313	    521	board.o (ex liblpc_board_nxp_lpcxpresso_1549.a)
    574	      0	      0	    574	    23e	board_sysinit.o (ex liblpc_board_nxp_lpcxpresso_1549.a)
 
14:00:19 **** Incremental Build of configuration Debug for project lpc_chip_15xx ****
make -r -j8 all 
make[1]: Nothing to be done for 'main-build'.
Performing post-build steps
arm-none-eabi-size "liblpc_chip_15xx.a" ; # arm-none-eabi-objdump -h -S "liblpc_chip_15xx.a" >"liblpc_chip_15xx.lss"
   text	   data	    bss	    dec	    hex	filename
    610	      0	      0	    610	    262	acmp_15xx.o (ex liblpc_chip_15xx.a)
    790	      0	      0	    790	    316	adc_15xx.o (ex liblpc_chip_15xx.a)
    298	      0	      4	    302	    12e	chip_15xx.o (ex liblpc_chip_15xx.a)
   1700	      0	      0	   1700	    6a4	clock_15xx.o (ex liblpc_chip_15xx.a)
    494	      0	      0	    494	    1ee	crc_15xx.o (ex liblpc_chip_15xx.a)
     60	      0	      0	     60	     3c	dac_15xx.o (ex liblpc_chip_15xx.a)
    294	      0	    288	    582	    246	dma_15xx.o (ex liblpc_chip_15xx.a)
    192	      0	      0	    192	     c0	eeprom.o (ex liblpc_chip_15xx.a)
    684	      0	      0	    684	    2ac	gpio_15xx.o (ex liblpc_chip_15xx.a)
     84	      0	      0	     84	     54	i2c_common_15xx.o (ex liblpc_chip_15xx.a)
    866	      0	      0	    866	    362	i2cm_15xx.o (ex liblpc_chip_15xx.a)
    450	      0	      0	    450	    1c2	i2cs_15xx.o (ex liblpc_chip_15xx.a)
    598	      0	      0	    598	    256	iap.o (ex liblpc_chip_15xx.a)
    124	      0	      0	    124	     7c	iocon_15xx.o (ex liblpc_chip_15xx.a)
      0	      0	      0	      0	      0	pinint_15xx.o (ex liblpc_chip_15xx.a)
    300	      0	      0	    300	    12c	pmu_15xx.o (ex liblpc_chip_15xx.a)
    962	      0	      0	    962	    3c2	ring_buffer.o (ex liblpc_chip_15xx.a)
    692	      0	      0	    692	    2b4	ritimer_15xx.o (ex liblpc_chip_15xx.a)
      0	      0	      0	      0	      0	rtc_15xx.o (ex liblpc_chip_15xx.a)
    318	      0	      0	    318	    13e	sct_15xx.o (ex liblpc_chip_15xx.a)
    412	      0	      0	    412	    19c	sct_pwm_15xx.o (ex liblpc_chip_15xx.a)
    140	      0	      0	    140	     8c	sctipu_15xx.o (ex liblpc_chip_15xx.a)
   1766	      0	      0	   1766	    6e6	spi_15xx.o (ex liblpc_chip_15xx.a)
    328	      0	     12	    340	    154	stopwatch_15xx.o (ex liblpc_chip_15xx.a)
    356	      0	      0	    356	    164	swm_15xx.o (ex liblpc_chip_15xx.a)
    466	      0	      0	    466	    1d2	sysctl_15xx.o (ex liblpc_chip_15xx.a)
    420	      0	      0	    420	    1a4	sysinit_15xx.o (ex liblpc_chip_15xx.a)
   1116	      0	      0	   1116	    45c	uart_15xx.o (ex liblpc_chip_15xx.a)
    114	      0	      0	    114	     72	wwdt_15xx.o (ex liblpc_chip_15xx.a)
 
14:00:20 **** Incremental Build of configuration Debug for project usbd_rom_hid_generic ****
make -r -j8 all 
Building file: ../example/src/hid_main.c
Invoking: MCU C Compiler
arm-none-eabi-gcc -DDEBUG -D__CODE_RED -D__USE_LPCOPEN -D__REDLIB__ -DCORE_M3 -I"E:\PS\P_NXP\LPC1549_USB\lpc_chip_15xx\inc" -I"E:\PS\P_NXP\LPC1549_USB\lpc_board_nxp_lpcxpresso_1549\inc" -I"E:\PS\P_NXP\LPC1549_USB\usbd_rom_hid_generic\example\inc" -I"E:\PS\P_NXP\LPC1549_USB\lpc_chip_15xx\inc\usbd" -O0 -g3 -gdwarf-4 -Wall -c -fmessage-length=0 -fno-builtin -ffunction-sections -fdata-sections -fmerge-constants -fmacro-prefix-map="../example/src/"= -mcpu=cortex-m3 -mthumb -fstack-usage -specs=redlib.specs -MMD -MP -MF"example/src/hid_main.d" -MT"example/src/hid_main.o" -MT"example/src/hid_main.d" -o "example/src/hid_main.o" "../example/src/hid_main.c"
Finished building: ../example/src/hid_main.c
 
Building target: usbd_rom_hid_generic.axf
Invoking: MCU Linker
arm-none-eabi-gcc -nostdlib -L"E:\PS\P_NXP\LPC1549_USB\lpc_chip_15xx\Debug" -L"E:\PS\P_NXP\LPC1549_USB\lpc_board_nxp_lpcxpresso_1549\Debug" -Xlinker -Map="usbd_rom_hid_generic.map" -Xlinker --gc-sections -mcpu=cortex-m3 -mthumb -T usbd_rom_hid_generic_Debug.ld -o "usbd_rom_hid_generic.axf" ./example/src/cr_startup_lpc15xx.o ./example/src/hid_desc.o ./example/src/hid_generic.o ./example/src/hid_main.o ./example/src/sysinit.o    -llpc_board_nxp_lpcxpresso_1549 -llpc_chip_15xx
Finished building target: usbd_rom_hid_generic.axf
 
Performing post-build steps
arm-none-eabi-size "usbd_rom_hid_generic.axf"; # arm-none-eabi-objcopy -v -O binary "usbd_rom_hid_generic.axf" "usbd_rom_hid_generic.bin" ; # checksum -p LPC1549 -d "usbd_rom_hid_generic.bin";
   text	   data	    bss	    dec	    hex	filename
   8020	     44	    500	   8564	   2174	usbd_rom_hid_generic.axf
 
14:00:50 **** Incremental Build of configuration Debug for project usbd_rom_hid_generic ****
make -r -j8 all 
make[1]: Nothing to be done for 'main-build'.
Performing post-build steps
arm-none-eabi-size "usbd_rom_hid_generic.axf"; # arm-none-eabi-objcopy -v -O binary "usbd_rom_hid_generic.axf" "usbd_rom_hid_generic.bin" ; # checksum -p LPC1549 -d "usbd_rom_hid_generic.bin";
   text	   data	    bss	    dec	    hex	filename
   8020	     44	    500	   8564	   2174	usbd_rom_hid_generic.axf
 
14:51:03 **** Incremental Build of configuration Debug for project lpc_board_nxp_lpcxpresso_1549 ****
make -r -j8 all 
make[1]: Nothing to be done for 'main-build'.
Performing post-build steps
arm-none-eabi-size "liblpc_board_nxp_lpcxpresso_1549.a" ; # arm-none-eabi-objdump -h -S "liblpc_board_nxp_lpcxpresso_1549.a" >"liblpc_board_nxp_lpcxpresso_1549.lss"
   text	   data	    bss	    dec	    hex	filename
   1313	      0	      0	   1313	    521	board.o (ex liblpc_board_nxp_lpcxpresso_1549.a)
    574	      0	      0	    574	    23e	board_sysinit.o (ex liblpc_board_nxp_lpcxpresso_1549.a)
 
14:51:04 **** Incremental Build of configuration Debug for project lpc_chip_15xx ****
make -r -j8 all 
make[1]: Nothing to be done for 'main-build'.
Performing post-build steps
arm-none-eabi-size "liblpc_chip_15xx.a" ; # arm-none-eabi-objdump -h -S "liblpc_chip_15xx.a" >"liblpc_chip_15xx.lss"
   text	   data	    bss	    dec	    hex	filename
    610	      0	      0	    610	    262	acmp_15xx.o (ex liblpc_chip_15xx.a)
    790	      0	      0	    790	    316	adc_15xx.o (ex liblpc_chip_15xx.a)
    298	      0	      4	    302	    12e	chip_15xx.o (ex liblpc_chip_15xx.a)
   1700	      0	      0	   1700	    6a4	clock_15xx.o (ex liblpc_chip_15xx.a)
    494	      0	      0	    494	    1ee	crc_15xx.o (ex liblpc_chip_15xx.a)
     60	      0	      0	     60	     3c	dac_15xx.o (ex liblpc_chip_15xx.a)
    294	      0	    288	    582	    246	dma_15xx.o (ex liblpc_chip_15xx.a)
    192	      0	      0	    192	     c0	eeprom.o (ex liblpc_chip_15xx.a)
    684	      0	      0	    684	    2ac	gpio_15xx.o (ex liblpc_chip_15xx.a)
     84	      0	      0	     84	     54	i2c_common_15xx.o (ex liblpc_chip_15xx.a)
    866	      0	      0	    866	    362	i2cm_15xx.o (ex liblpc_chip_15xx.a)
    450	      0	      0	    450	    1c2	i2cs_15xx.o (ex liblpc_chip_15xx.a)
    598	      0	      0	    598	    256	iap.o (ex liblpc_chip_15xx.a)
    124	      0	      0	    124	     7c	iocon_15xx.o (ex liblpc_chip_15xx.a)
      0	      0	      0	      0	      0	pinint_15xx.o (ex liblpc_chip_15xx.a)
    300	      0	      0	    300	    12c	pmu_15xx.o (ex liblpc_chip_15xx.a)
    962	      0	      0	    962	    3c2	ring_buffer.o (ex liblpc_chip_15xx.a)
    692	      0	      0	    692	    2b4	ritimer_15xx.o (ex liblpc_chip_15xx.a)
      0	      0	      0	      0	      0	rtc_15xx.o (ex liblpc_chip_15xx.a)
    318	      0	      0	    318	    13e	sct_15xx.o (ex liblpc_chip_15xx.a)
    412	      0	      0	    412	    19c	sct_pwm_15xx.o (ex liblpc_chip_15xx.a)
    140	      0	      0	    140	     8c	sctipu_15xx.o (ex liblpc_chip_15xx.a)
   1766	      0	      0	   1766	    6e6	spi_15xx.o (ex liblpc_chip_15xx.a)
    328	      0	     12	    340	    154	stopwatch_15xx.o (ex liblpc_chip_15xx.a)
    356	      0	      0	    356	    164	swm_15xx.o (ex liblpc_chip_15xx.a)
    466	      0	      0	    466	    1d2	sysctl_15xx.o (ex liblpc_chip_15xx.a)
    420	      0	      0	    420	    1a4	sysinit_15xx.o (ex liblpc_chip_15xx.a)
   1116	      0	      0	   1116	    45c	uart_15xx.o (ex liblpc_chip_15xx.a)
    114	      0	      0	    114	     72	wwdt_15xx.o (ex liblpc_chip_15xx.a)
 
14:51:05 **** Incremental Build of configuration Debug for project usbd_rom_hid_generic ****
make -r -j8 all 
Building file: ../example/src/hid_main.c
Invoking: MCU C Compiler
arm-none-eabi-gcc -DDEBUG -D__CODE_RED -D__USE_LPCOPEN -D__REDLIB__ -DCORE_M3 -I"E:\PS\P_NXP\LPC1549_USB\lpc_chip_15xx\inc" -I"E:\PS\P_NXP\LPC1549_USB\lpc_board_nxp_lpcxpresso_1549\inc" -I"E:\PS\P_NXP\LPC1549_USB\usbd_rom_hid_generic\example\inc" -I"E:\PS\P_NXP\LPC1549_USB\lpc_chip_15xx\inc\usbd" -O0 -g3 -gdwarf-4 -Wall -c -fmessage-length=0 -fno-builtin -ffunction-sections -fdata-sections -fmerge-constants -fmacro-prefix-map="../example/src/"= -mcpu=cortex-m3 -mthumb -fstack-usage -specs=redlib.specs -MMD -MP -MF"example/src/hid_main.d" -MT"example/src/hid_main.o" -MT"example/src/hid_main.d" -o "example/src/hid_main.o" "../example/src/hid_main.c"
Finished building: ../example/src/hid_main.c
 
Building target: usbd_rom_hid_generic.axf
Invoking: MCU Linker
arm-none-eabi-gcc -nostdlib -L"E:\PS\P_NXP\LPC1549_USB\lpc_chip_15xx\Debug" -L"E:\PS\P_NXP\LPC1549_USB\lpc_board_nxp_lpcxpresso_1549\Debug" -Xlinker -Map="usbd_rom_hid_generic.map" -Xlinker --gc-sections -mcpu=cortex-m3 -mthumb -T usbd_rom_hid_generic_Debug.ld -o "usbd_rom_hid_generic.axf" ./example/src/cr_startup_lpc15xx.o ./example/src/hid_desc.o ./example/src/hid_generic.o ./example/src/hid_main.o ./example/src/sysinit.o    -llpc_board_nxp_lpcxpresso_1549 -llpc_chip_15xx
Finished building target: usbd_rom_hid_generic.axf
 
Performing post-build steps
arm-none-eabi-size "usbd_rom_hid_generic.axf"; # arm-none-eabi-objcopy -v -O binary "usbd_rom_hid_generic.axf" "usbd_rom_hid_generic.bin" ; # checksum -p LPC1549 -d "usbd_rom_hid_generic.bin";
   text	   data	    bss	    dec	    hex	filename
   7828	     44	    500	   8372	   20b4	usbd_rom_hid_generic.axf
 
14:51:18 **** Incremental Build of configuration Debug for project lpc_board_nxp_lpcxpresso_1549 ****
make -r -j8 all 
make[1]: Nothing to be done for 'main-build'.
Performing post-build steps
arm-none-eabi-size "liblpc_board_nxp_lpcxpresso_1549.a" ; # arm-none-eabi-objdump -h -S "liblpc_board_nxp_lpcxpresso_1549.a" >"liblpc_board_nxp_lpcxpresso_1549.lss"
   text	   data	    bss	    dec	    hex	filename
   1313	      0	      0	   1313	    521	board.o (ex liblpc_board_nxp_lpcxpresso_1549.a)
    574	      0	      0	    574	    23e	board_sysinit.o (ex liblpc_board_nxp_lpcxpresso_1549.a)
 
14:51:18 **** Incremental Build of configuration Debug for project lpc_chip_15xx ****
make -r -j8 all 
make[1]: Nothing to be done for 'main-build'.
Performing post-build steps
arm-none-eabi-size "liblpc_chip_15xx.a" ; # arm-none-eabi-objdump -h -S "liblpc_chip_15xx.a" >"liblpc_chip_15xx.lss"
   text	   data	    bss	    dec	    hex	filename
    610	      0	      0	    610	    262	acmp_15xx.o (ex liblpc_chip_15xx.a)
    790	      0	      0	    790	    316	adc_15xx.o (ex liblpc_chip_15xx.a)
    298	      0	      4	    302	    12e	chip_15xx.o (ex liblpc_chip_15xx.a)
   1700	      0	      0	   1700	    6a4	clock_15xx.o (ex liblpc_chip_15xx.a)
    494	      0	      0	    494	    1ee	crc_15xx.o (ex liblpc_chip_15xx.a)
     60	      0	      0	     60	     3c	dac_15xx.o (ex liblpc_chip_15xx.a)
    294	      0	    288	    582	    246	dma_15xx.o (ex liblpc_chip_15xx.a)
    192	      0	      0	    192	     c0	eeprom.o (ex liblpc_chip_15xx.a)
    684	      0	      0	    684	    2ac	gpio_15xx.o (ex liblpc_chip_15xx.a)
     84	      0	      0	     84	     54	i2c_common_15xx.o (ex liblpc_chip_15xx.a)
    866	      0	      0	    866	    362	i2cm_15xx.o (ex liblpc_chip_15xx.a)
    450	      0	      0	    450	    1c2	i2cs_15xx.o (ex liblpc_chip_15xx.a)
    598	      0	      0	    598	    256	iap.o (ex liblpc_chip_15xx.a)
    124	      0	      0	    124	     7c	iocon_15xx.o (ex liblpc_chip_15xx.a)
      0	      0	      0	      0	      0	pinint_15xx.o (ex liblpc_chip_15xx.a)
    300	      0	      0	    300	    12c	pmu_15xx.o (ex liblpc_chip_15xx.a)
    962	      0	      0	    962	    3c2	ring_buffer.o (ex liblpc_chip_15xx.a)
    692	      0	      0	    692	    2b4	ritimer_15xx.o (ex liblpc_chip_15xx.a)
      0	      0	      0	      0	      0	rtc_15xx.o (ex liblpc_chip_15xx.a)
    318	      0	      0	    318	    13e	sct_15xx.o (ex liblpc_chip_15xx.a)
    412	      0	      0	    412	    19c	sct_pwm_15xx.o (ex liblpc_chip_15xx.a)
    140	      0	      0	    140	     8c	sctipu_15xx.o (ex liblpc_chip_15xx.a)
   1766	      0	      0	   1766	    6e6	spi_15xx.o (ex liblpc_chip_15xx.a)
    328	      0	     12	    340	    154	stopwatch_15xx.o (ex liblpc_chip_15xx.a)
    356	      0	      0	    356	    164	swm_15xx.o (ex liblpc_chip_15xx.a)
    466	      0	      0	    466	    1d2	sysctl_15xx.o (ex liblpc_chip_15xx.a)
    420	      0	      0	    420	    1a4	sysinit_15xx.o (ex liblpc_chip_15xx.a)
   1116	      0	      0	   1116	    45c	uart_15xx.o (ex liblpc_chip_15xx.a)
    114	      0	      0	    114	     72	wwdt_15xx.o (ex liblpc_chip_15xx.a)
 
14:51:19 **** Incremental Build of configuration Debug for project usbd_rom_hid_generic ****
make -r -j8 all 
make[1]: Nothing to be done for 'main-build'.
Performing post-build steps
arm-none-eabi-size "usbd_rom_hid_generic.axf"; # arm-none-eabi-objcopy -v -O binary "usbd_rom_hid_generic.axf" "usbd_rom_hid_generic.bin" ; # checksum -p LPC1549 -d "usbd_rom_hid_generic.bin";
   text	   data	    bss	    dec	    hex	filename
   7828	     44	    500	   8372	   20b4	usbd_rom_hid_generic.axf
 
14:51:22 **** Incremental Build of configuration Debug for project usbd_rom_hid_generic ****
make -r -j8 all 
make[1]: Nothing to be done for 'main-build'.
Performing post-build steps
arm-none-eabi-size "usbd_rom_hid_generic.axf"; # arm-none-eabi-objcopy -v -O binary "usbd_rom_hid_generic.axf" "usbd_rom_hid_generic.bin" ; # checksum -p LPC1549 -d "usbd_rom_hid_generic.bin";
   text	   data	    bss	    dec	    hex	filename
   7828	     44	    500	   8372	   20b4	usbd_rom_hid_generic.axf
 
