14:51:22 **** Incremental Build of configuration Debug for project usbd_rom_hid_generic ****
make -r -j8 all 
make[1]: Nothing to be done for 'main-build'.
Performing post-build steps
arm-none-eabi-size "usbd_rom_hid_generic.axf"; # arm-none-eabi-objcopy -v -O binary "usbd_rom_hid_generic.axf" "usbd_rom_hid_generic.bin" ; # checksum -p LPC1549 -d "usbd_rom_hid_generic.bin";
   text	   data	    bss	    dec	    hex	filename
   7828	     44	    500	   8372	   20b4	usbd_rom_hid_generic.axf
 

14:51:22 Build Finished. 0 errors, 0 warnings. (took 405ms)

