D:\NXP\BP\LPC1549_USB_HID\lpc_chip_15xx\inc/core_cm3.h:1323:22:NVIC_EnableIRQ	16	static
D:\NXP\BP\LPC1549_USB_HID\lpc_chip_15xx\inc/core_cm3.h:1405:22:NVIC_SetPriority	16	static
D:\NXP\BP\LPC1549_USB_HID\lpc_chip_15xx\inc/core_cm3.h:1532:26:SysTick_Config	16	static
D:\NXP\BP\LPC1549_USB_HID\usbd_rom_hid_keyboard\example\inc/ms_timer.h:62:20:systick_init	8	static
../example/src/hid_main.c:62:6:USB_IRQHandler	8	static
../example/src/hid_main.c:68:27:find_IntfDesc	32	static
../example/src/hid_main.c:99:5:main	104	static
