21:48:40 **** Incremental Build of configuration Debug for project usbd_rom_hid_keyboard ****
make -r -j8 all 
make[1]: Nothing to be done for 'main-build'.
Performing post-build steps
arm-none-eabi-size "usbd_rom_hid_keyboard.axf"; # arm-none-eabi-objcopy -v -O binary "usbd_rom_hid_keyboard.axf" "usbd_rom_hid_keyboard.bin" ; # checksum -p LPC1549 -d "usbd_rom_hid_keyboard.bin";
   text	   data	    bss	    dec	    hex	filename
   8332	     36	    520	   8888	   22b8	usbd_rom_hid_keyboard.axf
 

21:48:41 Build Finished. 0 errors, 0 warnings. (took 355ms)

