D:\NXP\BP\lpc_chip_15xx\inc/core_cm3.h:1323:22:NVIC_EnableIRQ	16	static
D:\NXP\BP\lpc_chip_15xx\inc/sysctl_15xx.h:473:20:Chip_SYSCTL_EnableERP1PeriphWakeup	16	static
D:\NXP\BP\lpc_chip_15xx\inc/clock_15xx.h:610:20:Chip_Clock_EnableRTCOsc	4	static
D:\NXP\BP\lpc_chip_15xx\inc/rtc_15xx.h:69:20:Chip_RTC_Init	16	static
D:\NXP\BP\lpc_chip_15xx\inc/rtc_15xx.h:94:20:Chip_RTC_EnableOptions	16	static
D:\NXP\BP\lpc_chip_15xx\inc/rtc_15xx.h:109:20:Chip_RTC_DisableOptions	16	static
D:\NXP\BP\lpc_chip_15xx\inc/rtc_15xx.h:120:20:Chip_RTC_Reset	16	static
D:\NXP\BP\lpc_chip_15xx\inc/rtc_15xx.h:133:20:Chip_RTC_Enable	16	static
D:\NXP\BP\lpc_chip_15xx\inc/rtc_15xx.h:145:20:Chip_RTC_Disable	16	static
D:\NXP\BP\lpc_chip_15xx\inc/rtc_15xx.h:158:20:Chip_RTC_Enable1KHZ	16	static
D:\NXP\BP\lpc_chip_15xx\inc/rtc_15xx.h:186:20:Chip_RTC_EnableWakeup	16	static
D:\NXP\BP\lpc_chip_15xx\inc/rtc_15xx.h:214:24:Chip_RTC_ClearStatus	16	static
D:\NXP\BP\lpc_chip_15xx\inc/rtc_15xx.h:227:24:Chip_RTC_GetStatus	16	static
D:\NXP\BP\lpc_chip_15xx\inc/rtc_15xx.h:238:20:Chip_RTC_SetAlarm	16	static
D:\NXP\BP\lpc_chip_15xx\inc/rtc_15xx.h:262:20:Chip_RTC_SetCount	16	static
D:\NXP\BP\lpc_chip_15xx\inc/rtc_15xx.h:272:24:Chip_RTC_GetCount	16	static
D:\NXP\BP\lpc_chip_15xx\inc/rtc_15xx.h:285:20:Chip_RTC_SetWake	16	static
../example/src/rtc.c:61:6:RTC_ALARM_IRQHandler	16	static
../example/src/rtc.c:84:6:RTC_WAKE_IRQHandler	16	static
../example/src/rtc.c:107:5:main	16	static
